Archive member included to satisfy reference by file (symbol)

c:/progra~2/gnuarm~1/102021~1.07/bin/../lib/gcc/arm-none-eabi/10.3.1/thumb/v6-m/nofp\libgcc.a(_dvmd_tls.o)
                              CMakeFiles/servo.dir/C_/pico/pico-sdk/src/rp2_common/pico_divider/divider.S.obj (__aeabi_idiv0)
c:/progra~2/gnuarm~1/102021~1.07/bin/../lib/gcc/arm-none-eabi/10.3.1/../../../../arm-none-eabi/lib/thumb/v6-m/nofp\libg.a(lib_a-calloc.o)
                              CMakeFiles/servo.dir/C_/pico/pico-sdk/src/rp2_common/pico_malloc/pico_malloc.c.obj (calloc)
c:/progra~2/gnuarm~1/102021~1.07/bin/../lib/gcc/arm-none-eabi/10.3.1/../../../../arm-none-eabi/lib/thumb/v6-m/nofp\libg.a(lib_a-callocr.o)
                              c:/progra~2/gnuarm~1/102021~1.07/bin/../lib/gcc/arm-none-eabi/10.3.1/../../../../arm-none-eabi/lib/thumb/v6-m/nofp\libg.a(lib_a-calloc.o) (_calloc_r)
c:/progra~2/gnuarm~1/102021~1.07/bin/../lib/gcc/arm-none-eabi/10.3.1/../../../../arm-none-eabi/lib/thumb/v6-m/nofp\libg.a(lib_a-ctype_.o)
                              CMakeFiles/servo.dir/C_/pico/pico-sdk/lib/tinyusb/src/tusb.c.obj (_ctype_)
c:/progra~2/gnuarm~1/102021~1.07/bin/../lib/gcc/arm-none-eabi/10.3.1/../../../../arm-none-eabi/lib/thumb/v6-m/nofp\libg.a(lib_a-errno.o)
                              c:/progra~2/gnuarm~1/102021~1.07/bin/../lib/gcc/arm-none-eabi/10.3.1/../../../../arm-none-eabi/lib/thumb/v6-m/nofp\libg.a(lib_a-callocr.o) (__errno)
c:/progra~2/gnuarm~1/102021~1.07/bin/../lib/gcc/arm-none-eabi/10.3.1/../../../../arm-none-eabi/lib/thumb/v6-m/nofp\libg.a(lib_a-impure.o)
                              c:/progra~2/gnuarm~1/102021~1.07/bin/../lib/gcc/arm-none-eabi/10.3.1/../../../../arm-none-eabi/lib/thumb/v6-m/nofp\libg.a(lib_a-calloc.o) (_impure_ptr)
c:/progra~2/gnuarm~1/102021~1.07/bin/../lib/gcc/arm-none-eabi/10.3.1/../../../../arm-none-eabi/lib/thumb/v6-m/nofp\libg.a(lib_a-init.o)
                              c:/progra~2/gnuarm~1/102021~1.07/bin/../lib/gcc/arm-none-eabi/10.3.1/../../../../arm-none-eabi/lib/thumb/v6-m/nofp/crt0.o (__libc_init_array)
c:/progra~2/gnuarm~1/102021~1.07/bin/../lib/gcc/arm-none-eabi/10.3.1/../../../../arm-none-eabi/lib/thumb/v6-m/nofp\libg.a(lib_a-malloc.o)
                              CMakeFiles/servo.dir/C_/pico/pico-sdk/src/rp2_common/pico_malloc/pico_malloc.c.obj (malloc)
c:/progra~2/gnuarm~1/102021~1.07/bin/../lib/gcc/arm-none-eabi/10.3.1/../../../../arm-none-eabi/lib/thumb/v6-m/nofp\libg.a(lib_a-mallocr.o)
                              c:/progra~2/gnuarm~1/102021~1.07/bin/../lib/gcc/arm-none-eabi/10.3.1/../../../../arm-none-eabi/lib/thumb/v6-m/nofp\libg.a(lib_a-callocr.o) (_malloc_r)
c:/progra~2/gnuarm~1/102021~1.07/bin/../lib/gcc/arm-none-eabi/10.3.1/../../../../arm-none-eabi/lib/thumb/v6-m/nofp\libg.a(lib_a-mlock.o)
                              c:/progra~2/gnuarm~1/102021~1.07/bin/../lib/gcc/arm-none-eabi/10.3.1/../../../../arm-none-eabi/lib/thumb/v6-m/nofp\libg.a(lib_a-mallocr.o) (__malloc_lock)
c:/progra~2/gnuarm~1/102021~1.07/bin/../lib/gcc/arm-none-eabi/10.3.1/../../../../arm-none-eabi/lib/thumb/v6-m/nofp\libg.a(lib_a-sbrkr.o)
                              c:/progra~2/gnuarm~1/102021~1.07/bin/../lib/gcc/arm-none-eabi/10.3.1/../../../../arm-none-eabi/lib/thumb/v6-m/nofp\libg.a(lib_a-mallocr.o) (_sbrk_r)
c:/progra~2/gnuarm~1/102021~1.07/bin/../lib/gcc/arm-none-eabi/10.3.1/../../../../arm-none-eabi/lib/thumb/v6-m/nofp\libg.a(lib_a-strlen-stub.o)
                              CMakeFiles/servo.dir/C_/pico/pico-sdk/src/rp2_common/pico_stdio/stdio.c.obj (strlen)
c:/progra~2/gnuarm~1/102021~1.07/bin/../lib/gcc/arm-none-eabi/10.3.1/../../../../arm-none-eabi/lib/thumb/v6-m/nofp\libg.a(lib_a-freer.o)
                              c:/progra~2/gnuarm~1/102021~1.07/bin/../lib/gcc/arm-none-eabi/10.3.1/../../../../arm-none-eabi/lib/thumb/v6-m/nofp\libg.a(lib_a-malloc.o) (_free_r)
c:/progra~2/gnuarm~1/102021~1.07/bin/../lib/gcc/arm-none-eabi/10.3.1/../../../../arm-none-eabi/lib/thumb/v6-m/nofp\libg.a(lib_a-lock.o)
                              c:/progra~2/gnuarm~1/102021~1.07/bin/../lib/gcc/arm-none-eabi/10.3.1/../../../../arm-none-eabi/lib/thumb/v6-m/nofp\libg.a(lib_a-mlock.o) (__retarget_lock_acquire_recursive)
c:/progra~2/gnuarm~1/102021~1.07/bin/../lib/gcc/arm-none-eabi/10.3.1/../../../../arm-none-eabi/lib/thumb/v6-m/nofp\libg.a(lib_a-reent.o)
                              c:/progra~2/gnuarm~1/102021~1.07/bin/../lib/gcc/arm-none-eabi/10.3.1/../../../../arm-none-eabi/lib/thumb/v6-m/nofp\libg.a(lib_a-sbrkr.o) (errno)

Discarded input sections

 .text          0x00000000        0x0 c:/progra~2/gnuarm~1/102021~1.07/bin/../lib/gcc/arm-none-eabi/10.3.1/thumb/v6-m/nofp/crti.o
 .data          0x00000000        0x0 c:/progra~2/gnuarm~1/102021~1.07/bin/../lib/gcc/arm-none-eabi/10.3.1/thumb/v6-m/nofp/crti.o
 .bss           0x00000000        0x0 c:/progra~2/gnuarm~1/102021~1.07/bin/../lib/gcc/arm-none-eabi/10.3.1/thumb/v6-m/nofp/crti.o
[...]
Memory Configuration

Name             Origin             Length             Attributes
FLASH            0x10000000         0x00200000         xr
RAM              0x20000000         0x00040000         xrw
SCRATCH_X        0x20040000         0x00001000         xrw
SCRATCH_Y        0x20041000         0x00001000         xrw
*default*        0x00000000         0xffffffff

Linker script and memory map

LOAD c:/progra~2/gnuarm~1/102021~1.07/bin/../lib/gcc/arm-none-eabi/10.3.1/thumb/v6-m/nofp/crti.o
LOAD c:/progra~2/gnuarm~1/102021~1.07/bin/../lib/gcc/arm-none-eabi/10.3.1/thumb/v6-m/nofp/crtbegin.o
LOAD c:/progra~2/gnuarm~1/102021~1.07/bin/../lib/gcc/arm-none-eabi/10.3.1/../../../../arm-none-eabi/lib/thumb/v6-m/nofp/crt0.o

.flash_begin    0x10000000        0x0
                0x10000000                __flash_binary_start = .

.boot2          0x10000000      0x100
                0x10000000                __boot2_start__ = .
 *(.boot2)
 .boot2         0x10000000      0x100 C:\Users\haune\AppData\Local\Temp\ccMZPhs2.o
                0x10000100                __boot2_end__ = .
                0x00000001                ASSERT (((__boot2_end__ - __boot2_start__) == 0x100), ERROR: Pico second stage bootloader must be 256 bytes in size)

.text           0x10000100     0x6f50
                0x10000100                __logical_binary_start = .
 *(.vectors)
 .vectors       0x10000100       0xd4 CMakeFiles/servo.dir/C_/pico/pico-sdk/src/rp2_common/pico_standard_link/crt0.S.obj
                0x10000100                __VECTOR_TABLE
                0x10000100                __vectors
                0x100001c0                isr_invalid
                0x100001c0                __default_isrs_start
                0x100001c2                isr_nmi
                0x100001c4                isr_hardfault
                0x100001c6                isr_svcall
                0x100001c8                isr_pendsv
                0x100001ca                isr_systick
                0x100001cc                isr_irq23
                0x100001cc                isr_irq18
                0x100001cc                isr_irq11
                0x100001cc                isr_irq28
                0x100001cc                isr_irq19
                0x100001cc                isr_irq0
                0x100001cc                isr_irq6
                0x100001cc                isr_irq5
                0x100001cc                isr_irq12
                0x100001cc                isr_irq22
                0x100001cc                isr_irq31
                0x100001cc                isr_irq17
                0x100001cc                isr_irq27
                0x100001cc                isr_irq30
                0x100001cc                isr_irq2
                0x100001cc                isr_irq10
                0x100001cc                isr_irq8
                0x100001cc                isr_irq24
                0x100001cc                isr_irq1
                0x100001cc                isr_irq7
                0x100001cc                isr_irq21
                0x100001cc                isr_irq20
                0x100001cc                isr_irq15
                0x100001cc                isr_irq25
                0x100001cc                isr_irq13
                0x100001cc                __unhandled_user_irq
                0x100001cc                isr_irq4
                0x100001cc                isr_irq16
                0x100001cc                isr_irq29
                0x100001cc                isr_irq26
                0x100001cc                __default_isrs_end
                0x100001cc                isr_irq3
                0x100001cc                isr_irq14
                0x100001cc                isr_irq9
                0x100001d2                unhandled_user_irq_num_in_r0
 *(.binary_info_header)
 .binary_info_header
                0x100001d4       0x14 CMakeFiles/servo.dir/C_/pico/pico-sdk/src/rp2_common/pico_standard_link/crt0.S.obj
                0x100001e8                __binary_info_header_end = .
 *(.reset)
 .reset         0x100001e8       0xa8 CMakeFiles/servo.dir/C_/pico/pico-sdk/src/rp2_common/pico_standard_link/crt0.S.obj
                0x100001e8                _entry_point
                0x10000266                __get_current_exception
 .reset         0x10000290       0x30 CMakeFiles/servo.dir/C_/pico/pico-sdk/src/rp2_common/pico_standard_link/binary_info.c.obj
 *(.init)
 .init          0x100002c0        0x4 c:/progra~2/gnuarm~1/102021~1.07/bin/../lib/gcc/arm-none-eabi/10.3.1/thumb/v6-m/nofp/crti.o
                0x100002c0                _init
 *(EXCLUDE_FILE(*libm.a: *libc.a:*lib_a-mem*.o *libgcc.a:) .text*)
 .text          0x100002c4       0x48 c:/progra~2/gnuarm~1/102021~1.07/bin/../lib/gcc/arm-none-eabi/10.3.1/thumb/v6-m/nofp/crtbegin.o
 .text.main     0x1000030c       0x94 CMakeFiles/servo.dir/main.cpp.obj
                0x1000030c                main
 .text.gpio_set_function
                0x100003a0       0x30 CMakeFiles/servo.dir/C_/pico/pico-sdk/src/rp2_common/hardware_gpio/gpio.c.obj
                0x100003a0                gpio_set_function
 .text.hw_claim_lock
                0x100003d0       0x18 CMakeFiles/servo.dir/C_/pico/pico-sdk/src/rp2_common/hardware_claim/claim.c.obj
                0x100003d0                hw_claim_lock
 .text.hw_claim_unlock
                0x100003e8       0x14 CMakeFiles/servo.dir/C_/pico/pico-sdk/src/rp2_common/hardware_claim/claim.c.obj
                0x100003e8                hw_claim_unlock
 .text.hw_claim_or_assert
                0x100003fc       0x32 CMakeFiles/servo.dir/C_/pico/pico-sdk/src/rp2_common/hardware_claim/claim.c.obj
                0x100003fc                hw_claim_or_assert
 .text.hw_claim_unused_from_range
                0x1000042e       0x50 CMakeFiles/servo.dir/C_/pico/pico-sdk/src/rp2_common/hardware_claim/claim.c.obj
                0x1000042e                hw_claim_unused_from_range
 *fill*         0x1000047e        0x2 
 .text.running_on_fpga
                0x10000480       0x14 CMakeFiles/servo.dir/C_/pico/pico-sdk/src/rp2_common/pico_platform/platform.c.obj
                0x10000480                running_on_fpga
 .text.spin_locks_reset
                0x10000494       0x20 CMakeFiles/servo.dir/C_/pico/pico-sdk/src/rp2_common/hardware_sync/sync.c.obj
                0x10000494                spin_locks_reset
 .text.next_striped_spin_lock_num
                0x100004b4       0x1c CMakeFiles/servo.dir/C_/pico/pico-sdk/src/rp2_common/hardware_sync/sync.c.obj
                0x100004b4                next_striped_spin_lock_num
 .text.spin_lock_claim_unused
                0x100004d0       0x20 CMakeFiles/servo.dir/C_/pico/pico-sdk/src/rp2_common/hardware_sync/sync.c.obj
                0x100004d0                spin_lock_claim_unused
 .text.alarm_pool_post_alloc_init
                0x100004f0       0x40 CMakeFiles/servo.dir/C_/pico/pico-sdk/src/common/pico_time/time.c.obj
 .text.sleep_until_callback
                0x10000530       0x30 CMakeFiles/servo.dir/C_/pico/pico-sdk/src/common/pico_time/time.c.obj
 .text.timer_pool_entry_comparator
                0x10000560       0x7c CMakeFiles/servo.dir/C_/pico/pico-sdk/src/common/pico_time/time.c.obj
                0x10000560                timer_pool_entry_comparator
 .text.ph_add_child_node
                0x100005dc       0xa4 CMakeFiles/servo.dir/C_/pico/pico-sdk/src/common/pico_time/time.c.obj
 .text.ph_merge_nodes
                0x10000680       0x3e CMakeFiles/servo.dir/C_/pico/pico-sdk/src/common/pico_time/time.c.obj
 *fill*         0x100006be        0x2 
 .text.add_alarm_under_lock
                0x100006c0      0x174 CMakeFiles/servo.dir/C_/pico/pico-sdk/src/common/pico_time/time.c.obj
 .text.alarm_pool_alarm_callback
                0x10000834      0x328 CMakeFiles/servo.dir/C_/pico/pico-sdk/src/common/pico_time/time.c.obj
 .text.alarm_pool_init_default
                0x10000b5c       0x38 CMakeFiles/servo.dir/C_/pico/pico-sdk/src/common/pico_time/time.c.obj
                0x10000b5c                alarm_pool_init_default
 .text.alarm_pool_get_default
                0x10000b94       0x2c CMakeFiles/servo.dir/C_/pico/pico-sdk/src/common/pico_time/time.c.obj
                0x10000b94                alarm_pool_get_default
 .text.alarm_pool_add_alarm_at
                0x10000bc0      0x170 CMakeFiles/servo.dir/C_/pico/pico-sdk/src/common/pico_time/time.c.obj
                0x10000bc0                alarm_pool_add_alarm_at
 .text.alarm_pool_cancel_alarm
                0x10000d30       0xec CMakeFiles/servo.dir/C_/pico/pico-sdk/src/common/pico_time/time.c.obj
                0x10000d30                alarm_pool_cancel_alarm
 .text.sleep_until
                0x10000e1c       0xfc CMakeFiles/servo.dir/C_/pico/pico-sdk/src/common/pico_time/time.c.obj
                0x10000e1c                sleep_until
 .text.sleep_us
                0x10000f18       0x58 CMakeFiles/servo.dir/C_/pico/pico-sdk/src/common/pico_time/time.c.obj
                0x10000f18                sleep_us
 .text.sleep_ms
                0x10000f70       0x14 CMakeFiles/servo.dir/C_/pico/pico-sdk/src/common/pico_time/time.c.obj
                0x10000f70                sleep_ms
 .text.best_effort_wfe_or_timeout
                0x10000f84       0x80 CMakeFiles/servo.dir/C_/pico/pico-sdk/src/common/pico_time/time.c.obj
                0x10000f84                best_effort_wfe_or_timeout
 .text.hardware_alarm_irq_handler
                0x10001004       0x8c CMakeFiles/servo.dir/C_/pico/pico-sdk/src/rp2_common/hardware_timer/timer.c.obj
 .text.hardware_alarm_claim
                0x10001090       0x18 CMakeFiles/servo.dir/C_/pico/pico-sdk/src/rp2_common/hardware_timer/timer.c.obj
                0x10001090                hardware_alarm_claim
 .text.time_us_64
                0x100010a8       0x18 CMakeFiles/servo.dir/C_/pico/pico-sdk/src/rp2_common/hardware_timer/timer.c.obj
                0x100010a8                time_us_64
 .text.busy_wait_until
                0x100010c0       0x28 CMakeFiles/servo.dir/C_/pico/pico-sdk/src/rp2_common/hardware_timer/timer.c.obj
                0x100010c0                busy_wait_until
 .text.hardware_alarm_set_callback
                0x100010e8       0x90 CMakeFiles/servo.dir/C_/pico/pico-sdk/src/rp2_common/hardware_timer/timer.c.obj
                0x100010e8                hardware_alarm_set_callback
 .text.hardware_alarm_set_target
                0x10001178       0xe8 CMakeFiles/servo.dir/C_/pico/pico-sdk/src/rp2_common/hardware_timer/timer.c.obj
                0x10001178                hardware_alarm_set_target
 .text.hardware_alarm_cancel
                0x10001260       0x40 CMakeFiles/servo.dir/C_/pico/pico-sdk/src/rp2_common/hardware_timer/timer.c.obj
                0x10001260                hardware_alarm_cancel
 .text.lock_init
                0x100012a0       0x10 CMakeFiles/servo.dir/C_/pico/pico-sdk/src/common/pico_sync/lock_core.c.obj
                0x100012a0                lock_init
 .text.mutex_init_internal
                0x100012b0       0x1e CMakeFiles/servo.dir/C_/pico/pico-sdk/src/common/pico_sync/mutex.c.obj
 .text.mutex_init
                0x100012ce        0xa CMakeFiles/servo.dir/C_/pico/pico-sdk/src/common/pico_sync/mutex.c.obj
                0x100012ce                mutex_init
 .text.recursive_mutex_init
                0x100012d8        0xa CMakeFiles/servo.dir/C_/pico/pico-sdk/src/common/pico_sync/mutex.c.obj
                0x100012d8                recursive_mutex_init
 *fill*         0x100012e2        0x2 
 .text.critical_section_init_with_lock_num
                0x100012e4       0x14 CMakeFiles/servo.dir/C_/pico/pico-sdk/src/common/pico_sync/critical_section.c.obj
                0x100012e4                critical_section_init_with_lock_num
 .text.critical_section_init
                0x100012f8       0x14 CMakeFiles/servo.dir/C_/pico/pico-sdk/src/common/pico_sync/critical_section.c.obj
                0x100012f8                critical_section_init
 .text.ph_add_child_node
                0x1000130c       0xa4 CMakeFiles/servo.dir/C_/pico/pico-sdk/src/common/pico_util/pheap.c.obj
 .text.ph_merge_nodes
                0x100013b0       0x3e CMakeFiles/servo.dir/C_/pico/pico-sdk/src/common/pico_util/pheap.c.obj
 *fill*         0x100013ee        0x2 
 .text.ph_clear
                0x100013f0       0x70 CMakeFiles/servo.dir/C_/pico/pico-sdk/src/common/pico_util/pheap.c.obj
                0x100013f0                ph_clear
 .text.ph_post_alloc_init
                0x10001460        0xe CMakeFiles/servo.dir/C_/pico/pico-sdk/src/common/pico_util/pheap.c.obj
                0x10001460                ph_post_alloc_init
 *fill*         0x1000146e        0x2 
 .text.ph_merge_two_pass
                0x10001470       0xa8 CMakeFiles/servo.dir/C_/pico/pico-sdk/src/common/pico_util/pheap.c.obj
                0x10001470                ph_merge_two_pass
 .text.ph_remove_any_head
                0x10001518      0x108 CMakeFiles/servo.dir/C_/pico/pico-sdk/src/common/pico_util/pheap.c.obj
 .text.ph_remove_head
                0x10001620       0x14 CMakeFiles/servo.dir/C_/pico/pico-sdk/src/common/pico_util/pheap.c.obj
                0x10001620                ph_remove_head
 .text.ph_remove_and_free_node
                0x10001634       0xf8 CMakeFiles/servo.dir/C_/pico/pico-sdk/src/common/pico_util/pheap.c.obj
                0x10001634                ph_remove_and_free_node
 .text.runtime_init
                0x1000172c       0xd8 CMakeFiles/servo.dir/C_/pico/pico-sdk/src/rp2_common/pico_runtime/runtime.c.obj
                0x1000172c                runtime_init
 .text._exit    0x10001804        0x4 CMakeFiles/servo.dir/C_/pico/pico-sdk/src/rp2_common/pico_runtime/runtime.c.obj
                0x10001804                _exit
 .text.exit     0x10001808        0x6 CMakeFiles/servo.dir/C_/pico/pico-sdk/src/rp2_common/pico_runtime/runtime.c.obj
                0x10001808                exit
 *fill*         0x1000180e        0x2 
 .text.__assert_func
                0x10001810       0x3c CMakeFiles/servo.dir/C_/pico/pico-sdk/src/rp2_common/pico_runtime/runtime.c.obj
                0x10001810                __assert_func
 .text.panic    0x1000184c       0x30 CMakeFiles/servo.dir/C_/pico/pico-sdk/src/rp2_common/pico_runtime/runtime.c.obj
                0x1000184c                panic
 .text.clock_configure
                0x1000187c      0x104 CMakeFiles/servo.dir/C_/pico/pico-sdk/src/rp2_common/hardware_clocks/clocks.c.obj
                0x1000187c                clock_configure
 .text.clocks_init
                0x10001980      0x100 CMakeFiles/servo.dir/C_/pico/pico-sdk/src/rp2_common/hardware_clocks/clocks.c.obj
                0x10001980                clocks_init
 .text.set_raw_irq_handler_and_unlock
                0x10001a80       0x28 CMakeFiles/servo.dir/C_/pico/pico-sdk/src/rp2_common/hardware_irq/irq.c.obj
 .text.make_branch
                0x10001aa8       0x34 CMakeFiles/servo.dir/C_/pico/pico-sdk/src/rp2_common/hardware_irq/irq.c.obj
 .text.insert_branch_and_link
                0x10001adc       0x40 CMakeFiles/servo.dir/C_/pico/pico-sdk/src/rp2_common/hardware_irq/irq.c.obj
 .text.irq_is_enabled
                0x10001b1c       0x18 CMakeFiles/servo.dir/C_/pico/pico-sdk/src/rp2_common/hardware_irq/irq.c.obj
                0x10001b1c                irq_is_enabled
 .text.irq_set_mask_enabled
                0x10001b34       0x20 CMakeFiles/servo.dir/C_/pico/pico-sdk/src/rp2_common/hardware_irq/irq.c.obj
                0x10001b34                irq_set_mask_enabled
 .text.irq_set_enabled
                0x10001b54        0xe CMakeFiles/servo.dir/C_/pico/pico-sdk/src/rp2_common/hardware_irq/irq.c.obj
                0x10001b54                irq_set_enabled
 *fill*         0x10001b62        0x2 
 .text.irq_set_pending
                0x10001b64       0x10 CMakeFiles/servo.dir/C_/pico/pico-sdk/src/rp2_common/hardware_irq/irq.c.obj
                0x10001b64                irq_set_pending
 .text.irq_get_vtable_handler
                0x10001b74       0x10 CMakeFiles/servo.dir/C_/pico/pico-sdk/src/rp2_common/hardware_irq/irq.c.obj
                0x10001b74                irq_get_vtable_handler
 .text.irq_set_exclusive_handler
                0x10001b84       0x54 CMakeFiles/servo.dir/C_/pico/pico-sdk/src/rp2_common/hardware_irq/irq.c.obj
                0x10001b84                irq_set_exclusive_handler
 .text.irq_remove_handler
                0x10001bd8      0x1ac CMakeFiles/servo.dir/C_/pico/pico-sdk/src/rp2_common/hardware_irq/irq.c.obj
                0x10001bd8                irq_remove_handler
 .text.irq_set_priority
                0x10001d84       0x28 CMakeFiles/servo.dir/C_/pico/pico-sdk/src/rp2_common/hardware_irq/irq.c.obj
                0x10001d84                irq_set_priority
 .text.irq_add_tail_to_free_list
                0x10001dac       0xf0 CMakeFiles/servo.dir/C_/pico/pico-sdk/src/rp2_common/hardware_irq/irq.c.obj
                0x10001dac                irq_add_tail_to_free_list
 .text.irq_init_priorities
                0x10001e9c       0x16 CMakeFiles/servo.dir/C_/pico/pico-sdk/src/rp2_common/hardware_irq/irq.c.obj
                0x10001e9c                irq_init_priorities
 *fill*         0x10001eb2        0x2 
 .text.pll_init
                0x10001eb4      0x118 CMakeFiles/servo.dir/C_/pico/pico-sdk/src/rp2_common/hardware_pll/pll.c.obj
                0x10001eb4                pll_init
 .text.watchdog_start_tick
                0x10001fcc       0x10 CMakeFiles/servo.dir/C_/pico/pico-sdk/src/rp2_common/hardware_watchdog/watchdog.c.obj
                0x10001fcc                watchdog_start_tick
 .text.watchdog_update
                0x10001fdc       0x14 CMakeFiles/servo.dir/C_/pico/pico-sdk/src/rp2_common/hardware_watchdog/watchdog.c.obj
                0x10001fdc                watchdog_update
 .text._watchdog_enable
                0x10001ff0       0x70 CMakeFiles/servo.dir/C_/pico/pico-sdk/src/rp2_common/hardware_watchdog/watchdog.c.obj
                0x10001ff0                _watchdog_enable
 .text.watchdog_reboot
                0x10002060       0x48 CMakeFiles/servo.dir/C_/pico/pico-sdk/src/rp2_common/hardware_watchdog/watchdog.c.obj
                0x10002060                watchdog_reboot
 .text.xosc_init
                0x100020a8       0x28 CMakeFiles/servo.dir/C_/pico/pico-sdk/src/rp2_common/hardware_xosc/xosc.c.obj
                0x100020a8                xosc_init
 .text._out_null
                0x100020d0        0x2 CMakeFiles/servo.dir/C_/pico/pico-sdk/src/rp2_common/pico_printf/printf.c.obj
 .text._out_fct
                0x100020d2        0xe CMakeFiles/servo.dir/C_/pico/pico-sdk/src/rp2_common/pico_printf/printf.c.obj
 .text._atoi    0x100020e0       0x24 CMakeFiles/servo.dir/C_/pico/pico-sdk/src/rp2_common/pico_printf/printf.c.obj
 .text._out_rev
                0x10002104       0xae CMakeFiles/servo.dir/C_/pico/pico-sdk/src/rp2_common/pico_printf/printf.c.obj
 .text._ntoa_format
                0x100021b2      0x112 CMakeFiles/servo.dir/C_/pico/pico-sdk/src/rp2_common/pico_printf/printf.c.obj
 .text._ntoa_long
                0x100022c4       0xbc CMakeFiles/servo.dir/C_/pico/pico-sdk/src/rp2_common/pico_printf/printf.c.obj
 .text._ntoa_long_long
                0x10002380       0xe2 CMakeFiles/servo.dir/C_/pico/pico-sdk/src/rp2_common/pico_printf/printf.c.obj
 *fill*         0x10002462        0x2 
 .text._etoa    0x10002464      0x414 CMakeFiles/servo.dir/C_/pico/pico-sdk/src/rp2_common/pico_printf/printf.c.obj
 .text._ftoa    0x10002878      0x354 CMakeFiles/servo.dir/C_/pico/pico-sdk/src/rp2_common/pico_printf/printf.c.obj
 .text._vsnprintf
                0x10002bcc      0x624 CMakeFiles/servo.dir/C_/pico/pico-sdk/src/rp2_common/pico_printf/printf.c.obj
 .text.vfctprintf
                0x100031f0       0x20 CMakeFiles/servo.dir/C_/pico/pico-sdk/src/rp2_common/pico_printf/printf.c.obj
                0x100031f0                vfctprintf
 .text          0x10003210       0x10 CMakeFiles/servo.dir/C_/pico/pico-sdk/src/rp2_common/pico_bit_ops/bit_ops_aeabi.S.obj
 .text.rom_func_lookup
                0x10003220       0x10 CMakeFiles/servo.dir/C_/pico/pico-sdk/src/rp2_common/pico_bootrom/bootrom.c.obj
                0x10003220                rom_func_lookup
 .text.rom_data_lookup
                0x10003230       0x10 CMakeFiles/servo.dir/C_/pico/pico-sdk/src/rp2_common/pico_bootrom/bootrom.c.obj
                0x10003230                rom_data_lookup
 .text.rom_funcs_lookup
                0x10003240       0x36 CMakeFiles/servo.dir/C_/pico/pico-sdk/src/rp2_common/pico_bootrom/bootrom.c.obj
                0x10003240                rom_funcs_lookup
 *fill*         0x10003276        0x2 
 .text.__wrap___aeabi_idiv
                0x10003278       0x50 CMakeFiles/servo.dir/C_/pico/pico-sdk/src/rp2_common/pico_divider/divider.S.obj
                0x10003278                __wrap___aeabi_idivmod
                0x10003278                divmod_s32s32
                0x10003278                div_s32s32
                0x10003278                __wrap___aeabi_idiv
                0x10003280                divmod_s32s32_unsafe
                0x100032ac                divmod_s32s32_savestate
 .text.__wrap___aeabi_uidiv
                0x100032c8       0x4c CMakeFiles/servo.dir/C_/pico/pico-sdk/src/rp2_common/pico_divider/divider.S.obj
                0x100032c8                __wrap___aeabi_uidiv
                0x100032c8                __wrap___aeabi_uidivmod
                0x100032c8                div_u32u32
                0x100032c8                divmod_u32u32
                0x100032d0                divmod_u32u32_unsafe
                0x100032f8                divmod_u32u32_savestate
 .text.__wrap___aeabi_ldiv
                0x10003314      0x430 CMakeFiles/servo.dir/C_/pico/pico-sdk/src/rp2_common/pico_divider/divider.S.obj
                0x10003314                div_s64s64
                0x10003314                divmod_s64s64
                0x10003314                __wrap___aeabi_ldivmod
                0x1000334c                divmod_u64u64
                0x1000334c                div_u64u64
                0x1000334c                __wrap___aeabi_uldivmod
                0x1000335c                divmod_u64u64_savestate
                0x10003384                divmod_s64s64_unsafe
                0x1000340c                divmod_u64u64_unsafe
 .text.__wrap___aeabi_darithmetic
                0x10003744       0x80 CMakeFiles/servo.dir/C_/pico/pico-sdk/src/rp2_common/pico_double/double_aeabi.S.obj
                0x10003744                __wrap___aeabi_drsub
                0x1000374a                __wrap___aeabi_dsub
                0x1000375c                __wrap___aeabi_dadd
                0x1000376e                __wrap___aeabi_ddiv
                0x100037aa                __wrap___aeabi_dmul
 .text.__wrap___aeabi_cdcmple
                0x100037c4       0x6c CMakeFiles/servo.dir/C_/pico/pico-sdk/src/rp2_common/pico_double/double_aeabi.S.obj
                0x100037c4                __wrap___aeabi_cdrcmple
                0x100037d4                __wrap___aeabi_cdcmpeq
                0x100037d4                __wrap___aeabi_cdcmple
 .text.__wrap___aeabi_dcmplt
                0x10003830        0xc CMakeFiles/servo.dir/C_/pico/pico-sdk/src/rp2_common/pico_double/double_aeabi.S.obj
                0x10003830                __wrap___aeabi_dcmplt
 .text.__wrap___aeabi_dcmple
                0x1000383c       0x10 CMakeFiles/servo.dir/C_/pico/pico-sdk/src/rp2_common/pico_double/double_aeabi.S.obj
                0x1000383c                __wrap___aeabi_dcmple
 .text.__wrap___aeabi_dcmpge
                0x1000384c       0x10 CMakeFiles/servo.dir/C_/pico/pico-sdk/src/rp2_common/pico_double/double_aeabi.S.obj
                0x1000384c                __wrap___aeabi_dcmpge
 .text.__wrap___aeabi_dcmpgt
                0x1000385c        0xa CMakeFiles/servo.dir/C_/pico/pico-sdk/src/rp2_common/pico_double/double_aeabi.S.obj
                0x1000385c                __wrap___aeabi_dcmpgt
 .text.__wrap___aeabi_dcmpun
                0x10003866       0x1c CMakeFiles/servo.dir/C_/pico/pico-sdk/src/rp2_common/pico_double/double_aeabi.S.obj
                0x10003866                __wrap___aeabi_dcmpun
 *fill*         0x10003882        0x2 
 .text.__wrap___aeabi_i2d
                0x10003884       0x38 CMakeFiles/servo.dir/C_/pico/pico-sdk/src/rp2_common/pico_double/double_aeabi.S.obj
                0x10003884                __wrap___aeabi_ui2d
                0x1000388c                __wrap___aeabi_i2d
 .text.__wrap___aeabi_d2iz
                0x100038bc       0x48 CMakeFiles/servo.dir/C_/pico/pico-sdk/src/rp2_common/pico_double/double_aeabi.S.obj
                0x100038bc                double2int_z
                0x100038bc                __wrap___aeabi_d2iz
 .text.__wrap___aeabi_d2uiz
                0x10003904       0x18 CMakeFiles/servo.dir/C_/pico/pico-sdk/src/rp2_common/pico_double/double_aeabi.S.obj
                0x10003904                __wrap___aeabi_d2uiz
                0x10003904                double2uint
 .text.__aeabi_double_init
                0x1000391c       0xb8 CMakeFiles/servo.dir/C_/pico/pico-sdk/src/rp2_common/pico_double/double_init_rom.c.obj
                0x1000391c                __aeabi_double_init
 .text.double_table_shim_on_use_helper
                0x100039d4       0x34 CMakeFiles/servo.dir/C_/pico/pico-sdk/src/rp2_common/pico_double/double_v1_rom_shim.S.obj
                0x100039d4                double_table_shim_on_use_helper
 .text.__wrap___aeabi_dsub
                0x10003a08       0x10 CMakeFiles/servo.dir/C_/pico/pico-sdk/src/rp2_common/pico_double/double_v1_rom_shim.S.obj
                0x10003a08                drsub_shim
                0x10003a0e                dsub_shim
 .text.dadd_shim
                0x10003a18      0x15c CMakeFiles/servo.dir/C_/pico/pico-sdk/src/rp2_common/pico_double/double_v1_rom_shim.S.obj
                0x10003a18                dadd_shim
 .text.dmul_shim
                0x10003b74      0x15c CMakeFiles/servo.dir/C_/pico/pico-sdk/src/rp2_common/pico_double/double_v1_rom_shim.S.obj
                0x10003b74                dmul_shim
 .text.ddiv_shim
                0x10003cd0      0x1b0 CMakeFiles/servo.dir/C_/pico/pico-sdk/src/rp2_common/pico_double/double_v1_rom_shim.S.obj
                0x10003cd0                ddiv_shim
 .text.dcordic_rot_step
                0x10003e80       0x7c CMakeFiles/servo.dir/C_/pico/pico-sdk/src/rp2_common/pico_double/double_v1_rom_shim.S.obj
                0x10003e80                dcordic_rot_step
 .text.double2uint_shim
                0x10003efc        0xe CMakeFiles/servo.dir/C_/pico/pico-sdk/src/rp2_common/pico_double/double_v1_rom_shim.S.obj
                0x10003efc                double2uint_shim
                0x10003efe                double2ufix_shim
 *fill*         0x10003f0a        0x2 
 .text.double2uint64_shim
                0x10003f0c       0x6c CMakeFiles/servo.dir/C_/pico/pico-sdk/src/rp2_common/pico_double/double_v1_rom_shim.S.obj
                0x10003f0c                double2uint64_shim
                0x10003f0e                double2ufix64_shim
                0x10003f28                d2fix_a
 .text.dunpacks
                0x10003f78       0x3c CMakeFiles/servo.dir/C_/pico/pico-sdk/src/rp2_common/pico_double/double_v1_rom_shim.S.obj
                0x10003f78                dunpacks
 .text.__aeabi_lmul
                0x10003fb4       0x32 CMakeFiles/servo.dir/C_/pico/pico-sdk/src/rp2_common/pico_int64_ops/pico_int64_ops_aeabi.S.obj
                0x10003fb4                __wrap___aeabi_lmul
 *fill*         0x10003fe6        0x2 
 .text.__aeabi_float_init
                0x10003fe8       0xfc CMakeFiles/servo.dir/C_/pico/pico-sdk/src/rp2_common/pico_float/float_init_rom.c.obj
                0x10003fe8                __aeabi_float_init
 .text.float_table_shim_on_use_helper
                0x100040e4       0x34 CMakeFiles/servo.dir/C_/pico/pico-sdk/src/rp2_common/pico_float/float_v1_rom_shim.S.obj
                0x100040e4                float_table_shim_on_use_helper
 .text          0x10004118       0x10 CMakeFiles/servo.dir/C_/pico/pico-sdk/src/rp2_common/pico_mem_ops/mem_ops_aeabi.S.obj
                0x10004118                __aeabi_mem_init
 .text.memset   0x10004128        0xc CMakeFiles/servo.dir/C_/pico/pico-sdk/src/rp2_common/pico_mem_ops/mem_ops_aeabi.S.obj
                0x10004128                __wrap_memset
 .text.memcpy   0x10004134        0xc CMakeFiles/servo.dir/C_/pico/pico-sdk/src/rp2_common/pico_mem_ops/mem_ops_aeabi.S.obj
                0x10004134                __wrap_memcpy
                0x10004134                __wrap___aeabi_memcpy
 .text.stdio_out_chars_crlf
                0x10004140       0x80 CMakeFiles/servo.dir/C_/pico/pico-sdk/src/rp2_common/pico_stdio/stdio.c.obj
 .text.stdio_stack_buffer_flush
                0x100041c0       0x44 CMakeFiles/servo.dir/C_/pico/pico-sdk/src/rp2_common/pico_stdio/stdio.c.obj
 .text.stdio_buffered_printer
                0x10004204       0x20 CMakeFiles/servo.dir/C_/pico/pico-sdk/src/rp2_common/pico_stdio/stdio.c.obj
 .text.stdout_serialize_begin
                0x10004224       0x30 CMakeFiles/servo.dir/C_/pico/pico-sdk/src/rp2_common/pico_stdio/stdio.c.obj
                0x10004224                stdout_serialize_begin
 .text.stdout_serialize_end
                0x10004254       0x10 CMakeFiles/servo.dir/C_/pico/pico-sdk/src/rp2_common/pico_stdio/stdio.c.obj
                0x10004254                stdout_serialize_end
 .text.stdio_put_string
                0x10004264       0x84 CMakeFiles/servo.dir/C_/pico/pico-sdk/src/rp2_common/pico_stdio/stdio.c.obj
 .text.stdio_set_driver_enabled
                0x100042e8       0x38 CMakeFiles/servo.dir/C_/pico/pico-sdk/src/rp2_common/pico_stdio/stdio.c.obj
                0x100042e8                stdio_set_driver_enabled
 .text.stdio_flush
                0x10004320       0x20 CMakeFiles/servo.dir/C_/pico/pico-sdk/src/rp2_common/pico_stdio/stdio.c.obj
                0x10004320                stdio_flush
 .text.__wrap_puts
                0x10004340       0x1c CMakeFiles/servo.dir/C_/pico/pico-sdk/src/rp2_common/pico_stdio/stdio.c.obj
                0x10004340                __wrap_puts
 .text.__wrap_vprintf
                0x1000435c       0x44 CMakeFiles/servo.dir/C_/pico/pico-sdk/src/rp2_common/pico_stdio/stdio.c.obj
                0x1000435c                __wrap_vprintf
 .text.__wrap_printf
                0x100043a0       0x18 CMakeFiles/servo.dir/C_/pico/pico-sdk/src/rp2_common/pico_stdio/stdio.c.obj
                0x100043a0                __wrap_printf
 .text.stdio_init_all
                0x100043b8        0x8 CMakeFiles/servo.dir/C_/pico/pico-sdk/src/rp2_common/pico_stdio/stdio.c.obj
                0x100043b8                stdio_init_all
 .text.resetd_init
                0x100043c0        0x2 CMakeFiles/servo.dir/C_/pico/pico-sdk/src/rp2_common/pico_stdio_usb/reset_interface.c.obj
 *fill*         0x100043c2        0x2 
 .text.resetd_reset
                0x100043c4        0xc CMakeFiles/servo.dir/C_/pico/pico-sdk/src/rp2_common/pico_stdio_usb/reset_interface.c.obj
 .text.resetd_open
                0x100043d0       0x34 CMakeFiles/servo.dir/C_/pico/pico-sdk/src/rp2_common/pico_stdio_usb/reset_interface.c.obj
 .text.resetd_xfer_cb
                0x10004404        0x4 CMakeFiles/servo.dir/C_/pico/pico-sdk/src/rp2_common/pico_stdio_usb/reset_interface.c.obj
 .text.reset_usb_boot
                0x10004408       0x18 CMakeFiles/servo.dir/C_/pico/pico-sdk/src/rp2_common/pico_stdio_usb/reset_interface.c.obj
 .text.resetd_control_xfer_cb
                0x10004420       0x5c CMakeFiles/servo.dir/C_/pico/pico-sdk/src/rp2_common/pico_stdio_usb/reset_interface.c.obj
 .text.usbd_app_driver_get_cb
                0x1000447c        0xc CMakeFiles/servo.dir/C_/pico/pico-sdk/src/rp2_common/pico_stdio_usb/reset_interface.c.obj
                0x1000447c                usbd_app_driver_get_cb
 .text.tud_cdc_line_coding_cb
                0x10004488       0x28 CMakeFiles/servo.dir/C_/pico/pico-sdk/src/rp2_common/pico_stdio_usb/reset_interface.c.obj
                0x10004488                tud_cdc_line_coding_cb
 .text.stdio_usb_in_chars
                0x100044b0       0x70 CMakeFiles/servo.dir/C_/pico/pico-sdk/src/rp2_common/pico_stdio_usb/stdio_usb.c.obj
                0x100044b0                stdio_usb_in_chars
 .text.low_priority_worker_irq
                0x10004520       0x20 CMakeFiles/servo.dir/C_/pico/pico-sdk/src/rp2_common/pico_stdio_usb/stdio_usb.c.obj
 .text.stdio_usb_out_chars
                0x10004540       0xd4 CMakeFiles/servo.dir/C_/pico/pico-sdk/src/rp2_common/pico_stdio_usb/stdio_usb.c.obj
 .text.timer_task
                0x10004614       0x10 CMakeFiles/servo.dir/C_/pico/pico-sdk/src/rp2_common/pico_stdio_usb/stdio_usb.c.obj
 .text.stdio_usb_init
                0x10004624       0xb8 CMakeFiles/servo.dir/C_/pico/pico-sdk/src/rp2_common/pico_stdio_usb/stdio_usb.c.obj
                0x10004624                stdio_usb_init
 .text.tud_descriptor_device_cb
                0x100046dc        0x8 CMakeFiles/servo.dir/C_/pico/pico-sdk/src/rp2_common/pico_stdio_usb/stdio_usb_descriptors.c.obj
                0x100046dc                tud_descriptor_device_cb
 .text.tud_descriptor_configuration_cb
                0x100046e4        0x8 CMakeFiles/servo.dir/C_/pico/pico-sdk/src/rp2_common/pico_stdio_usb/stdio_usb_descriptors.c.obj
                0x100046e4                tud_descriptor_configuration_cb
 .text.tud_descriptor_string_cb
                0x100046ec       0x68 CMakeFiles/servo.dir/C_/pico/pico-sdk/src/rp2_common/pico_stdio_usb/stdio_usb_descriptors.c.obj
                0x100046ec                tud_descriptor_string_cb
 .text.hw_endpoint_get_by_addr
                0x10004754       0x18 CMakeFiles/servo.dir/C_/pico/pico-sdk/lib/tinyusb/src/portable/raspberrypi/rp2040/dcd_rp2040.c.obj
 .text.reset_ep0
                0x1000476c       0x2c CMakeFiles/servo.dir/C_/pico/pico-sdk/lib/tinyusb/src/portable/raspberrypi/rp2040/dcd_rp2040.c.obj
 .text._hw_endpoint_alloc
                0x10004798       0x80 CMakeFiles/servo.dir/C_/pico/pico-sdk/lib/tinyusb/src/portable/raspberrypi/rp2040/dcd_rp2040.c.obj
 .text._hw_endpoint_init
                0x10004818       0xbc CMakeFiles/servo.dir/C_/pico/pico-sdk/lib/tinyusb/src/portable/raspberrypi/rp2040/dcd_rp2040.c.obj
 .text.hw_endpoint_init
                0x100048d4       0x18 CMakeFiles/servo.dir/C_/pico/pico-sdk/lib/tinyusb/src/portable/raspberrypi/rp2040/dcd_rp2040.c.obj
 .text.hw_handle_buff_status
                0x100048ec       0xb4 CMakeFiles/servo.dir/C_/pico/pico-sdk/lib/tinyusb/src/portable/raspberrypi/rp2040/dcd_rp2040.c.obj
 .text.dcd_rp2040_irq
                0x100049a0       0xa8 CMakeFiles/servo.dir/C_/pico/pico-sdk/lib/tinyusb/src/portable/raspberrypi/rp2040/dcd_rp2040.c.obj
 .text.hw_endpoint_xfer
                0x10004a48       0x18 CMakeFiles/servo.dir/C_/pico/pico-sdk/lib/tinyusb/src/portable/raspberrypi/rp2040/dcd_rp2040.c.obj
 .text.ep0_0len_status
                0x10004a60       0x14 CMakeFiles/servo.dir/C_/pico/pico-sdk/lib/tinyusb/src/portable/raspberrypi/rp2040/dcd_rp2040.c.obj
 .text._hw_endpoint_stall
                0x10004a74       0x54 CMakeFiles/servo.dir/C_/pico/pico-sdk/lib/tinyusb/src/portable/raspberrypi/rp2040/dcd_rp2040.c.obj
 .text.hw_endpoint_stall
                0x10004ac8        0xc CMakeFiles/servo.dir/C_/pico/pico-sdk/lib/tinyusb/src/portable/raspberrypi/rp2040/dcd_rp2040.c.obj
 .text._hw_endpoint_clear_stall
                0x10004ad4       0x34 CMakeFiles/servo.dir/C_/pico/pico-sdk/lib/tinyusb/src/portable/raspberrypi/rp2040/dcd_rp2040.c.obj
 .text.hw_endpoint_clear_stall
                0x10004b08        0xc CMakeFiles/servo.dir/C_/pico/pico-sdk/lib/tinyusb/src/portable/raspberrypi/rp2040/dcd_rp2040.c.obj
 .text.dcd_int_enable
                0x10004b14       0x2c CMakeFiles/servo.dir/C_/pico/pico-sdk/lib/tinyusb/src/portable/raspberrypi/rp2040/dcd_rp2040.c.obj
                0x10004b14                dcd_int_enable
 .text.dcd_set_address
                0x10004b40       0x28 CMakeFiles/servo.dir/C_/pico/pico-sdk/lib/tinyusb/src/portable/raspberrypi/rp2040/dcd_rp2040.c.obj
                0x10004b40                dcd_set_address
 .text.dcd_connect
                0x10004b68       0x30 CMakeFiles/servo.dir/C_/pico/pico-sdk/lib/tinyusb/src/portable/raspberrypi/rp2040/dcd_rp2040.c.obj
                0x10004b68                dcd_connect
 .text.dcd_init
                0x10004b98       0x84 CMakeFiles/servo.dir/C_/pico/pico-sdk/lib/tinyusb/src/portable/raspberrypi/rp2040/dcd_rp2040.c.obj
                0x10004b98                dcd_init
 .text.dcd_edpt0_status_complete
                0x10004c1c       0x40 CMakeFiles/servo.dir/C_/pico/pico-sdk/lib/tinyusb/src/portable/raspberrypi/rp2040/dcd_rp2040.c.obj
                0x10004c1c                dcd_edpt0_status_complete
 .text.dcd_edpt_open
                0x10004c5c       0x40 CMakeFiles/servo.dir/C_/pico/pico-sdk/lib/tinyusb/src/portable/raspberrypi/rp2040/dcd_rp2040.c.obj
                0x10004c5c                dcd_edpt_open
 .text.dcd_edpt_xfer
                0x10004c9c       0x34 CMakeFiles/servo.dir/C_/pico/pico-sdk/lib/tinyusb/src/portable/raspberrypi/rp2040/dcd_rp2040.c.obj
                0x10004c9c                dcd_edpt_xfer
 .text.dcd_edpt_stall
                0x10004cd0       0x28 CMakeFiles/servo.dir/C_/pico/pico-sdk/lib/tinyusb/src/portable/raspberrypi/rp2040/dcd_rp2040.c.obj
                0x10004cd0                dcd_edpt_stall
 .text.dcd_edpt_clear_stall
                0x10004cf8       0x2c CMakeFiles/servo.dir/C_/pico/pico-sdk/lib/tinyusb/src/portable/raspberrypi/rp2040/dcd_rp2040.c.obj
                0x10004cf8                dcd_edpt_clear_stall
 .text.rp2040_usb_init
                0x10004d24       0x50 CMakeFiles/servo.dir/C_/pico/pico-sdk/lib/tinyusb/src/portable/raspberrypi/rp2040/rp2040_usb.c.obj
                0x10004d24                rp2040_usb_init
 .text.hw_endpoint_reset_transfer
                0x10004d74       0x10 CMakeFiles/servo.dir/C_/pico/pico-sdk/lib/tinyusb/src/portable/raspberrypi/rp2040/rp2040_usb.c.obj
                0x10004d74                hw_endpoint_reset_transfer
 .text._hw_endpoint_buffer_control_update32
                0x10004d84       0x58 CMakeFiles/servo.dir/C_/pico/pico-sdk/lib/tinyusb/src/portable/raspberrypi/rp2040/rp2040_usb.c.obj
                0x10004d84                _hw_endpoint_buffer_control_update32
 .text._hw_endpoint_start_next_buffer
                0x10004ddc       0x50 CMakeFiles/servo.dir/C_/pico/pico-sdk/lib/tinyusb/src/portable/raspberrypi/rp2040/rp2040_usb.c.obj
                0x10004ddc                _hw_endpoint_start_next_buffer
 .text._hw_endpoint_xfer_start
                0x10004e2c       0x3e CMakeFiles/servo.dir/C_/pico/pico-sdk/lib/tinyusb/src/portable/raspberrypi/rp2040/rp2040_usb.c.obj
                0x10004e2c                _hw_endpoint_xfer_start
 *fill*         0x10004e6a        0x2 
 .text._hw_endpoint_xfer_sync
                0x10004e6c       0x74 CMakeFiles/servo.dir/C_/pico/pico-sdk/lib/tinyusb/src/portable/raspberrypi/rp2040/rp2040_usb.c.obj
                0x10004e6c                _hw_endpoint_xfer_sync
 .text._hw_endpoint_xfer_continue
                0x10004ee0       0x60 CMakeFiles/servo.dir/C_/pico/pico-sdk/lib/tinyusb/src/portable/raspberrypi/rp2040/rp2040_usb.c.obj
                0x10004ee0                _hw_endpoint_xfer_continue
 .text._hw_endpoint_xfer
                0x10004f40       0x34 CMakeFiles/servo.dir/C_/pico/pico-sdk/lib/tinyusb/src/portable/raspberrypi/rp2040/rp2040_usb.c.obj
                0x10004f40                _hw_endpoint_xfer
 .text.mark_interface_endpoint
                0x10004f74       0x2a CMakeFiles/servo.dir/C_/pico/pico-sdk/lib/tinyusb/src/device/usbd.c.obj
 *fill*         0x10004f9e        0x2 
 .text.usbd_reset
                0x10004fa0       0x88 CMakeFiles/servo.dir/C_/pico/pico-sdk/lib/tinyusb/src/device/usbd.c.obj
 .text.invoke_class_control
                0x10005028       0x1a CMakeFiles/servo.dir/C_/pico/pico-sdk/lib/tinyusb/src/device/usbd.c.obj
 *fill*         0x10005042        0x2 
 .text.process_set_config
                0x10005044      0x1d4 CMakeFiles/servo.dir/C_/pico/pico-sdk/lib/tinyusb/src/device/usbd.c.obj
 .text.process_get_descriptor
                0x10005218       0xf8 CMakeFiles/servo.dir/C_/pico/pico-sdk/lib/tinyusb/src/device/usbd.c.obj
 .text.tud_mounted
                0x10005310       0x10 CMakeFiles/servo.dir/C_/pico/pico-sdk/lib/tinyusb/src/device/usbd.c.obj
                0x10005310                tud_mounted
 .text.tud_suspended
                0x10005320       0x10 CMakeFiles/servo.dir/C_/pico/pico-sdk/lib/tinyusb/src/device/usbd.c.obj
                0x10005320                tud_suspended
 .text.tud_inited
                0x10005330        0xc CMakeFiles/servo.dir/C_/pico/pico-sdk/lib/tinyusb/src/device/usbd.c.obj
                0x10005330                tud_inited
 .text.tud_init
                0x1000533c       0xcc CMakeFiles/servo.dir/C_/pico/pico-sdk/lib/tinyusb/src/device/usbd.c.obj
                0x1000533c                tud_init
 .text.dcd_event_handler
                0x10005408      0x174 CMakeFiles/servo.dir/C_/pico/pico-sdk/lib/tinyusb/src/device/usbd.c.obj
                0x10005408                dcd_event_handler
 .text.dcd_event_bus_signal
                0x1000557c       0x26 CMakeFiles/servo.dir/C_/pico/pico-sdk/lib/tinyusb/src/device/usbd.c.obj
                0x1000557c                dcd_event_bus_signal
 .text.dcd_event_bus_reset
                0x100055a2       0x2a CMakeFiles/servo.dir/C_/pico/pico-sdk/lib/tinyusb/src/device/usbd.c.obj
                0x100055a2                dcd_event_bus_reset
 .text.dcd_event_setup_received
                0x100055cc       0x34 CMakeFiles/servo.dir/C_/pico/pico-sdk/lib/tinyusb/src/device/usbd.c.obj
                0x100055cc                dcd_event_setup_received
 .text.dcd_event_xfer_complete
                0x10005600       0x44 CMakeFiles/servo.dir/C_/pico/pico-sdk/lib/tinyusb/src/device/usbd.c.obj
                0x10005600                dcd_event_xfer_complete
 .text.usbd_edpt_open
                0x10005644       0xe0 CMakeFiles/servo.dir/C_/pico/pico-sdk/lib/tinyusb/src/device/usbd.c.obj
                0x10005644                usbd_edpt_open
 .text.usbd_open_edpt_pair
                0x10005724       0x8c CMakeFiles/servo.dir/C_/pico/pico-sdk/lib/tinyusb/src/device/usbd.c.obj
                0x10005724                usbd_open_edpt_pair
 .text.usbd_edpt_claim
                0x100057b0       0x8c CMakeFiles/servo.dir/C_/pico/pico-sdk/lib/tinyusb/src/device/usbd.c.obj
                0x100057b0                usbd_edpt_claim
 .text.usbd_edpt_release
                0x1000583c       0x68 CMakeFiles/servo.dir/C_/pico/pico-sdk/lib/tinyusb/src/device/usbd.c.obj
                0x1000583c                usbd_edpt_release
 .text.usbd_edpt_xfer
                0x100058a4       0x80 CMakeFiles/servo.dir/C_/pico/pico-sdk/lib/tinyusb/src/device/usbd.c.obj
                0x100058a4                usbd_edpt_xfer
 .text.usbd_edpt_stall
                0x10005924       0x2c CMakeFiles/servo.dir/C_/pico/pico-sdk/lib/tinyusb/src/device/usbd.c.obj
                0x10005924                usbd_edpt_stall
 .text.usbd_edpt_clear_stall
                0x10005950       0x2c CMakeFiles/servo.dir/C_/pico/pico-sdk/lib/tinyusb/src/device/usbd.c.obj
                0x10005950                usbd_edpt_clear_stall
 .text.usbd_edpt_stalled
                0x1000597c       0x1c CMakeFiles/servo.dir/C_/pico/pico-sdk/lib/tinyusb/src/device/usbd.c.obj
                0x1000597c                usbd_edpt_stalled
 .text.process_control_request
                0x10005998      0x380 CMakeFiles/servo.dir/C_/pico/pico-sdk/lib/tinyusb/src/device/usbd.c.obj
 .text.tud_task
                0x10005d18      0x204 CMakeFiles/servo.dir/C_/pico/pico-sdk/lib/tinyusb/src/device/usbd.c.obj
                0x10005d18                tud_task
 .text._data_stage_xact
                0x10005f1c       0x58 CMakeFiles/servo.dir/C_/pico/pico-sdk/lib/tinyusb/src/device/usbd_control.c.obj
 .text.tud_control_status
                0x10005f74       0x38 CMakeFiles/servo.dir/C_/pico/pico-sdk/lib/tinyusb/src/device/usbd_control.c.obj
                0x10005f74                tud_control_status
 .text.tud_control_xfer
                0x10005fac       0xa8 CMakeFiles/servo.dir/C_/pico/pico-sdk/lib/tinyusb/src/device/usbd_control.c.obj
                0x10005fac                tud_control_xfer
 .text.usbd_control_reset
                0x10006054       0x14 CMakeFiles/servo.dir/C_/pico/pico-sdk/lib/tinyusb/src/device/usbd_control.c.obj
                0x10006054                usbd_control_reset
 .text.usbd_control_set_complete_callback
                0x10006068        0xc CMakeFiles/servo.dir/C_/pico/pico-sdk/lib/tinyusb/src/device/usbd_control.c.obj
                0x10006068                usbd_control_set_complete_callback
 .text.usbd_control_set_request
                0x10006074       0x1c CMakeFiles/servo.dir/C_/pico/pico-sdk/lib/tinyusb/src/device/usbd_control.c.obj
                0x10006074                usbd_control_set_request
 .text.usbd_control_xfer_cb
                0x10006090       0xfc CMakeFiles/servo.dir/C_/pico/pico-sdk/lib/tinyusb/src/device/usbd_control.c.obj
                0x10006090                usbd_control_xfer_cb
 .text._prep_out_transaction
                0x1000618c       0x46 CMakeFiles/servo.dir/C_/pico/pico-sdk/lib/tinyusb/src/class/cdc/cdc_device.c.obj
 *fill*         0x100061d2        0x2 
 .text.tud_cdc_n_connected
                0x100061d4       0x44 CMakeFiles/servo.dir/C_/pico/pico-sdk/lib/tinyusb/src/class/cdc/cdc_device.c.obj
                0x100061d4                tud_cdc_n_connected
 .text.tud_cdc_n_available
                0x10006218       0x18 CMakeFiles/servo.dir/C_/pico/pico-sdk/lib/tinyusb/src/class/cdc/cdc_device.c.obj
                0x10006218                tud_cdc_n_available
 .text.tud_cdc_n_read
                0x10006230       0x28 CMakeFiles/servo.dir/C_/pico/pico-sdk/lib/tinyusb/src/class/cdc/cdc_device.c.obj
                0x10006230                tud_cdc_n_read
 .text.tud_cdc_n_write_flush
                0x10006258       0xcc CMakeFiles/servo.dir/C_/pico/pico-sdk/lib/tinyusb/src/class/cdc/cdc_device.c.obj
                0x10006258                tud_cdc_n_write_flush
 .text.tud_cdc_n_write
                0x10006324       0x38 CMakeFiles/servo.dir/C_/pico/pico-sdk/lib/tinyusb/src/class/cdc/cdc_device.c.obj
                0x10006324                tud_cdc_n_write
 .text.tud_cdc_n_write_available
                0x1000635c       0x1c CMakeFiles/servo.dir/C_/pico/pico-sdk/lib/tinyusb/src/class/cdc/cdc_device.c.obj
                0x1000635c                tud_cdc_n_write_available
 .text.cdcd_init
                0x10006378       0xbc CMakeFiles/servo.dir/C_/pico/pico-sdk/lib/tinyusb/src/class/cdc/cdc_device.c.obj
                0x10006378                cdcd_init
 .text.cdcd_reset
                0x10006434       0x44 CMakeFiles/servo.dir/C_/pico/pico-sdk/lib/tinyusb/src/class/cdc/cdc_device.c.obj
                0x10006434                cdcd_reset
 .text.cdcd_open
                0x10006478      0x10c CMakeFiles/servo.dir/C_/pico/pico-sdk/lib/tinyusb/src/class/cdc/cdc_device.c.obj
                0x10006478                cdcd_open
 .text.cdcd_control_xfer_cb
                0x10006584      0x134 CMakeFiles/servo.dir/C_/pico/pico-sdk/lib/tinyusb/src/class/cdc/cdc_device.c.obj
                0x10006584                cdcd_control_xfer_cb
 .text.cdcd_xfer_cb
                0x100066b8      0x144 CMakeFiles/servo.dir/C_/pico/pico-sdk/lib/tinyusb/src/class/cdc/cdc_device.c.obj
                0x100066b8                cdcd_xfer_cb
 .text.tusb_init
                0x100067fc       0x24 CMakeFiles/servo.dir/C_/pico/pico-sdk/lib/tinyusb/src/tusb.c.obj
                0x100067fc                tusb_init
 .text.tusb_inited
                0x10006820        0xe CMakeFiles/servo.dir/C_/pico/pico-sdk/lib/tinyusb/src/tusb.c.obj
                0x10006820                tusb_inited
 .text.advance_pointer
                0x1000682e       0x1e CMakeFiles/servo.dir/C_/pico/pico-sdk/lib/tinyusb/src/common/tusb_fifo.c.obj
 .text.backward_pointer
                0x1000684c       0x1a CMakeFiles/servo.dir/C_/pico/pico-sdk/lib/tinyusb/src/common/tusb_fifo.c.obj
 .text.get_relative_pointer
                0x10006866       0x10 CMakeFiles/servo.dir/C_/pico/pico-sdk/lib/tinyusb/src/common/tusb_fifo.c.obj
 .text._tu_fifo_peek
                0x10006876       0x50 CMakeFiles/servo.dir/C_/pico/pico-sdk/lib/tinyusb/src/common/tusb_fifo.c.obj
 .text._ff_pull_const_addr
                0x100068c6       0x4c CMakeFiles/servo.dir/C_/pico/pico-sdk/lib/tinyusb/src/common/tusb_fifo.c.obj
 .text._ff_pull_n
                0x10006912      0x10c CMakeFiles/servo.dir/C_/pico/pico-sdk/lib/tinyusb/src/common/tusb_fifo.c.obj
 .text._tu_fifo_peek_n
                0x10006a1e       0x5e CMakeFiles/servo.dir/C_/pico/pico-sdk/lib/tinyusb/src/common/tusb_fifo.c.obj
 .text._tu_fifo_read_n
                0x10006a7c       0x4e CMakeFiles/servo.dir/C_/pico/pico-sdk/lib/tinyusb/src/common/tusb_fifo.c.obj
 .text._ff_push_const_addr
                0x10006aca       0x40 CMakeFiles/servo.dir/C_/pico/pico-sdk/lib/tinyusb/src/common/tusb_fifo.c.obj
 .text._ff_push_n
                0x10006b0a      0x108 CMakeFiles/servo.dir/C_/pico/pico-sdk/lib/tinyusb/src/common/tusb_fifo.c.obj
 .text._tu_fifo_write_n
                0x10006c12       0x9e CMakeFiles/servo.dir/C_/pico/pico-sdk/lib/tinyusb/src/common/tusb_fifo.c.obj
 .text.tu_fifo_config
                0x10006cb0       0x72 CMakeFiles/servo.dir/C_/pico/pico-sdk/lib/tinyusb/src/common/tusb_fifo.c.obj
                0x10006cb0                tu_fifo_config
 .text.tu_fifo_count
                0x10006d22       0x26 CMakeFiles/servo.dir/C_/pico/pico-sdk/lib/tinyusb/src/common/tusb_fifo.c.obj
                0x10006d22                tu_fifo_count
 .text.tu_fifo_empty
                0x10006d48       0x10 CMakeFiles/servo.dir/C_/pico/pico-sdk/lib/tinyusb/src/common/tusb_fifo.c.obj
                0x10006d48                tu_fifo_empty
 .text.tu_fifo_remaining
                0x10006d58       0x20 CMakeFiles/servo.dir/C_/pico/pico-sdk/lib/tinyusb/src/common/tusb_fifo.c.obj
                0x10006d58                tu_fifo_remaining
 .text.tu_fifo_read
                0x10006d78       0x42 CMakeFiles/servo.dir/C_/pico/pico-sdk/lib/tinyusb/src/common/tusb_fifo.c.obj
                0x10006d78                tu_fifo_read
 .text.tu_fifo_read_n
                0x10006dba        0xa CMakeFiles/servo.dir/C_/pico/pico-sdk/lib/tinyusb/src/common/tusb_fifo.c.obj
                0x10006dba                tu_fifo_read_n
 .text.tu_fifo_write
                0x10006dc4       0x6c CMakeFiles/servo.dir/C_/pico/pico-sdk/lib/tinyusb/src/common/tusb_fifo.c.obj
                0x10006dc4                tu_fifo_write
 .text.tu_fifo_write_n
                0x10006e30        0xa CMakeFiles/servo.dir/C_/pico/pico-sdk/lib/tinyusb/src/common/tusb_fifo.c.obj
                0x10006e30                tu_fifo_write_n
 .text.tu_fifo_clear
                0x10006e3a       0x4c CMakeFiles/servo.dir/C_/pico/pico-sdk/lib/tinyusb/src/common/tusb_fifo.c.obj
                0x10006e3a                tu_fifo_clear
 .text.tu_fifo_set_overwritable
                0x10006e86       0x3c CMakeFiles/servo.dir/C_/pico/pico-sdk/lib/tinyusb/src/common/tusb_fifo.c.obj
                0x10006e86                tu_fifo_set_overwritable
 *fill*         0x10006ec2        0x2 
 .text._retrieve_unique_id_on_boot
                0x10006ec4       0x10 CMakeFiles/servo.dir/C_/pico/pico-sdk/src/rp2_common/pico_unique_id/unique_id.c.obj
 .text.pico_get_unique_board_id_string
                0x10006ed4       0x60 CMakeFiles/servo.dir/C_/pico/pico-sdk/src/rp2_common/pico_unique_id/unique_id.c.obj
                0x10006ed4                pico_get_unique_board_id_string
 .text.flash_get_unique_id
                0x10006f34       0x46 CMakeFiles/servo.dir/C_/pico/pico-sdk/src/rp2_common/hardware_flash/flash.c.obj
                0x10006f34                flash_get_unique_id
 *fill*         0x10006f7a        0x2 
 .text.strlen   0x10006f7c       0x5c c:/progra~2/gnuarm~1/102021~1.07/bin/../lib/gcc/arm-none-eabi/10.3.1/../../../../arm-none-eabi/lib/thumb/v6-m/nofp\libg.a(lib_a-strlen-stub.o)
                0x10006f7c                strlen
 *(.fini)
 .fini          0x10006fd8        0x4 c:/progra~2/gnuarm~1/102021~1.07/bin/../lib/gcc/arm-none-eabi/10.3.1/thumb/v6-m/nofp/crti.o
                0x10006fd8                _fini
 *fill*         0x10006fdc        0x4 
 .fini.__stub   0x10006fe0       0x70 linker stubs
 *crtbegin.o(.ctors)
 *crtbegin?.o(.ctors)
 *(EXCLUDE_FILE(*crtend.o *crtend?.o) .ctors)
 *(SORT_BY_NAME(.ctors.*))
 *(.ctors)
 *crtbegin.o(.dtors)
 *crtbegin?.o(.dtors)
 *(EXCLUDE_FILE(*crtend.o *crtend?.o) .dtors)
 *(SORT_BY_NAME(.dtors.*))
 *(.dtors)
 *(.eh_frame*)
 .eh_frame      0x10007050        0x0 c:/progra~2/gnuarm~1/102021~1.07/bin/../lib/gcc/arm-none-eabi/10.3.1/thumb/v6-m/nofp/crtbegin.o
                0x10007050                . = ALIGN (0x4)

.glue_7         0x10007050        0x0
 .glue_7        0x10007050        0x0 linker stubs

.glue_7t        0x10007050        0x0
 .glue_7t       0x10007050        0x0 linker stubs

.vfp11_veneer   0x10007050        0x0
 .vfp11_veneer  0x10007050        0x0 linker stubs

.v4_bx          0x10007050        0x0
 .v4_bx         0x10007050        0x0 linker stubs

.iplt           0x10007050        0x0
 .iplt          0x10007050        0x0 c:/progra~2/gnuarm~1/102021~1.07/bin/../lib/gcc/arm-none-eabi/10.3.1/thumb/v6-m/nofp/crtbegin.o

.rodata         0x10007050     0x1588
 *(EXCLUDE_FILE(*libm.a: *libc.a:*lib_a-mem*.o *libgcc.a:) .rodata*)
 .rodata.spin_lock_claim_unused.str1.4
                0x10007050       0x1b CMakeFiles/servo.dir/C_/pico/pico-sdk/src/rp2_common/hardware_sync/sync.c.obj
 *fill*         0x1000706b        0x1 
 .rodata.repeating_timer_callback.str1.4
                0x1000706c       0x41 CMakeFiles/servo.dir/C_/pico/pico-sdk/src/common/pico_time/time.c.obj
 *fill*         0x100070ad        0x3 
 .rodata.alarm_pool_dump_key.str1.4
                0x100070b0       0x33 CMakeFiles/servo.dir/C_/pico/pico-sdk/src/common/pico_time/time.c.obj
 *fill*         0x100070e3        0x1 
 .rodata.ph_add_child_node.str1.4
                0x100070e4       0x8a CMakeFiles/servo.dir/C_/pico/pico-sdk/src/common/pico_time/time.c.obj
 *fill*         0x1000716e        0x2 
 .rodata.add_alarm_under_lock.str1.4
                0x10007170       0x28 CMakeFiles/servo.dir/C_/pico/pico-sdk/src/common/pico_time/time.c.obj
                                 0x2b (size before relaxing)
 .rodata.alarm_pool_alarm_callback.str1.4
                0x10007198       0xda CMakeFiles/servo.dir/C_/pico/pico-sdk/src/common/pico_time/time.c.obj
 *fill*         0x10007272        0x2 
 .rodata.alarm_pool_get_default.str1.4
                0x10007274       0x21 CMakeFiles/servo.dir/C_/pico/pico-sdk/src/common/pico_time/time.c.obj
 *fill*         0x10007295        0x3 
 .rodata.alarm_pool_cancel_alarm.str1.4
                0x10007298       0x27 CMakeFiles/servo.dir/C_/pico/pico-sdk/src/common/pico_time/time.c.obj
 *fill*         0x100072bf        0x1 
 .rodata.sleep_until.str1.4
                0x100072c0       0x4d CMakeFiles/servo.dir/C_/pico/pico-sdk/src/common/pico_time/time.c.obj
 *fill*         0x1000730d        0x3 
 .rodata.__func__.1
                0x10007310       0x18 CMakeFiles/servo.dir/C_/pico/pico-sdk/src/common/pico_time/time.c.obj
 .rodata.__func__.10
                0x10007328       0x15 CMakeFiles/servo.dir/C_/pico/pico-sdk/src/common/pico_time/time.c.obj
 *fill*         0x1000733d        0x3 
 .rodata.__func__.11
                0x10007340       0x1a CMakeFiles/servo.dir/C_/pico/pico-sdk/src/common/pico_time/time.c.obj
 *fill*         0x1000735a        0x2 
 .rodata.__func__.12
                0x1000735c        0xa CMakeFiles/servo.dir/C_/pico/pico-sdk/src/common/pico_time/time.c.obj
 *fill*         0x10007366        0x2 
 .rodata.__func__.3
                0x10007368       0x17 CMakeFiles/servo.dir/C_/pico/pico-sdk/src/common/pico_time/time.c.obj
 *fill*         0x1000737f        0x1 
 .rodata.__func__.4
                0x10007380       0x12 CMakeFiles/servo.dir/C_/pico/pico-sdk/src/common/pico_time/time.c.obj
 *fill*         0x10007392        0x2 
 .rodata.__func__.5
                0x10007394        0xd CMakeFiles/servo.dir/C_/pico/pico-sdk/src/common/pico_time/time.c.obj
 *fill*         0x100073a1        0x3 
 .rodata.__func__.6
                0x100073a4       0x12 CMakeFiles/servo.dir/C_/pico/pico-sdk/src/common/pico_time/time.c.obj
 *fill*         0x100073b6        0x2 
 .rodata.__func__.7
                0x100073b8        0xf CMakeFiles/servo.dir/C_/pico/pico-sdk/src/common/pico_time/time.c.obj
 *fill*         0x100073c7        0x1 
 .rodata.__func__.8
                0x100073c8        0xc CMakeFiles/servo.dir/C_/pico/pico-sdk/src/common/pico_time/time.c.obj
 .rodata.__func__.9
                0x100073d4       0x15 CMakeFiles/servo.dir/C_/pico/pico-sdk/src/common/pico_time/time.c.obj
 *fill*         0x100073e9        0x3 
 .rodata.hardware_alarm_claim.str1.4
                0x100073ec       0x22 CMakeFiles/servo.dir/C_/pico/pico-sdk/src/rp2_common/hardware_timer/timer.c.obj
 *fill*         0x1000740e        0x2 
 .rodata.hardware_alarm_set_target.str1.4
                0x10007410       0x5b CMakeFiles/servo.dir/C_/pico/pico-sdk/src/rp2_common/hardware_timer/timer.c.obj
 *fill*         0x1000746b        0x1 
 .rodata.__func__.0
                0x1000746c       0x1a CMakeFiles/servo.dir/C_/pico/pico-sdk/src/rp2_common/hardware_timer/timer.c.obj
 *fill*         0x10007486        0x2 
 .rodata.str1.4
                0x10007488       0xa9 CMakeFiles/servo.dir/C_/pico/pico-sdk/src/common/pico_sync/mutex.c.obj
                                0x101 (size before relaxing)
 *fill*         0x10007531        0x3 
 .rodata.__func__.0
                0x10007534        0xb CMakeFiles/servo.dir/C_/pico/pico-sdk/src/common/pico_sync/mutex.c.obj
 *fill*         0x1000753f        0x1 
 .rodata.__func__.1
                0x10007540       0x18 CMakeFiles/servo.dir/C_/pico/pico-sdk/src/common/pico_sync/mutex.c.obj
 .rodata.__func__.2
                0x10007558       0x15 CMakeFiles/servo.dir/C_/pico/pico-sdk/src/common/pico_sync/mutex.c.obj
 *fill*         0x1000756d        0x3 
 .rodata.__func__.3
                0x10007570       0x15 CMakeFiles/servo.dir/C_/pico/pico-sdk/src/common/pico_sync/mutex.c.obj
 .rodata.ph_add_child_node.str1.4
                0x10007585       0x8a CMakeFiles/servo.dir/C_/pico/pico-sdk/src/common/pico_util/pheap.c.obj
 *fill*         0x10007585        0x3 
 .rodata.ph_remove_any_head.str1.4
                0x10007588       0x84 CMakeFiles/servo.dir/C_/pico/pico-sdk/src/common/pico_util/pheap.c.obj
 .rodata.ph_remove_and_free_node.str1.4
                0x1000760c       0x26 CMakeFiles/servo.dir/C_/pico/pico-sdk/src/common/pico_util/pheap.c.obj
 *fill*         0x10007632        0x2 
 .rodata.__func__.0
                0x10007634       0x18 CMakeFiles/servo.dir/C_/pico/pico-sdk/src/common/pico_util/pheap.c.obj
 .rodata.__func__.1
                0x1000764c       0x13 CMakeFiles/servo.dir/C_/pico/pico-sdk/src/common/pico_util/pheap.c.obj
 *fill*         0x1000765f        0x1 
 .rodata.__func__.2
                0x10007660       0x12 CMakeFiles/servo.dir/C_/pico/pico-sdk/src/common/pico_util/pheap.c.obj
 *fill*         0x10007672        0x2 
 .rodata.__func__.3
                0x10007674        0xc CMakeFiles/servo.dir/C_/pico/pico-sdk/src/common/pico_util/pheap.c.obj
 .rodata.__assert_func.str1.4
                0x10007680       0x3f CMakeFiles/servo.dir/C_/pico/pico-sdk/src/rp2_common/pico_runtime/runtime.c.obj
                                 0x43 (size before relaxing)
 *fill*         0x100076bf        0x1 
 .rodata.panic.str1.4
                0x100076c0       0x12 CMakeFiles/servo.dir/C_/pico/pico-sdk/src/rp2_common/pico_runtime/runtime.c.obj
 *fill*         0x100076d2        0x2 
 .rodata.clock_configure.str1.4
                0x100076d4       0x4d CMakeFiles/servo.dir/C_/pico/pico-sdk/src/rp2_common/hardware_clocks/clocks.c.obj
 *fill*         0x10007721        0x3 
 .rodata.__func__.1
                0x10007724       0x10 CMakeFiles/servo.dir/C_/pico/pico-sdk/src/rp2_common/hardware_clocks/clocks.c.obj
 .rodata.make_branch.str1.4
                0x10007734       0x43 CMakeFiles/servo.dir/C_/pico/pico-sdk/src/rp2_common/hardware_irq/irq.c.obj
 *fill*         0x10007777        0x1 
 .rodata.irq_set_exclusive_handler.str1.4
                0x10007778       0x36 CMakeFiles/servo.dir/C_/pico/pico-sdk/src/rp2_common/hardware_irq/irq.c.obj
 *fill*         0x100077ae        0x2 
 .rodata.irq_add_shared_handler.str1.4
                0x100077b0       0xd9 CMakeFiles/servo.dir/C_/pico/pico-sdk/src/rp2_common/hardware_irq/irq.c.obj
 *fill*         0x10007889        0x3 
 .rodata.irq_remove_handler.str1.4
                0x1000788c       0x2a CMakeFiles/servo.dir/C_/pico/pico-sdk/src/rp2_common/hardware_irq/irq.c.obj
 *fill*         0x100078b6        0x2 
 .rodata.irq_add_tail_to_free_list.str1.4
                0x100078b8       0x32 CMakeFiles/servo.dir/C_/pico/pico-sdk/src/rp2_common/hardware_irq/irq.c.obj
                                 0x3a (size before relaxing)
 *fill*         0x100078ea        0x2 
 .rodata.__func__.0
                0x100078ec       0x1a CMakeFiles/servo.dir/C_/pico/pico-sdk/src/rp2_common/hardware_irq/irq.c.obj
 *fill*         0x10007906        0x2 
 .rodata.__func__.1
                0x10007908       0x17 CMakeFiles/servo.dir/C_/pico/pico-sdk/src/rp2_common/hardware_irq/irq.c.obj
 *fill*         0x1000791f        0x1 
 .rodata.__func__.2
                0x10007920       0x13 CMakeFiles/servo.dir/C_/pico/pico-sdk/src/rp2_common/hardware_irq/irq.c.obj
 *fill*         0x10007933        0x1 
 .rodata.__func__.3
                0x10007934        0xc CMakeFiles/servo.dir/C_/pico/pico-sdk/src/rp2_common/hardware_irq/irq.c.obj
 .rodata.__func__.4
                0x10007940        0xf CMakeFiles/servo.dir/C_/pico/pico-sdk/src/rp2_common/hardware_irq/irq.c.obj
 *fill*         0x1000794f        0x1 
 .rodata.__func__.6
                0x10007950       0x1a CMakeFiles/servo.dir/C_/pico/pico-sdk/src/rp2_common/hardware_irq/irq.c.obj
 *fill*         0x1000796a        0x2 
 .rodata.pll_init.str1.4
                0x1000796c       0xcf CMakeFiles/servo.dir/C_/pico/pico-sdk/src/rp2_common/hardware_pll/pll.c.obj
 *fill*         0x10007a3b        0x1 
 .rodata.__func__.0
                0x10007a3c        0x9 CMakeFiles/servo.dir/C_/pico/pico-sdk/src/rp2_common/hardware_pll/pll.c.obj
 *fill*         0x10007a45        0x3 
 .rodata._ftoa.str1.4
                0x10007a48       0x15 CMakeFiles/servo.dir/C_/pico/pico-sdk/src/rp2_common/pico_printf/printf.c.obj
 *fill*         0x10007a5d        0x3 
 .rodata._vsnprintf
                0x10007a60      0x1e0 CMakeFiles/servo.dir/C_/pico/pico-sdk/src/rp2_common/pico_printf/printf.c.obj
 .rodata.pow10.0
                0x10007c40       0x50 CMakeFiles/servo.dir/C_/pico/pico-sdk/src/rp2_common/pico_printf/printf.c.obj
 .rodata.__aeabi_double_init.str1.4
                0x10007c90       0x9e CMakeFiles/servo.dir/C_/pico/pico-sdk/src/rp2_common/pico_double/double_init_rom.c.obj
 *fill*         0x10007d2e        0x2 
 .rodata.__func__.0
                0x10007d30       0x14 CMakeFiles/servo.dir/C_/pico/pico-sdk/src/rp2_common/pico_double/double_init_rom.c.obj
 .rodata.__aeabi_float_init.str1.4
                0x10007d44       0x70 CMakeFiles/servo.dir/C_/pico/pico-sdk/src/rp2_common/pico_float/float_init_rom.c.obj
                                 0x74 (size before relaxing)
 .rodata.__func__.0
                0x10007db4       0x13 CMakeFiles/servo.dir/C_/pico/pico-sdk/src/rp2_common/pico_float/float_init_rom.c.obj
 *fill*         0x10007dc7        0x1 
 .rodata.str1.4
                0x10007dc8       0x3c CMakeFiles/servo.dir/C_/pico/pico-sdk/src/rp2_common/pico_standard_link/binary_info.c.obj
 .rodata.__bi_44
                0x10007e04        0xc CMakeFiles/servo.dir/C_/pico/pico-sdk/src/rp2_common/pico_standard_link/binary_info.c.obj
 .rodata.__bi_75
                0x10007e10        0xc CMakeFiles/servo.dir/C_/pico/pico-sdk/src/rp2_common/pico_standard_link/binary_info.c.obj
 .rodata.__bi_81
                0x10007e1c        0xc CMakeFiles/servo.dir/C_/pico/pico-sdk/src/rp2_common/pico_standard_link/binary_info.c.obj
 .rodata.crlf_str.3
                0x10007e28        0x2 CMakeFiles/servo.dir/C_/pico/pico-sdk/src/rp2_common/pico_stdio/stdio.c.obj
 *fill*         0x10007e2a        0x2 
 .rodata._resetd_driver
                0x10007e2c       0x18 CMakeFiles/servo.dir/C_/pico/pico-sdk/src/rp2_common/pico_stdio_usb/reset_interface.c.obj
 .rodata.stdio_usb_init.str1.4
                0x10007e44       0x57 CMakeFiles/servo.dir/C_/pico/pico-sdk/src/rp2_common/pico_stdio_usb/stdio_usb.c.obj
 .rodata.str1.4
                0x10007e44       0x13 CMakeFiles/servo.dir/C_/pico/pico-sdk/src/rp2_common/pico_stdio_usb/stdio_usb.c.obj
 *fill*         0x10007e57        0x1 
 .rodata.__bi_93.1
                0x10007e58        0xc CMakeFiles/servo.dir/C_/pico/pico-sdk/src/rp2_common/pico_stdio_usb/stdio_usb.c.obj
 .rodata.__func__.0
                0x10007e64       0x15 CMakeFiles/servo.dir/C_/pico/pico-sdk/src/rp2_common/pico_stdio_usb/stdio_usb.c.obj
 *fill*         0x10007e79        0x3 
 .rodata.str1.4
                0x10007e7c       0x2a CMakeFiles/servo.dir/C_/pico/pico-sdk/src/rp2_common/pico_stdio_usb/stdio_usb_descriptors.c.obj
 *fill*         0x10007ea6        0x2 
 .rodata.usbd_desc_cfg
                0x10007ea8       0x54 CMakeFiles/servo.dir/C_/pico/pico-sdk/src/rp2_common/pico_stdio_usb/stdio_usb_descriptors.c.obj
 .rodata.usbd_desc_device
                0x10007efc       0x12 CMakeFiles/servo.dir/C_/pico/pico-sdk/src/rp2_common/pico_stdio_usb/stdio_usb_descriptors.c.obj
 *fill*         0x10007f0e        0x2 
 .rodata.usbd_desc_str
                0x10007f10       0x18 CMakeFiles/servo.dir/C_/pico/pico-sdk/src/rp2_common/pico_stdio_usb/stdio_usb_descriptors.c.obj
 .rodata._hw_endpoint_alloc.str1.4
                0x10007f28       0xad CMakeFiles/servo.dir/C_/pico/pico-sdk/lib/tinyusb/src/portable/raspberrypi/rp2040/dcd_rp2040.c.obj
 *fill*         0x10007fd5        0x3 
 .rodata._hw_endpoint_init.str1.4
                0x10007fd8       0x28 CMakeFiles/servo.dir/C_/pico/pico-sdk/lib/tinyusb/src/portable/raspberrypi/rp2040/dcd_rp2040.c.obj
 .rodata.hw_handle_buff_status.str1.4
                0x10008000        0xb CMakeFiles/servo.dir/C_/pico/pico-sdk/lib/tinyusb/src/portable/raspberrypi/rp2040/dcd_rp2040.c.obj
 *fill*         0x1000800b        0x1 
 .rodata.dcd_rp2040_irq.str1.4
                0x1000800c       0x14 CMakeFiles/servo.dir/C_/pico/pico-sdk/lib/tinyusb/src/portable/raspberrypi/rp2040/dcd_rp2040.c.obj
 .rodata._hw_endpoint_stall.str1.4
                0x10008020        0xd CMakeFiles/servo.dir/C_/pico/pico-sdk/lib/tinyusb/src/portable/raspberrypi/rp2040/dcd_rp2040.c.obj
 *fill*         0x1000802d        0x3 
 .rodata.dcd_int_enable.str1.4
                0x10008030        0xc CMakeFiles/servo.dir/C_/pico/pico-sdk/lib/tinyusb/src/portable/raspberrypi/rp2040/dcd_rp2040.c.obj
 .rodata.__func__.0
                0x1000803c       0x15 CMakeFiles/servo.dir/C_/pico/pico-sdk/lib/tinyusb/src/portable/raspberrypi/rp2040/dcd_rp2040.c.obj
 *fill*         0x10008051        0x3 
 .rodata.__func__.1
                0x10008054       0x13 CMakeFiles/servo.dir/C_/pico/pico-sdk/lib/tinyusb/src/portable/raspberrypi/rp2040/dcd_rp2040.c.obj
 *fill*         0x10008067        0x1 
 .rodata.__func__.11
                0x10008068        0xf CMakeFiles/servo.dir/C_/pico/pico-sdk/lib/tinyusb/src/portable/raspberrypi/rp2040/dcd_rp2040.c.obj
 *fill*         0x10008077        0x1 
 .rodata.__func__.12
                0x10008078       0x13 CMakeFiles/servo.dir/C_/pico/pico-sdk/lib/tinyusb/src/portable/raspberrypi/rp2040/dcd_rp2040.c.obj
 *fill*         0x1000808b        0x1 
 .rodata.__func__.13
                0x1000808c       0x16 CMakeFiles/servo.dir/C_/pico/pico-sdk/lib/tinyusb/src/portable/raspberrypi/rp2040/dcd_rp2040.c.obj
 *fill*         0x100080a2        0x2 
 .rodata.__func__.14
                0x100080a4        0x9 CMakeFiles/servo.dir/C_/pico/pico-sdk/lib/tinyusb/src/portable/raspberrypi/rp2040/dcd_rp2040.c.obj
 *fill*         0x100080ad        0x3 
 .rodata.__func__.2
                0x100080b0        0xf CMakeFiles/servo.dir/C_/pico/pico-sdk/lib/tinyusb/src/portable/raspberrypi/rp2040/dcd_rp2040.c.obj
 *fill*         0x100080bf        0x1 
 .rodata.__func__.3
                0x100080c0        0xe CMakeFiles/servo.dir/C_/pico/pico-sdk/lib/tinyusb/src/portable/raspberrypi/rp2040/dcd_rp2040.c.obj
 *fill*         0x100080ce        0x2 
 .rodata.__func__.4
                0x100080d0        0xe CMakeFiles/servo.dir/C_/pico/pico-sdk/lib/tinyusb/src/portable/raspberrypi/rp2040/dcd_rp2040.c.obj
 *fill*         0x100080de        0x2 
 .rodata.__func__.5
                0x100080e0       0x1a CMakeFiles/servo.dir/C_/pico/pico-sdk/lib/tinyusb/src/portable/raspberrypi/rp2040/dcd_rp2040.c.obj
 *fill*         0x100080fa        0x2 
 .rodata.__func__.6
                0x100080fc        0xc CMakeFiles/servo.dir/C_/pico/pico-sdk/lib/tinyusb/src/portable/raspberrypi/rp2040/dcd_rp2040.c.obj
 .rodata.__func__.9
                0x10008108       0x10 CMakeFiles/servo.dir/C_/pico/pico-sdk/lib/tinyusb/src/portable/raspberrypi/rp2040/dcd_rp2040.c.obj
 .rodata._hw_endpoint_buffer_control_update32.str1.4
                0x10008118       0x1f CMakeFiles/servo.dir/C_/pico/pico-sdk/lib/tinyusb/src/portable/raspberrypi/rp2040/rp2040_usb.c.obj
 *fill*         0x10008137        0x1 
 .rodata._hw_endpoint_xfer_sync.str1.4
                0x10008138       0x89 CMakeFiles/servo.dir/C_/pico/pico-sdk/lib/tinyusb/src/portable/raspberrypi/rp2040/rp2040_usb.c.obj
 *fill*         0x100081c1        0x3 
 .rodata._hw_endpoint_xfer_continue.str1.4
                0x100081c4       0x50 CMakeFiles/servo.dir/C_/pico/pico-sdk/lib/tinyusb/src/portable/raspberrypi/rp2040/rp2040_usb.c.obj
 .rodata._hw_endpoint_xfer.str1.4
                0x10008214        0xf CMakeFiles/servo.dir/C_/pico/pico-sdk/lib/tinyusb/src/portable/raspberrypi/rp2040/rp2040_usb.c.obj
 *fill*         0x10008223        0x1 
 .rodata.str1.4
                0x10008224        0x7 CMakeFiles/servo.dir/C_/pico/pico-sdk/lib/tinyusb/src/portable/raspberrypi/rp2040/rp2040_usb.c.obj
 *fill*         0x1000822b        0x1 
 .rodata.__func__.0
                0x1000822c       0x12 CMakeFiles/servo.dir/C_/pico/pico-sdk/lib/tinyusb/src/portable/raspberrypi/rp2040/rp2040_usb.c.obj
 *fill*         0x1000823e        0x2 
 .rodata.__func__.1
                0x10008240       0x17 CMakeFiles/servo.dir/C_/pico/pico-sdk/lib/tinyusb/src/portable/raspberrypi/rp2040/rp2040_usb.c.obj
 *fill*         0x10008257        0x1 
 .rodata.process_set_config.str1.4
                0x10008258       0x17 CMakeFiles/servo.dir/C_/pico/pico-sdk/lib/tinyusb/src/device/usbd.c.obj
 *fill*         0x1000826f        0x1 
 .rodata.process_get_descriptor
                0x10008270       0x40 CMakeFiles/servo.dir/C_/pico/pico-sdk/lib/tinyusb/src/device/usbd.c.obj
 .rodata.process_control_request
                0x100082b0       0x28 CMakeFiles/servo.dir/C_/pico/pico-sdk/lib/tinyusb/src/device/usbd.c.obj
 .rodata.tud_task
                0x100082d8       0x24 CMakeFiles/servo.dir/C_/pico/pico-sdk/lib/tinyusb/src/device/usbd.c.obj
 .rodata.__func__.2
                0x100082fc        0xf CMakeFiles/servo.dir/C_/pico/pico-sdk/lib/tinyusb/src/device/usbd.c.obj
 *fill*         0x1000830b        0x1 
 .rodata.__func__.3
                0x1000830c        0xf CMakeFiles/servo.dir/C_/pico/pico-sdk/lib/tinyusb/src/device/usbd.c.obj
 *fill*         0x1000831b        0x1 
 .rodata.__func__.4
                0x1000831c       0x14 CMakeFiles/servo.dir/C_/pico/pico-sdk/lib/tinyusb/src/device/usbd.c.obj
 .rodata.__func__.5
                0x10008330       0x10 CMakeFiles/servo.dir/C_/pico/pico-sdk/lib/tinyusb/src/device/usbd.c.obj
 .rodata.__func__.6
                0x10008340       0x17 CMakeFiles/servo.dir/C_/pico/pico-sdk/lib/tinyusb/src/device/usbd.c.obj
 *fill*         0x10008357        0x1 
 .rodata.__func__.7
                0x10008358       0x13 CMakeFiles/servo.dir/C_/pico/pico-sdk/lib/tinyusb/src/device/usbd.c.obj
 *fill*         0x1000836b        0x1 
 .rodata.__func__.8
                0x1000836c       0x18 CMakeFiles/servo.dir/C_/pico/pico-sdk/lib/tinyusb/src/device/usbd.c.obj
 .rodata.__func__.9
                0x10008384        0x9 CMakeFiles/servo.dir/C_/pico/pico-sdk/lib/tinyusb/src/device/usbd.c.obj
 *fill*         0x1000838d        0x3 
 .rodata._usbd_driver
                0x10008390       0x18 CMakeFiles/servo.dir/C_/pico/pico-sdk/lib/tinyusb/src/device/usbd.c.obj
 .rodata.tud_control_xfer.str1.4
                0x100083a8       0x17 CMakeFiles/servo.dir/C_/pico/pico-sdk/lib/tinyusb/src/device/usbd_control.c.obj
 .rodata.__func__.0
                0x100083a8       0x15 CMakeFiles/servo.dir/C_/pico/pico-sdk/lib/tinyusb/src/device/usbd_control.c.obj
 *fill*         0x100083bd        0x3 
 .rodata.__func__.1
                0x100083c0       0x11 CMakeFiles/servo.dir/C_/pico/pico-sdk/lib/tinyusb/src/device/usbd_control.c.obj
 .rodata.tud_cdc_n_write_flush.str1.4
                0x100083d1       0x17 CMakeFiles/servo.dir/C_/pico/pico-sdk/lib/tinyusb/src/class/cdc/cdc_device.c.obj
 *fill*         0x100083d1        0x3 
 .rodata.__func__.0
                0x100083d4        0xd CMakeFiles/servo.dir/C_/pico/pico-sdk/lib/tinyusb/src/class/cdc/cdc_device.c.obj
 *fill*         0x100083e1        0x3 
 .rodata.__func__.1
                0x100083e4        0xa CMakeFiles/servo.dir/C_/pico/pico-sdk/lib/tinyusb/src/class/cdc/cdc_device.c.obj
 *fill*         0x100083ee        0x2 
 .rodata.__func__.2
                0x100083f0       0x16 CMakeFiles/servo.dir/C_/pico/pico-sdk/lib/tinyusb/src/class/cdc/cdc_device.c.obj
 .rodata.tusb_init.str1.4
                0x10008406       0x17 CMakeFiles/servo.dir/C_/pico/pico-sdk/lib/tinyusb/src/tusb.c.obj
 *fill*         0x10008406        0x2 
 .rodata.__func__.0
                0x10008408        0xa CMakeFiles/servo.dir/C_/pico/pico-sdk/lib/tinyusb/src/tusb.c.obj
 *fill*         0x10008412        0x2 
 .rodata.pico_get_unique_board_id_string.str1.4
                0x10008414       0x43 CMakeFiles/servo.dir/C_/pico/pico-sdk/src/rp2_common/pico_unique_id/unique_id.c.obj
 *fill*         0x10008457        0x1 
 .rodata.__func__.0
                0x10008458       0x20 CMakeFiles/servo.dir/C_/pico/pico-sdk/src/rp2_common/pico_unique_id/unique_id.c.obj
 .rodata.str1.4
                0x10008478      0x14e CMakeFiles/servo.dir/C_/pico/pico-sdk/src/rp2_common/hardware_flash/flash.c.obj
 *fill*         0x100085c6        0x2 
 .rodata.__func__.0
                0x100085c8        0xd CMakeFiles/servo.dir/C_/pico/pico-sdk/src/rp2_common/hardware_flash/flash.c.obj
                0x100085d8                . = ALIGN (0x4)
 *fill*         0x100085d5        0x3 
 *(SORT_BY_ALIGNMENT(SORT_BY_NAME(.flashdata*)))
                0x100085d8                . = ALIGN (0x4)

.rel.dyn        0x100085d8        0x0
 .rel.iplt      0x100085d8        0x0 c:/progra~2/gnuarm~1/102021~1.07/bin/../lib/gcc/arm-none-eabi/10.3.1/thumb/v6-m/nofp/crtbegin.o

.ARM.extab
 *(.ARM.extab* .gnu.linkonce.armextab.*)
                0x100085d8                __exidx_start = .

.ARM.exidx
 *(.ARM.exidx* .gnu.linkonce.armexidx.*)
                0x100085d8                __exidx_end = .
                0x100085d8                . = ALIGN (0x4)
                0x100085d8                __binary_info_start = .

.binary_info    0x100085d8       0x20
 *(.binary_info.keep.*)
 .binary_info.keep.__bi_ptr22
                0x100085d8        0x4 CMakeFiles/servo.dir/C_/pico/pico-sdk/src/rp2_common/pico_standard_link/binary_info.c.obj
 .binary_info.keep.__bi_ptr30
                0x100085dc        0x4 CMakeFiles/servo.dir/C_/pico/pico-sdk/src/rp2_common/pico_standard_link/binary_info.c.obj
 .binary_info.keep.__bi_ptr38
                0x100085e0        0x4 CMakeFiles/servo.dir/C_/pico/pico-sdk/src/rp2_common/pico_standard_link/binary_info.c.obj
 .binary_info.keep.__bi_ptr44
                0x100085e4        0x4 CMakeFiles/servo.dir/C_/pico/pico-sdk/src/rp2_common/pico_standard_link/binary_info.c.obj
 .binary_info.keep.__bi_ptr50
                0x100085e8        0x4 CMakeFiles/servo.dir/C_/pico/pico-sdk/src/rp2_common/pico_standard_link/binary_info.c.obj
 .binary_info.keep.__bi_ptr75
                0x100085ec        0x4 CMakeFiles/servo.dir/C_/pico/pico-sdk/src/rp2_common/pico_standard_link/binary_info.c.obj
 .binary_info.keep.__bi_ptr81
                0x100085f0        0x4 CMakeFiles/servo.dir/C_/pico/pico-sdk/src/rp2_common/pico_standard_link/binary_info.c.obj
 *(.binary_info.*)
 .binary_info.__bi_ptr93
                0x100085f4        0x4 CMakeFiles/servo.dir/C_/pico/pico-sdk/src/rp2_common/pico_stdio_usb/stdio_usb.c.obj
                0x100085f8                __binary_info_end = .
                0x100085f8                . = ALIGN (0x4)
                0x100085f8                __etext = .

.ram_vector_table
                0x20000000       0xc0
 *(.ram_vector_table)
 .ram_vector_table
                0x20000000       0xc0 CMakeFiles/servo.dir/C_/pico/pico-sdk/src/rp2_common/pico_runtime/runtime.c.obj
                0x20000000                ram_vector_table

.data           0x200000c0      0x500 load address 0x100085f8
                0x200000c0                __data_start__ = .
 *(vtable)
 *(.time_critical*)
 .time_critical.mutex_enter_blocking
                0x200000c0       0x94 CMakeFiles/servo.dir/C_/pico/pico-sdk/src/common/pico_sync/mutex.c.obj
                0x200000c0                mutex_enter_blocking
 .time_critical.mutex_try_enter
                0x20000154       0x5a CMakeFiles/servo.dir/C_/pico/pico-sdk/src/common/pico_sync/mutex.c.obj
                0x20000154                mutex_try_enter
 *fill*         0x200001ae        0x2 
 .time_critical.mutex_enter_block_until
                0x200001b0       0x8c CMakeFiles/servo.dir/C_/pico/pico-sdk/src/common/pico_sync/mutex.c.obj
                0x200001b0                mutex_enter_block_until
 .time_critical.mutex_enter_timeout_ms
                0x2000023c       0x74 CMakeFiles/servo.dir/C_/pico/pico-sdk/src/common/pico_sync/mutex.c.obj
                0x2000023c                mutex_enter_timeout_ms
 .time_critical.mutex_exit
                0x200002b0       0x94 CMakeFiles/servo.dir/C_/pico/pico-sdk/src/common/pico_sync/mutex.c.obj
                0x200002b0                mutex_exit
 .time_critical.flash_init_boot2_copyout
                0x20000344       0x30 CMakeFiles/servo.dir/C_/pico/pico-sdk/src/rp2_common/hardware_flash/flash.c.obj
 .time_critical.flash_enable_xip_via_boot2
                0x20000374       0x10 CMakeFiles/servo.dir/C_/pico/pico-sdk/src/rp2_common/hardware_flash/flash.c.obj
 .time_critical.flash_cs_force
                0x20000384       0x28 CMakeFiles/servo.dir/C_/pico/pico-sdk/src/rp2_common/hardware_flash/flash.c.obj
 .time_critical.flash_do_cmd
                0x200003ac       0xc0 CMakeFiles/servo.dir/C_/pico/pico-sdk/src/rp2_common/hardware_flash/flash.c.obj
                0x200003ac                flash_do_cmd
 *(.text*)
 .text          0x2000046c        0x4 c:/progra~2/gnuarm~1/102021~1.07/bin/../lib/gcc/arm-none-eabi/10.3.1/thumb/v6-m/nofp\libgcc.a(_dvmd_tls.o)
                0x2000046c                __aeabi_idiv0
                0x2000046c                __aeabi_ldiv0
 .text.__stub   0x20000470       0x50 linker stubs
                0x200004c0                . = ALIGN (0x4)
 *(.rodata*)
                0x200004c0                . = ALIGN (0x4)
 *(.data*)
 .data.striped_spin_lock_num
                0x200004c0        0x1 CMakeFiles/servo.dir/C_/pico/pico-sdk/src/rp2_common/hardware_sync/sync.c.obj
 *fill*         0x200004c1        0x3 
 .data.default_alarm_pool
                0x200004c4       0x18 CMakeFiles/servo.dir/C_/pico/pico-sdk/src/common/pico_time/time.c.obj
 .data.default_alarm_pool_heap
                0x200004dc       0x10 CMakeFiles/servo.dir/C_/pico/pico-sdk/src/common/pico_time/time.c.obj
 .data          0x200004ec       0x48 CMakeFiles/servo.dir/C_/pico/pico-sdk/src/rp2_common/hardware_irq/irq_handler_chain.S.obj
                0x200004ec                irq_handler_chain_slots
                0x2000051c                irq_handler_chain_first_slot
                0x20000526                irq_handler_chain_remove_tail
 *fill*         0x20000534        0xc 
 .data.aeabi_bits_funcs
                0x20000540       0x10 CMakeFiles/servo.dir/C_/pico/pico-sdk/src/rp2_common/pico_bit_ops/bit_ops_aeabi.S.obj
                0x20000540                aeabi_bits_funcs
                0x20000550                aeabi_bits_funcs_end
 .data.aeabi_mem_funcs
                0x20000550       0x10 CMakeFiles/servo.dir/C_/pico/pico-sdk/src/rp2_common/pico_mem_ops/mem_ops_aeabi.S.obj
                0x20000550                aeabi_mem_funcs
                0x20000560                aeabi_mem_funcs_end
 .data.stdio_usb
                0x20000560       0x14 CMakeFiles/servo.dir/C_/pico/pico-sdk/src/rp2_common/pico_stdio_usb/stdio_usb.c.obj
                0x20000560                stdio_usb
 .data.ep_dir_string
                0x20000574        0x8 CMakeFiles/servo.dir/C_/pico/pico-sdk/lib/tinyusb/src/portable/raspberrypi/rp2040/rp2040_usb.c.obj
                0x20000574                ep_dir_string
 .data._usbd_qdef
                0x2000057c       0x24 CMakeFiles/servo.dir/C_/pico/pico-sdk/lib/tinyusb/src/device/usbd.c.obj
                0x2000057c                _usbd_qdef
                0x200005a0                . = ALIGN (0x4)
 *(.after_data.*)
                0x200005a0                . = ALIGN (0x4)
                0x200005a0                PROVIDE (__mutex_array_start = .)
 *(SORT_BY_NAME(.mutex_array.*))
 *(.mutex_array)
 .mutex_array   0x200005a0        0x8 CMakeFiles/servo.dir/C_/pico/pico-sdk/src/rp2_common/pico_stdio/stdio.c.obj
                0x200005a8                PROVIDE (__mutex_array_end = .)
                0x200005a8                . = ALIGN (0x4)
                0x200005a8                PROVIDE (__preinit_array_start = .)
 *(SORT_BY_NAME(.preinit_array.*))
 .preinit_array.00001
                0x200005a8        0x4 CMakeFiles/servo.dir/C_/pico/pico-sdk/src/rp2_common/pico_mem_ops/mem_ops_aeabi.S.obj
 .preinit_array.00010
                0x200005ac        0x4 CMakeFiles/servo.dir/C_/pico/pico-sdk/src/rp2_common/pico_bit_ops/bit_ops_aeabi.S.obj
 .preinit_array.00020
                0x200005b0        0x4 CMakeFiles/servo.dir/C_/pico/pico-sdk/src/rp2_common/pico_double/double_aeabi.S.obj
 .preinit_array.00020
                0x200005b4        0x4 CMakeFiles/servo.dir/C_/pico/pico-sdk/src/rp2_common/pico_float/float_aeabi.S.obj
 *(.preinit_array)
                0x200005b8                PROVIDE (__preinit_array_end = .)
                0x200005b8                . = ALIGN (0x4)
                0x200005b8                PROVIDE (__init_array_start = .)
 *(SORT_BY_NAME(.init_array.*))
 *(.init_array)
 .init_array    0x200005b8        0x4 c:/progra~2/gnuarm~1/102021~1.07/bin/../lib/gcc/arm-none-eabi/10.3.1/thumb/v6-m/nofp/crtbegin.o
 .init_array    0x200005bc        0x4 CMakeFiles/servo.dir/C_/pico/pico-sdk/src/rp2_common/pico_unique_id/unique_id.c.obj
                0x200005c0                PROVIDE (__init_array_end = .)
                0x200005c0                . = ALIGN (0x4)
                [!provide]                PROVIDE (__fini_array_start = .)
 *(SORT_BY_NAME(.fini_array.*))
 *(.fini_array)
                [!provide]                PROVIDE (__fini_array_end = .)
 *(.jcr)
                0x200005c0                . = ALIGN (0x4)
                0x200005c0                __data_end__ = .

.igot.plt       0x200005c0        0x0 load address 0x10008af8
 .igot.plt      0x200005c0        0x0 c:/progra~2/gnuarm~1/102021~1.07/bin/../lib/gcc/arm-none-eabi/10.3.1/thumb/v6-m/nofp/crtbegin.o

.uninitialized_data
                0x200005c0        0x0 load address 0x10008af8
                0x200005c0                . = ALIGN (0x4)
 *(.uninitialized_data*)

.scratch_x      0x20040000        0x0 load address 0x10008af8
                0x20040000                __scratch_x_start__ = .
 *(.scratch_x.*)
                0x20040000                . = ALIGN (0x4)
                0x20040000                __scratch_x_end__ = .
                0x10008af8                __scratch_x_source__ = LOADADDR (.scratch_x)

.scratch_y      0x20041000        0x0 load address 0x10008af8
                0x20041000                __scratch_y_start__ = .
 *(.scratch_y.*)
                0x20041000                . = ALIGN (0x4)
                0x20041000                __scratch_y_end__ = .
                0x10008af8                __scratch_y_source__ = LOADADDR (.scratch_y)

.bss            0x200005c0      0xd60
                0x200005c0                . = ALIGN (0x4)
                0x200005c0                __bss_start__ = .
 *(SORT_BY_ALIGNMENT(SORT_BY_NAME(.bss*)))
 .bss.default_alarm_pool_entries
                0x200005c0      0x100 CMakeFiles/servo.dir/C_/pico/pico-sdk/src/common/pico_time/time.c.obj
 .bss.last_avail_time.2
                0x200006c0        0x8 CMakeFiles/servo.dir/C_/pico/pico-sdk/src/rp2_common/pico_stdio_usb/stdio_usb.c.obj
 .bss           0x200006c8       0x1c c:/progra~2/gnuarm~1/102021~1.07/bin/../lib/gcc/arm-none-eabi/10.3.1/thumb/v6-m/nofp/crtbegin.o
 .bss._app_driver
                0x200006e4        0x4 CMakeFiles/servo.dir/C_/pico/pico-sdk/lib/tinyusb/src/device/usbd.c.obj
 .bss._cdcd_itf
                0x200006e8      0x2d8 CMakeFiles/servo.dir/C_/pico/pico-sdk/lib/tinyusb/src/class/cdc/cdc_device.c.obj
 .bss._ctrl_xfer
                0x200009c0       0x14 CMakeFiles/servo.dir/C_/pico/pico-sdk/lib/tinyusb/src/device/usbd_control.c.obj
 .bss._ubsd_mutexdef
                0x200009d4        0x8 CMakeFiles/servo.dir/C_/pico/pico-sdk/lib/tinyusb/src/device/usbd.c.obj
 .bss._usbd_ctrl_buf
                0x200009dc       0x40 CMakeFiles/servo.dir/C_/pico/pico-sdk/lib/tinyusb/src/device/usbd_control.c.obj
 .bss._usbd_dev
                0x20000a1c       0x37 CMakeFiles/servo.dir/C_/pico/pico-sdk/lib/tinyusb/src/device/usbd.c.obj
 *fill*         0x20000a53        0x1 
 .bss._usbd_mutex
                0x20000a54        0x4 CMakeFiles/servo.dir/C_/pico/pico-sdk/lib/tinyusb/src/device/usbd.c.obj
 .bss._usbd_q   0x20000a58        0x4 CMakeFiles/servo.dir/C_/pico/pico-sdk/lib/tinyusb/src/device/usbd.c.obj
 .bss._usbd_qdef_buf
                0x20000a5c       0xc0 CMakeFiles/servo.dir/C_/pico/pico-sdk/lib/tinyusb/src/device/usbd.c.obj
                0x20000a5c                _usbd_qdef_buf
 .bss.alarm_callbacks
                0x20000b1c       0x10 CMakeFiles/servo.dir/C_/pico/pico-sdk/src/rp2_common/hardware_timer/timer.c.obj
 .bss.boot2_copyout
                0x20000b2c      0x100 CMakeFiles/servo.dir/C_/pico/pico-sdk/src/rp2_common/hardware_flash/flash.c.obj
 .bss.claimed   0x20000c2c        0x4 CMakeFiles/servo.dir/C_/pico/pico-sdk/src/rp2_common/hardware_sync/sync.c.obj
 .bss.configured_freq
                0x20000c30       0x28 CMakeFiles/servo.dir/C_/pico/pico-sdk/src/rp2_common/hardware_clocks/clocks.c.obj
 .bss.default_alarm_pool_entry_ids_high
                0x20000c58       0x10 CMakeFiles/servo.dir/C_/pico/pico-sdk/src/common/pico_time/time.c.obj
 .bss.default_alarm_pool_heap_nodes
                0x20000c68       0x30 CMakeFiles/servo.dir/C_/pico/pico-sdk/src/common/pico_time/time.c.obj
 .bss.desc_str.0
                0x20000c98       0x28 CMakeFiles/servo.dir/C_/pico/pico-sdk/src/rp2_common/pico_stdio_usb/stdio_usb_descriptors.c.obj
 .bss.drivers   0x20000cc0        0x4 CMakeFiles/servo.dir/C_/pico/pico-sdk/src/rp2_common/pico_stdio/stdio.c.obj
 .bss.filter    0x20000cc4        0x4 CMakeFiles/servo.dir/C_/pico/pico-sdk/src/rp2_common/pico_stdio/stdio.c.obj
 .bss.hw_endpoints
                0x20000cc8      0x400 CMakeFiles/servo.dir/C_/pico/pico-sdk/lib/tinyusb/src/portable/raspberrypi/rp2040/dcd_rp2040.c.obj
 .bss.load_value
                0x200010c8        0x4 CMakeFiles/servo.dir/C_/pico/pico-sdk/src/rp2_common/hardware_watchdog/watchdog.c.obj
 .bss.next_buffer_ptr
                0x200010cc        0x4 CMakeFiles/servo.dir/C_/pico/pico-sdk/lib/tinyusb/src/portable/raspberrypi/rp2040/dcd_rp2040.c.obj
 .bss.pools     0x200010d0       0x10 CMakeFiles/servo.dir/C_/pico/pico-sdk/src/common/pico_time/time.c.obj
 .bss.retrieved_id
                0x200010e0        0x8 CMakeFiles/servo.dir/C_/pico/pico-sdk/src/rp2_common/pico_unique_id/unique_id.c.obj
 .bss.sd_table  0x200010e8      0x100 CMakeFiles/servo.dir/C_/pico/pico-sdk/src/rp2_common/pico_double/double_init_rom.c.obj
                0x200010e8                sd_table
 .bss.sf_clz_func
                0x200011e8        0x4 CMakeFiles/servo.dir/C_/pico/pico-sdk/src/rp2_common/pico_float/float_init_rom.c.obj
                0x200011e8                sf_clz_func
 .bss.sf_table  0x200011ec      0x100 CMakeFiles/servo.dir/C_/pico/pico-sdk/src/rp2_common/pico_float/float_init_rom.c.obj
                0x200011ec                sf_table
 .bss.sleep_notifier
                0x200012ec        0x4 CMakeFiles/servo.dir/C_/pico/pico-sdk/src/common/pico_time/time.c.obj
 .bss.stdio_usb_mutex
                0x200012f0        0x8 CMakeFiles/servo.dir/C_/pico/pico-sdk/src/rp2_common/pico_stdio_usb/stdio_usb.c.obj
 .bss.target_hi
                0x200012f8       0x10 CMakeFiles/servo.dir/C_/pico/pico-sdk/src/rp2_common/hardware_timer/timer.c.obj
 .bss.usbd_serial_str
                0x20001308       0x11 CMakeFiles/servo.dir/C_/pico/pico-sdk/src/rp2_common/pico_stdio_usb/stdio_usb_descriptors.c.obj
 .bss._app_driver_count
                0x20001319        0x1 CMakeFiles/servo.dir/C_/pico/pico-sdk/lib/tinyusb/src/device/usbd.c.obj
 .bss._usbd_initialized
                0x2000131a        0x1 CMakeFiles/servo.dir/C_/pico/pico-sdk/lib/tinyusb/src/device/usbd.c.obj
 .bss.boot2_copyout_valid
                0x2000131b        0x1 CMakeFiles/servo.dir/C_/pico/pico-sdk/src/rp2_common/hardware_flash/flash.c.obj
 .bss.claimed   0x2000131c        0x1 CMakeFiles/servo.dir/C_/pico/pico-sdk/src/rp2_common/hardware_timer/timer.c.obj
 .bss.irq_hander_chain_free_slot_head
                0x2000131d        0x1 CMakeFiles/servo.dir/C_/pico/pico-sdk/src/rp2_common/hardware_irq/irq.c.obj
 .bss.itf_num   0x2000131e        0x1 CMakeFiles/servo.dir/C_/pico/pico-sdk/src/rp2_common/pico_stdio_usb/reset_interface.c.obj
 .bss.timer_callbacks_pending
                0x2000131f        0x1 CMakeFiles/servo.dir/C_/pico/pico-sdk/src/rp2_common/hardware_timer/timer.c.obj
 *(COMMON)
                0x20001320                . = ALIGN (0x4)
                0x20001320                __bss_end__ = .

.heap           0x20001320      0x800
                0x20001320                __end__ = .
                0x20001320                end = __end__
 *(.heap*)
 .heap          0x20001320      0x800 CMakeFiles/servo.dir/C_/pico/pico-sdk/src/rp2_common/pico_standard_link/crt0.S.obj
                0x20001b20                __HeapLimit = .

.stack1_dummy   0x20040000        0x0
 *(.stack1*)

.stack_dummy    0x20041000      0x800
 *(.stack*)
 .stack         0x20041000      0x800 CMakeFiles/servo.dir/C_/pico/pico-sdk/src/rp2_common/pico_standard_link/crt0.S.obj

.flash_end      0x10008af8        0x0
                0x10008af8                __flash_binary_end = .
                0x20040000                __StackLimit = (ORIGIN (RAM) + LENGTH (RAM))
                0x20041000                __StackOneTop = (ORIGIN (SCRATCH_X) + LENGTH (SCRATCH_X))
                0x20042000                __StackTop = (ORIGIN (SCRATCH_Y) + LENGTH (SCRATCH_Y))
                0x20041000                __StackOneBottom = (__StackOneTop - SIZEOF (.stack1_dummy))
                0x20041800                __StackBottom = (__StackTop - SIZEOF (.stack_dummy))
                0x20042000                PROVIDE (__stack = __StackTop)
                0x00000001                ASSERT ((__StackLimit >= __HeapLimit), region RAM overflowed)
                0x00000001                ASSERT (((__binary_info_header_end - __logical_binary_start) <= 0x100), Binary info must be in first 256 bytes of the binary)
LOAD CMakeFiles/servo.dir/main.cpp.obj
LOAD CMakeFiles/servo.dir/C_/pico/pico-sdk/src/rp2_common/pico_stdlib/stdlib.c.obj