Archive member included to satisfy reference by file (symbol)

c:/progra~2/gnuarm~1/102021~1.07/bin/../lib/gcc/arm-none-eabi/10.3.1/thumb/v6-m/nofp\libgcc.a(_dvmd_tls.o)
                              CMakeFiles/Multicore.dir/C_/Users/haune/Desktop/Pico/pico-sdk/src/rp2_common/pico_divider/divider.S.obj (__aeabi_idiv0)
c:/progra~2/gnuarm~1/102021~1.07/bin/../lib/gcc/arm-none-eabi/10.3.1/../../../../arm-none-eabi/lib/thumb/v6-m/nofp\libg.a(lib_a-calloc.o)
                              CMakeFiles/Multicore.dir/C_/Users/haune/Desktop/Pico/pico-sdk/src/rp2_common/pico_malloc/pico_malloc.c.obj (calloc)
c:/progra~2/gnuarm~1/102021~1.07/bin/../lib/gcc/arm-none-eabi/10.3.1/../../../../arm-none-eabi/lib/thumb/v6-m/nofp\libg.a(lib_a-callocr.o)
                              c:/progra~2/gnuarm~1/102021~1.07/bin/../lib/gcc/arm-none-eabi/10.3.1/../../../../arm-none-eabi/lib/thumb/v6-m/nofp\libg.a(lib_a-calloc.o) (_calloc_r)
c:/progra~2/gnuarm~1/102021~1.07/bin/../lib/gcc/arm-none-eabi/10.3.1/../../../../arm-none-eabi/lib/thumb/v6-m/nofp\libg.a(lib_a-ctype_.o)
                              CMakeFiles/Multicore.dir/C_/Users/haune/Desktop/Pico/pico-sdk/lib/tinyusb/src/tusb.c.obj (_ctype_)
c:/progra~2/gnuarm~1/102021~1.07/bin/../lib/gcc/arm-none-eabi/10.3.1/../../../../arm-none-eabi/lib/thumb/v6-m/nofp\libg.a(lib_a-errno.o)
                              c:/progra~2/gnuarm~1/102021~1.07/bin/../lib/gcc/arm-none-eabi/10.3.1/../../../../arm-none-eabi/lib/thumb/v6-m/nofp\libg.a(lib_a-callocr.o) (__errno)
c:/progra~2/gnuarm~1/102021~1.07/bin/../lib/gcc/arm-none-eabi/10.3.1/../../../../arm-none-eabi/lib/thumb/v6-m/nofp\libg.a(lib_a-impure.o)
                              c:/progra~2/gnuarm~1/102021~1.07/bin/../lib/gcc/arm-none-eabi/10.3.1/../../../../arm-none-eabi/lib/thumb/v6-m/nofp\libg.a(lib_a-calloc.o) (_impure_ptr)
c:/progra~2/gnuarm~1/102021~1.07/bin/../lib/gcc/arm-none-eabi/10.3.1/../../../../arm-none-eabi/lib/thumb/v6-m/nofp\libg.a(lib_a-init.o)
                              c:/progra~2/gnuarm~1/102021~1.07/bin/../lib/gcc/arm-none-eabi/10.3.1/../../../../arm-none-eabi/lib/thumb/v6-m/nofp/crt0.o (__libc_init_array)
c:/progra~2/gnuarm~1/102021~1.07/bin/../lib/gcc/arm-none-eabi/10.3.1/../../../../arm-none-eabi/lib/thumb/v6-m/nofp\libg.a(lib_a-malloc.o)
                              CMakeFiles/Multicore.dir/C_/Users/haune/Desktop/Pico/pico-sdk/src/rp2_common/pico_malloc/pico_malloc.c.obj (malloc)
c:/progra~2/gnuarm~1/102021~1.07/bin/../lib/gcc/arm-none-eabi/10.3.1/../../../../arm-none-eabi/lib/thumb/v6-m/nofp\libg.a(lib_a-mallocr.o)
                              c:/progra~2/gnuarm~1/102021~1.07/bin/../lib/gcc/arm-none-eabi/10.3.1/../../../../arm-none-eabi/lib/thumb/v6-m/nofp\libg.a(lib_a-callocr.o) (_malloc_r)
c:/progra~2/gnuarm~1/102021~1.07/bin/../lib/gcc/arm-none-eabi/10.3.1/../../../../arm-none-eabi/lib/thumb/v6-m/nofp\libg.a(lib_a-mlock.o)
                              c:/progra~2/gnuarm~1/102021~1.07/bin/../lib/gcc/arm-none-eabi/10.3.1/../../../../arm-none-eabi/lib/thumb/v6-m/nofp\libg.a(lib_a-mallocr.o) (__malloc_lock)
c:/progra~2/gnuarm~1/102021~1.07/bin/../lib/gcc/arm-none-eabi/10.3.1/../../../../arm-none-eabi/lib/thumb/v6-m/nofp\libg.a(lib_a-sbrkr.o)
                              c:/progra~2/gnuarm~1/102021~1.07/bin/../lib/gcc/arm-none-eabi/10.3.1/../../../../arm-none-eabi/lib/thumb/v6-m/nofp\libg.a(lib_a-mallocr.o) (_sbrk_r)
c:/progra~2/gnuarm~1/102021~1.07/bin/../lib/gcc/arm-none-eabi/10.3.1/../../../../arm-none-eabi/lib/thumb/v6-m/nofp\libg.a(lib_a-strlen-stub.o)
                              CMakeFiles/Multicore.dir/C_/Users/haune/Desktop/Pico/pico-sdk/src/rp2_common/pico_stdio/stdio.c.obj (strlen)
c:/progra~2/gnuarm~1/102021~1.07/bin/../lib/gcc/arm-none-eabi/10.3.1/../../../../arm-none-eabi/lib/thumb/v6-m/nofp\libg.a(lib_a-freer.o)
                              c:/progra~2/gnuarm~1/102021~1.07/bin/../lib/gcc/arm-none-eabi/10.3.1/../../../../arm-none-eabi/lib/thumb/v6-m/nofp\libg.a(lib_a-malloc.o) (_free_r)
c:/progra~2/gnuarm~1/102021~1.07/bin/../lib/gcc/arm-none-eabi/10.3.1/../../../../arm-none-eabi/lib/thumb/v6-m/nofp\libg.a(lib_a-lock.o)
                              c:/progra~2/gnuarm~1/102021~1.07/bin/../lib/gcc/arm-none-eabi/10.3.1/../../../../arm-none-eabi/lib/thumb/v6-m/nofp\libg.a(lib_a-mlock.o) (__retarget_lock_acquire_recursive)
c:/progra~2/gnuarm~1/102021~1.07/bin/../lib/gcc/arm-none-eabi/10.3.1/../../../../arm-none-eabi/lib/thumb/v6-m/nofp\libg.a(lib_a-reent.o)
                              c:/progra~2/gnuarm~1/102021~1.07/bin/../lib/gcc/arm-none-eabi/10.3.1/../../../../arm-none-eabi/lib/thumb/v6-m/nofp\libg.a(lib_a-sbrkr.o) (errno)

Discarded input sections

 .text          0x00000000        0x0 c:/progra~2/gnuarm~1/102021~1.07/bin/../lib/gcc/arm-none-eabi/10.3.1/thumb/v6-m/nofp/crti.o
 .data          0x00000000        0x0 c:/progra~2/gnuarm~1/102021~1.07/bin/../lib/gcc/arm-none-eabi/10.3.1/thumb/v6-m/nofp/crti.o
[...]
Memory Configuration

Name             Origin             Length             Attributes
FLASH            0x10000000         0x00200000         xr
RAM              0x20000000         0x00040000         xrw
SCRATCH_X        0x20040000         0x00001000         xrw
SCRATCH_Y        0x20041000         0x00001000         xrw
*default*        0x00000000         0xffffffff

Linker script and memory map

LOAD c:/progra~2/gnuarm~1/102021~1.07/bin/../lib/gcc/arm-none-eabi/10.3.1/thumb/v6-m/nofp/crti.o
LOAD c:/progra~2/gnuarm~1/102021~1.07/bin/../lib/gcc/arm-none-eabi/10.3.1/thumb/v6-m/nofp/crtbegin.o
LOAD c:/progra~2/gnuarm~1/102021~1.07/bin/../lib/gcc/arm-none-eabi/10.3.1/../../../../arm-none-eabi/lib/thumb/v6-m/nofp/crt0.o

.flash_begin    0x10000000        0x0
                0x10000000                __flash_binary_start = .

.boot2          0x10000000      0x100
                0x10000000                __boot2_start__ = .
 *(.boot2)
 .boot2         0x10000000      0x100 C:\Users\haune\AppData\Local\Temp\ccoDxrov.o
                0x10000100                __boot2_end__ = .
                0x00000001                ASSERT (((__boot2_end__ - __boot2_start__) == 0x100), ERROR: Pico second stage bootloader must be 256 bytes in size)

.text           0x10000100     0x7220
                0x10000100                __logical_binary_start = .
 *(.vectors)
 .vectors       0x10000100       0xd4 CMakeFiles/Multicore.dir/C_/Users/haune/Desktop/Pico/pico-sdk/src/rp2_common/pico_standard_link/crt0.S.obj
                0x10000100                __VECTOR_TABLE
                0x10000100                __vectors
                0x100001c0                isr_invalid
                0x100001c0                __default_isrs_start
                0x100001c2                isr_nmi
                0x100001c4                isr_hardfault
                0x100001c6                isr_svcall
                0x100001c8                isr_pendsv
                0x100001ca                isr_systick
                0x100001cc                isr_irq23
                0x100001cc                isr_irq18
                0x100001cc                isr_irq11
                0x100001cc                isr_irq28
                0x100001cc                isr_irq19
                0x100001cc                isr_irq0
                0x100001cc                isr_irq6
                0x100001cc                isr_irq5
                0x100001cc                isr_irq12
                0x100001cc                isr_irq22
                0x100001cc                isr_irq31
                0x100001cc                isr_irq17
                0x100001cc                isr_irq27
                0x100001cc                isr_irq30
                0x100001cc                isr_irq2
                0x100001cc                isr_irq10
                0x100001cc                isr_irq8
                0x100001cc                isr_irq24
                0x100001cc                isr_irq1
                0x100001cc                isr_irq7
                0x100001cc                isr_irq21
                0x100001cc                isr_irq20
                0x100001cc                isr_irq15
                0x100001cc                isr_irq25
                0x100001cc                isr_irq13
                0x100001cc                __unhandled_user_irq
                0x100001cc                isr_irq4
                0x100001cc                isr_irq16
                0x100001cc                isr_irq29
                0x100001cc                isr_irq26
                0x100001cc                __default_isrs_end
                0x100001cc                isr_irq3
                0x100001cc                isr_irq14
                0x100001cc                isr_irq9
                0x100001d2                unhandled_user_irq_num_in_r0
 *(.binary_info_header)
 .binary_info_header
                0x100001d4       0x14 CMakeFiles/Multicore.dir/C_/Users/haune/Desktop/Pico/pico-sdk/src/rp2_common/pico_standard_link/crt0.S.obj
                0x100001e8                __binary_info_header_end = .
 *(.reset)
 .reset         0x100001e8       0xa8 CMakeFiles/Multicore.dir/C_/Users/haune/Desktop/Pico/pico-sdk/src/rp2_common/pico_standard_link/crt0.S.obj
                0x100001e8                _entry_point
                0x10000266                __get_current_exception
 .reset         0x10000290       0x30 CMakeFiles/Multicore.dir/C_/Users/haune/Desktop/Pico/pico-sdk/src/rp2_common/pico_standard_link/binary_info.c.obj
 *(.init)
 .init          0x100002c0        0x4 c:/progra~2/gnuarm~1/102021~1.07/bin/../lib/gcc/arm-none-eabi/10.3.1/thumb/v6-m/nofp/crti.o
                0x100002c0                _init
 *(EXCLUDE_FILE(*libm.a: *libc.a:*lib_a-mem*.o *libgcc.a:) .text*)
 .text          0x100002c4       0x48 c:/progra~2/gnuarm~1/102021~1.07/bin/../lib/gcc/arm-none-eabi/10.3.1/thumb/v6-m/nofp/crtbegin.o
 .text._Z23core1_interrupt_handlerv
                0x1000030c       0x78 CMakeFiles/Multicore.dir/multicore.cpp.obj
                0x1000030c                core1_interrupt_handler()
 .text._Z11core1_entryv
                0x10000384       0x20 CMakeFiles/Multicore.dir/multicore.cpp.obj
                0x10000384                core1_entry()
 .text.main     0x100003a4       0x60 CMakeFiles/Multicore.dir/multicore.cpp.obj
                0x100003a4                main
 .text.core1_trampoline
                0x10000404        0x2 CMakeFiles/Multicore.dir/C_/Users/haune/Desktop/Pico/pico-sdk/src/rp2_common/pico_multicore/multicore.c.obj
 .text.core1_wrapper
                0x10000406        0xc CMakeFiles/Multicore.dir/C_/Users/haune/Desktop/Pico/pico-sdk/src/rp2_common/pico_multicore/multicore.c.obj
                0x10000406                core1_wrapper
 .text.multicore_fifo_push_blocking
                0x10000412       0x14 CMakeFiles/Multicore.dir/C_/Users/haune/Desktop/Pico/pico-sdk/src/rp2_common/pico_multicore/multicore.c.obj
                0x10000412                multicore_fifo_push_blocking
 .text.multicore_fifo_pop_blocking
                0x10000426       0x16 CMakeFiles/Multicore.dir/C_/Users/haune/Desktop/Pico/pico-sdk/src/rp2_common/pico_multicore/multicore.c.obj
                0x10000426                multicore_fifo_pop_blocking
 .text.multicore_launch_core1_raw
                0x1000043c       0x68 CMakeFiles/Multicore.dir/C_/Users/haune/Desktop/Pico/pico-sdk/src/rp2_common/pico_multicore/multicore.c.obj
                0x1000043c                multicore_launch_core1_raw
 .text.multicore_launch_core1_with_stack
                0x100004a4       0x50 CMakeFiles/Multicore.dir/C_/Users/haune/Desktop/Pico/pico-sdk/src/rp2_common/pico_multicore/multicore.c.obj
                0x100004a4                multicore_launch_core1_with_stack
 .text.multicore_launch_core1
                0x100004f4       0x24 CMakeFiles/Multicore.dir/C_/Users/haune/Desktop/Pico/pico-sdk/src/rp2_common/pico_multicore/multicore.c.obj
                0x100004f4                multicore_launch_core1
 .text.lock_init
                0x10000518       0x10 CMakeFiles/Multicore.dir/C_/Users/haune/Desktop/Pico/pico-sdk/src/common/pico_sync/lock_core.c.obj
                0x10000518                lock_init
 .text.spin_locks_reset
                0x10000528       0x20 CMakeFiles/Multicore.dir/C_/Users/haune/Desktop/Pico/pico-sdk/src/rp2_common/hardware_sync/sync.c.obj
                0x10000528                spin_locks_reset
 .text.next_striped_spin_lock_num
                0x10000548       0x1c CMakeFiles/Multicore.dir/C_/Users/haune/Desktop/Pico/pico-sdk/src/rp2_common/hardware_sync/sync.c.obj
                0x10000548                next_striped_spin_lock_num
 .text.spin_lock_claim_unused
                0x10000564       0x20 CMakeFiles/Multicore.dir/C_/Users/haune/Desktop/Pico/pico-sdk/src/rp2_common/hardware_sync/sync.c.obj
                0x10000564                spin_lock_claim_unused
 .text.hw_claim_lock
                0x10000584       0x18 CMakeFiles/Multicore.dir/C_/Users/haune/Desktop/Pico/pico-sdk/src/rp2_common/hardware_claim/claim.c.obj
                0x10000584                hw_claim_lock
 .text.hw_claim_unlock
                0x1000059c       0x14 CMakeFiles/Multicore.dir/C_/Users/haune/Desktop/Pico/pico-sdk/src/rp2_common/hardware_claim/claim.c.obj
                0x1000059c                hw_claim_unlock
 .text.hw_claim_or_assert
                0x100005b0       0x32 CMakeFiles/Multicore.dir/C_/Users/haune/Desktop/Pico/pico-sdk/src/rp2_common/hardware_claim/claim.c.obj
                0x100005b0                hw_claim_or_assert
 .text.hw_claim_unused_from_range
                0x100005e2       0x50 CMakeFiles/Multicore.dir/C_/Users/haune/Desktop/Pico/pico-sdk/src/rp2_common/hardware_claim/claim.c.obj
                0x100005e2                hw_claim_unused_from_range
 *fill*         0x10000632        0x2 
 .text.running_on_fpga
                0x10000634       0x14 CMakeFiles/Multicore.dir/C_/Users/haune/Desktop/Pico/pico-sdk/src/rp2_common/pico_platform/platform.c.obj
                0x10000634                running_on_fpga
 .text.alarm_pool_post_alloc_init
                0x10000648       0x40 CMakeFiles/Multicore.dir/C_/Users/haune/Desktop/Pico/pico-sdk/src/common/pico_time/time.c.obj
 .text.sleep_until_callback
                0x10000688       0x30 CMakeFiles/Multicore.dir/C_/Users/haune/Desktop/Pico/pico-sdk/src/common/pico_time/time.c.obj
 .text.timer_pool_entry_comparator
                0x100006b8       0x7c CMakeFiles/Multicore.dir/C_/Users/haune/Desktop/Pico/pico-sdk/src/common/pico_time/time.c.obj
                0x100006b8                timer_pool_entry_comparator
 .text.ph_add_child_node
                0x10000734       0xa4 CMakeFiles/Multicore.dir/C_/Users/haune/Desktop/Pico/pico-sdk/src/common/pico_time/time.c.obj
 .text.ph_merge_nodes
                0x100007d8       0x3e CMakeFiles/Multicore.dir/C_/Users/haune/Desktop/Pico/pico-sdk/src/common/pico_time/time.c.obj
 *fill*         0x10000816        0x2 
 .text.add_alarm_under_lock
                0x10000818      0x174 CMakeFiles/Multicore.dir/C_/Users/haune/Desktop/Pico/pico-sdk/src/common/pico_time/time.c.obj
 .text.alarm_pool_alarm_callback
                0x1000098c      0x328 CMakeFiles/Multicore.dir/C_/Users/haune/Desktop/Pico/pico-sdk/src/common/pico_time/time.c.obj
 .text.alarm_pool_init_default
                0x10000cb4       0x38 CMakeFiles/Multicore.dir/C_/Users/haune/Desktop/Pico/pico-sdk/src/common/pico_time/time.c.obj
                0x10000cb4                alarm_pool_init_default
 .text.alarm_pool_get_default
                0x10000cec       0x2c CMakeFiles/Multicore.dir/C_/Users/haune/Desktop/Pico/pico-sdk/src/common/pico_time/time.c.obj
                0x10000cec                alarm_pool_get_default
 .text.alarm_pool_add_alarm_at
                0x10000d18      0x170 CMakeFiles/Multicore.dir/C_/Users/haune/Desktop/Pico/pico-sdk/src/common/pico_time/time.c.obj
                0x10000d18                alarm_pool_add_alarm_at
 .text.alarm_pool_cancel_alarm
                0x10000e88       0xec CMakeFiles/Multicore.dir/C_/Users/haune/Desktop/Pico/pico-sdk/src/common/pico_time/time.c.obj
                0x10000e88                alarm_pool_cancel_alarm
 .text.sleep_until
                0x10000f74       0xfc CMakeFiles/Multicore.dir/C_/Users/haune/Desktop/Pico/pico-sdk/src/common/pico_time/time.c.obj
                0x10000f74                sleep_until
 .text.sleep_us
                0x10001070       0x58 CMakeFiles/Multicore.dir/C_/Users/haune/Desktop/Pico/pico-sdk/src/common/pico_time/time.c.obj
                0x10001070                sleep_us
 .text.sleep_ms
                0x100010c8       0x14 CMakeFiles/Multicore.dir/C_/Users/haune/Desktop/Pico/pico-sdk/src/common/pico_time/time.c.obj
                0x100010c8                sleep_ms
 .text.best_effort_wfe_or_timeout
                0x100010dc       0x80 CMakeFiles/Multicore.dir/C_/Users/haune/Desktop/Pico/pico-sdk/src/common/pico_time/time.c.obj
                0x100010dc                best_effort_wfe_or_timeout
 .text.hardware_alarm_irq_handler
                0x1000115c       0x8c CMakeFiles/Multicore.dir/C_/Users/haune/Desktop/Pico/pico-sdk/src/rp2_common/hardware_timer/timer.c.obj
 .text.hardware_alarm_claim
                0x100011e8       0x18 CMakeFiles/Multicore.dir/C_/Users/haune/Desktop/Pico/pico-sdk/src/rp2_common/hardware_timer/timer.c.obj
                0x100011e8                hardware_alarm_claim
 .text.time_us_64
                0x10001200       0x18 CMakeFiles/Multicore.dir/C_/Users/haune/Desktop/Pico/pico-sdk/src/rp2_common/hardware_timer/timer.c.obj
                0x10001200                time_us_64
 .text.busy_wait_until
                0x10001218       0x28 CMakeFiles/Multicore.dir/C_/Users/haune/Desktop/Pico/pico-sdk/src/rp2_common/hardware_timer/timer.c.obj
                0x10001218                busy_wait_until
 .text.hardware_alarm_set_callback
                0x10001240       0x90 CMakeFiles/Multicore.dir/C_/Users/haune/Desktop/Pico/pico-sdk/src/rp2_common/hardware_timer/timer.c.obj
                0x10001240                hardware_alarm_set_callback
 .text.hardware_alarm_set_target
                0x100012d0       0xe8 CMakeFiles/Multicore.dir/C_/Users/haune/Desktop/Pico/pico-sdk/src/rp2_common/hardware_timer/timer.c.obj
                0x100012d0                hardware_alarm_set_target
 .text.hardware_alarm_cancel
                0x100013b8       0x40 CMakeFiles/Multicore.dir/C_/Users/haune/Desktop/Pico/pico-sdk/src/rp2_common/hardware_timer/timer.c.obj
                0x100013b8                hardware_alarm_cancel
 .text.ph_add_child_node
                0x100013f8       0xa4 CMakeFiles/Multicore.dir/C_/Users/haune/Desktop/Pico/pico-sdk/src/common/pico_util/pheap.c.obj
 .text.ph_merge_nodes
                0x1000149c       0x3e CMakeFiles/Multicore.dir/C_/Users/haune/Desktop/Pico/pico-sdk/src/common/pico_util/pheap.c.obj
 *fill*         0x100014da        0x2 
 .text.ph_clear
                0x100014dc       0x70 CMakeFiles/Multicore.dir/C_/Users/haune/Desktop/Pico/pico-sdk/src/common/pico_util/pheap.c.obj
                0x100014dc                ph_clear
 .text.ph_post_alloc_init
                0x1000154c        0xe CMakeFiles/Multicore.dir/C_/Users/haune/Desktop/Pico/pico-sdk/src/common/pico_util/pheap.c.obj
                0x1000154c                ph_post_alloc_init
 *fill*         0x1000155a        0x2 
 .text.ph_merge_two_pass
                0x1000155c       0xa8 CMakeFiles/Multicore.dir/C_/Users/haune/Desktop/Pico/pico-sdk/src/common/pico_util/pheap.c.obj
                0x1000155c                ph_merge_two_pass
 .text.ph_remove_any_head
                0x10001604      0x108 CMakeFiles/Multicore.dir/C_/Users/haune/Desktop/Pico/pico-sdk/src/common/pico_util/pheap.c.obj
 .text.ph_remove_head
                0x1000170c       0x14 CMakeFiles/Multicore.dir/C_/Users/haune/Desktop/Pico/pico-sdk/src/common/pico_util/pheap.c.obj
                0x1000170c                ph_remove_head
 .text.ph_remove_and_free_node
                0x10001720       0xf8 CMakeFiles/Multicore.dir/C_/Users/haune/Desktop/Pico/pico-sdk/src/common/pico_util/pheap.c.obj
                0x10001720                ph_remove_and_free_node
 .text.mutex_init_internal
                0x10001818       0x1e CMakeFiles/Multicore.dir/C_/Users/haune/Desktop/Pico/pico-sdk/src/common/pico_sync/mutex.c.obj
 .text.mutex_init
                0x10001836        0xa CMakeFiles/Multicore.dir/C_/Users/haune/Desktop/Pico/pico-sdk/src/common/pico_sync/mutex.c.obj
                0x10001836                mutex_init
 .text.recursive_mutex_init
                0x10001840        0xa CMakeFiles/Multicore.dir/C_/Users/haune/Desktop/Pico/pico-sdk/src/common/pico_sync/mutex.c.obj
                0x10001840                recursive_mutex_init
 *fill*         0x1000184a        0x2 
 .text.critical_section_init_with_lock_num
                0x1000184c       0x14 CMakeFiles/Multicore.dir/C_/Users/haune/Desktop/Pico/pico-sdk/src/common/pico_sync/critical_section.c.obj
                0x1000184c                critical_section_init_with_lock_num
 .text.critical_section_init
                0x10001860       0x14 CMakeFiles/Multicore.dir/C_/Users/haune/Desktop/Pico/pico-sdk/src/common/pico_sync/critical_section.c.obj
                0x10001860                critical_section_init
 .text.set_raw_irq_handler_and_unlock
                0x10001874       0x28 CMakeFiles/Multicore.dir/C_/Users/haune/Desktop/Pico/pico-sdk/src/rp2_common/hardware_irq/irq.c.obj
 .text.make_branch
                0x1000189c       0x34 CMakeFiles/Multicore.dir/C_/Users/haune/Desktop/Pico/pico-sdk/src/rp2_common/hardware_irq/irq.c.obj
 .text.insert_branch_and_link
                0x100018d0       0x40 CMakeFiles/Multicore.dir/C_/Users/haune/Desktop/Pico/pico-sdk/src/rp2_common/hardware_irq/irq.c.obj
 .text.irq_is_enabled
                0x10001910       0x18 CMakeFiles/Multicore.dir/C_/Users/haune/Desktop/Pico/pico-sdk/src/rp2_common/hardware_irq/irq.c.obj
                0x10001910                irq_is_enabled
 .text.irq_set_mask_enabled
                0x10001928       0x20 CMakeFiles/Multicore.dir/C_/Users/haune/Desktop/Pico/pico-sdk/src/rp2_common/hardware_irq/irq.c.obj
                0x10001928                irq_set_mask_enabled
 .text.irq_set_enabled
                0x10001948        0xe CMakeFiles/Multicore.dir/C_/Users/haune/Desktop/Pico/pico-sdk/src/rp2_common/hardware_irq/irq.c.obj
                0x10001948                irq_set_enabled
 *fill*         0x10001956        0x2 
 .text.irq_set_pending
                0x10001958       0x10 CMakeFiles/Multicore.dir/C_/Users/haune/Desktop/Pico/pico-sdk/src/rp2_common/hardware_irq/irq.c.obj
                0x10001958                irq_set_pending
 .text.irq_get_vtable_handler
                0x10001968       0x10 CMakeFiles/Multicore.dir/C_/Users/haune/Desktop/Pico/pico-sdk/src/rp2_common/hardware_irq/irq.c.obj
                0x10001968                irq_get_vtable_handler
 .text.irq_set_exclusive_handler
                0x10001978       0x54 CMakeFiles/Multicore.dir/C_/Users/haune/Desktop/Pico/pico-sdk/src/rp2_common/hardware_irq/irq.c.obj
                0x10001978                irq_set_exclusive_handler
 .text.irq_remove_handler
                0x100019cc      0x1ac CMakeFiles/Multicore.dir/C_/Users/haune/Desktop/Pico/pico-sdk/src/rp2_common/hardware_irq/irq.c.obj
                0x100019cc                irq_remove_handler
 .text.irq_set_priority
                0x10001b78       0x28 CMakeFiles/Multicore.dir/C_/Users/haune/Desktop/Pico/pico-sdk/src/rp2_common/hardware_irq/irq.c.obj
                0x10001b78                irq_set_priority
 .text.irq_add_tail_to_free_list
                0x10001ba0       0xf0 CMakeFiles/Multicore.dir/C_/Users/haune/Desktop/Pico/pico-sdk/src/rp2_common/hardware_irq/irq.c.obj
                0x10001ba0                irq_add_tail_to_free_list
 .text.irq_init_priorities
                0x10001c90       0x16 CMakeFiles/Multicore.dir/C_/Users/haune/Desktop/Pico/pico-sdk/src/rp2_common/hardware_irq/irq.c.obj
                0x10001c90                irq_init_priorities
 *fill*         0x10001ca6        0x2 
 .text.runtime_init
                0x10001ca8       0xd8 CMakeFiles/Multicore.dir/C_/Users/haune/Desktop/Pico/pico-sdk/src/rp2_common/pico_runtime/runtime.c.obj
                0x10001ca8                runtime_init
 .text._exit    0x10001d80        0x4 CMakeFiles/Multicore.dir/C_/Users/haune/Desktop/Pico/pico-sdk/src/rp2_common/pico_runtime/runtime.c.obj
                0x10001d80                _exit
 .text.exit     0x10001d84        0x6 CMakeFiles/Multicore.dir/C_/Users/haune/Desktop/Pico/pico-sdk/src/rp2_common/pico_runtime/runtime.c.obj
                0x10001d84                exit
 *fill*         0x10001d8a        0x2 
 .text.__assert_func
                0x10001d8c       0x3c CMakeFiles/Multicore.dir/C_/Users/haune/Desktop/Pico/pico-sdk/src/rp2_common/pico_runtime/runtime.c.obj
                0x10001d8c                __assert_func
 .text.panic    0x10001dc8       0x30 CMakeFiles/Multicore.dir/C_/Users/haune/Desktop/Pico/pico-sdk/src/rp2_common/pico_runtime/runtime.c.obj
                0x10001dc8                panic
 .text.clock_configure
                0x10001df8      0x104 CMakeFiles/Multicore.dir/C_/Users/haune/Desktop/Pico/pico-sdk/src/rp2_common/hardware_clocks/clocks.c.obj
                0x10001df8                clock_configure
 .text.clocks_init
                0x10001efc      0x100 CMakeFiles/Multicore.dir/C_/Users/haune/Desktop/Pico/pico-sdk/src/rp2_common/hardware_clocks/clocks.c.obj
                0x10001efc                clocks_init
 .text.pll_init
                0x10001ffc      0x118 CMakeFiles/Multicore.dir/C_/Users/haune/Desktop/Pico/pico-sdk/src/rp2_common/hardware_pll/pll.c.obj
                0x10001ffc                pll_init
 .text.watchdog_start_tick
                0x10002114       0x10 CMakeFiles/Multicore.dir/C_/Users/haune/Desktop/Pico/pico-sdk/src/rp2_common/hardware_watchdog/watchdog.c.obj
                0x10002114                watchdog_start_tick
 .text.watchdog_update
                0x10002124       0x14 CMakeFiles/Multicore.dir/C_/Users/haune/Desktop/Pico/pico-sdk/src/rp2_common/hardware_watchdog/watchdog.c.obj
                0x10002124                watchdog_update
 .text._watchdog_enable
                0x10002138       0x70 CMakeFiles/Multicore.dir/C_/Users/haune/Desktop/Pico/pico-sdk/src/rp2_common/hardware_watchdog/watchdog.c.obj
                0x10002138                _watchdog_enable
 .text.watchdog_reboot
                0x100021a8       0x48 CMakeFiles/Multicore.dir/C_/Users/haune/Desktop/Pico/pico-sdk/src/rp2_common/hardware_watchdog/watchdog.c.obj
                0x100021a8                watchdog_reboot
 .text.xosc_init
                0x100021f0       0x28 CMakeFiles/Multicore.dir/C_/Users/haune/Desktop/Pico/pico-sdk/src/rp2_common/hardware_xosc/xosc.c.obj
                0x100021f0                xosc_init
 .text._out_null
                0x10002218        0x2 CMakeFiles/Multicore.dir/C_/Users/haune/Desktop/Pico/pico-sdk/src/rp2_common/pico_printf/printf.c.obj
 .text._out_fct
                0x1000221a        0xe CMakeFiles/Multicore.dir/C_/Users/haune/Desktop/Pico/pico-sdk/src/rp2_common/pico_printf/printf.c.obj
 .text._atoi    0x10002228       0x24 CMakeFiles/Multicore.dir/C_/Users/haune/Desktop/Pico/pico-sdk/src/rp2_common/pico_printf/printf.c.obj
 .text._out_rev
                0x1000224c       0xae CMakeFiles/Multicore.dir/C_/Users/haune/Desktop/Pico/pico-sdk/src/rp2_common/pico_printf/printf.c.obj
 .text._ntoa_format
                0x100022fa      0x112 CMakeFiles/Multicore.dir/C_/Users/haune/Desktop/Pico/pico-sdk/src/rp2_common/pico_printf/printf.c.obj
 .text._ntoa_long
                0x1000240c       0xbc CMakeFiles/Multicore.dir/C_/Users/haune/Desktop/Pico/pico-sdk/src/rp2_common/pico_printf/printf.c.obj
 .text._ntoa_long_long
                0x100024c8       0xe2 CMakeFiles/Multicore.dir/C_/Users/haune/Desktop/Pico/pico-sdk/src/rp2_common/pico_printf/printf.c.obj
 *fill*         0x100025aa        0x2 
 .text._etoa    0x100025ac      0x414 CMakeFiles/Multicore.dir/C_/Users/haune/Desktop/Pico/pico-sdk/src/rp2_common/pico_printf/printf.c.obj
 .text._ftoa    0x100029c0      0x354 CMakeFiles/Multicore.dir/C_/Users/haune/Desktop/Pico/pico-sdk/src/rp2_common/pico_printf/printf.c.obj
 .text._vsnprintf
                0x10002d14      0x624 CMakeFiles/Multicore.dir/C_/Users/haune/Desktop/Pico/pico-sdk/src/rp2_common/pico_printf/printf.c.obj
 .text.vfctprintf
                0x10003338       0x20 CMakeFiles/Multicore.dir/C_/Users/haune/Desktop/Pico/pico-sdk/src/rp2_common/pico_printf/printf.c.obj
                0x10003338                vfctprintf
 .text          0x10003358       0x10 CMakeFiles/Multicore.dir/C_/Users/haune/Desktop/Pico/pico-sdk/src/rp2_common/pico_bit_ops/bit_ops_aeabi.S.obj
 .text.rom_func_lookup
                0x10003368       0x10 CMakeFiles/Multicore.dir/C_/Users/haune/Desktop/Pico/pico-sdk/src/rp2_common/pico_bootrom/bootrom.c.obj
                0x10003368                rom_func_lookup
 .text.rom_data_lookup
                0x10003378       0x10 CMakeFiles/Multicore.dir/C_/Users/haune/Desktop/Pico/pico-sdk/src/rp2_common/pico_bootrom/bootrom.c.obj
                0x10003378                rom_data_lookup
 .text.rom_funcs_lookup
                0x10003388       0x36 CMakeFiles/Multicore.dir/C_/Users/haune/Desktop/Pico/pico-sdk/src/rp2_common/pico_bootrom/bootrom.c.obj
                0x10003388                rom_funcs_lookup
 *fill*         0x100033be        0x2 
 .text.__wrap___aeabi_idiv
                0x100033c0       0x50 CMakeFiles/Multicore.dir/C_/Users/haune/Desktop/Pico/pico-sdk/src/rp2_common/pico_divider/divider.S.obj
                0x100033c0                __wrap___aeabi_idivmod
                0x100033c0                divmod_s32s32
                0x100033c0                div_s32s32
                0x100033c0                __wrap___aeabi_idiv
                0x100033c8                divmod_s32s32_unsafe
                0x100033f4                divmod_s32s32_savestate
 .text.__wrap___aeabi_uidiv
                0x10003410       0x4c CMakeFiles/Multicore.dir/C_/Users/haune/Desktop/Pico/pico-sdk/src/rp2_common/pico_divider/divider.S.obj
                0x10003410                __wrap___aeabi_uidiv
                0x10003410                __wrap___aeabi_uidivmod
                0x10003410                div_u32u32
                0x10003410                divmod_u32u32
                0x10003418                divmod_u32u32_unsafe
                0x10003440                divmod_u32u32_savestate
 .text.__wrap___aeabi_ldiv
                0x1000345c      0x430 CMakeFiles/Multicore.dir/C_/Users/haune/Desktop/Pico/pico-sdk/src/rp2_common/pico_divider/divider.S.obj
                0x1000345c                div_s64s64
                0x1000345c                divmod_s64s64
                0x1000345c                __wrap___aeabi_ldivmod
                0x10003494                divmod_u64u64
                0x10003494                div_u64u64
                0x10003494                __wrap___aeabi_uldivmod
                0x100034a4                divmod_u64u64_savestate
                0x100034cc                divmod_s64s64_unsafe
                0x10003554                divmod_u64u64_unsafe
 .text.__wrap___aeabi_darithmetic
                0x1000388c       0x80 CMakeFiles/Multicore.dir/C_/Users/haune/Desktop/Pico/pico-sdk/src/rp2_common/pico_double/double_aeabi.S.obj
                0x1000388c                __wrap___aeabi_drsub
                0x10003892                __wrap___aeabi_dsub
                0x100038a4                __wrap___aeabi_dadd
                0x100038b6                __wrap___aeabi_ddiv
                0x100038f2                __wrap___aeabi_dmul
 .text.__wrap___aeabi_cdcmple
                0x1000390c       0x6c CMakeFiles/Multicore.dir/C_/Users/haune/Desktop/Pico/pico-sdk/src/rp2_common/pico_double/double_aeabi.S.obj
                0x1000390c                __wrap___aeabi_cdrcmple
                0x1000391c                __wrap___aeabi_cdcmpeq
                0x1000391c                __wrap___aeabi_cdcmple
 .text.__wrap___aeabi_dcmplt
                0x10003978        0xc CMakeFiles/Multicore.dir/C_/Users/haune/Desktop/Pico/pico-sdk/src/rp2_common/pico_double/double_aeabi.S.obj
                0x10003978                __wrap___aeabi_dcmplt
 .text.__wrap___aeabi_dcmple
                0x10003984       0x10 CMakeFiles/Multicore.dir/C_/Users/haune/Desktop/Pico/pico-sdk/src/rp2_common/pico_double/double_aeabi.S.obj
                0x10003984                __wrap___aeabi_dcmple
 .text.__wrap___aeabi_dcmpge
                0x10003994       0x10 CMakeFiles/Multicore.dir/C_/Users/haune/Desktop/Pico/pico-sdk/src/rp2_common/pico_double/double_aeabi.S.obj
                0x10003994                __wrap___aeabi_dcmpge
 .text.__wrap___aeabi_dcmpgt
                0x100039a4        0xa CMakeFiles/Multicore.dir/C_/Users/haune/Desktop/Pico/pico-sdk/src/rp2_common/pico_double/double_aeabi.S.obj
                0x100039a4                __wrap___aeabi_dcmpgt
 .text.__wrap___aeabi_dcmpun
                0x100039ae       0x1c CMakeFiles/Multicore.dir/C_/Users/haune/Desktop/Pico/pico-sdk/src/rp2_common/pico_double/double_aeabi.S.obj
                0x100039ae                __wrap___aeabi_dcmpun
 *fill*         0x100039ca        0x2 
 .text.__wrap___aeabi_i2d
                0x100039cc       0x38 CMakeFiles/Multicore.dir/C_/Users/haune/Desktop/Pico/pico-sdk/src/rp2_common/pico_double/double_aeabi.S.obj
                0x100039cc                __wrap___aeabi_ui2d
                0x100039d4                __wrap___aeabi_i2d
 .text.__wrap___aeabi_d2iz
                0x10003a04       0x48 CMakeFiles/Multicore.dir/C_/Users/haune/Desktop/Pico/pico-sdk/src/rp2_common/pico_double/double_aeabi.S.obj
                0x10003a04                double2int_z
                0x10003a04                __wrap___aeabi_d2iz
 .text.__wrap___aeabi_d2uiz
                0x10003a4c       0x18 CMakeFiles/Multicore.dir/C_/Users/haune/Desktop/Pico/pico-sdk/src/rp2_common/pico_double/double_aeabi.S.obj
                0x10003a4c                __wrap___aeabi_d2uiz
                0x10003a4c                double2uint
 .text.__wrap___aeabi_d2f
                0x10003a64       0x18 CMakeFiles/Multicore.dir/C_/Users/haune/Desktop/Pico/pico-sdk/src/rp2_common/pico_double/double_aeabi.S.obj
                0x10003a64                __wrap___aeabi_d2f
 .text.__aeabi_double_init
                0x10003a7c       0xb8 CMakeFiles/Multicore.dir/C_/Users/haune/Desktop/Pico/pico-sdk/src/rp2_common/pico_double/double_init_rom.c.obj
                0x10003a7c                __aeabi_double_init
 .text.double_table_shim_on_use_helper
                0x10003b34       0x34 CMakeFiles/Multicore.dir/C_/Users/haune/Desktop/Pico/pico-sdk/src/rp2_common/pico_double/double_v1_rom_shim.S.obj
                0x10003b34                double_table_shim_on_use_helper
 .text.__wrap___aeabi_dsub
                0x10003b68       0x10 CMakeFiles/Multicore.dir/C_/Users/haune/Desktop/Pico/pico-sdk/src/rp2_common/pico_double/double_v1_rom_shim.S.obj
                0x10003b68                drsub_shim
                0x10003b6e                dsub_shim
 .text.dadd_shim
                0x10003b78      0x15c CMakeFiles/Multicore.dir/C_/Users/haune/Desktop/Pico/pico-sdk/src/rp2_common/pico_double/double_v1_rom_shim.S.obj
                0x10003b78                dadd_shim
 .text.dmul_shim
                0x10003cd4      0x15c CMakeFiles/Multicore.dir/C_/Users/haune/Desktop/Pico/pico-sdk/src/rp2_common/pico_double/double_v1_rom_shim.S.obj
                0x10003cd4                dmul_shim
 .text.ddiv_shim
                0x10003e30      0x1b0 CMakeFiles/Multicore.dir/C_/Users/haune/Desktop/Pico/pico-sdk/src/rp2_common/pico_double/double_v1_rom_shim.S.obj
                0x10003e30                ddiv_shim
 .text.dcordic_rot_step
                0x10003fe0       0x7c CMakeFiles/Multicore.dir/C_/Users/haune/Desktop/Pico/pico-sdk/src/rp2_common/pico_double/double_v1_rom_shim.S.obj
                0x10003fe0                dcordic_rot_step
 .text.double2uint_shim
                0x1000405c        0xe CMakeFiles/Multicore.dir/C_/Users/haune/Desktop/Pico/pico-sdk/src/rp2_common/pico_double/double_v1_rom_shim.S.obj
                0x1000405c                double2uint_shim
                0x1000405e                double2ufix_shim
 *fill*         0x1000406a        0x2 
 .text.double2uint64_shim
                0x1000406c       0x6c CMakeFiles/Multicore.dir/C_/Users/haune/Desktop/Pico/pico-sdk/src/rp2_common/pico_double/double_v1_rom_shim.S.obj
                0x1000406c                double2uint64_shim
                0x1000406e                double2ufix64_shim
                0x10004088                d2fix_a
 .text.double2float_shim
                0x100040d8       0x5c CMakeFiles/Multicore.dir/C_/Users/haune/Desktop/Pico/pico-sdk/src/rp2_common/pico_double/double_v1_rom_shim.S.obj
                0x100040d8                double2float_shim
 .text.dunpacks
                0x10004134       0x3c CMakeFiles/Multicore.dir/C_/Users/haune/Desktop/Pico/pico-sdk/src/rp2_common/pico_double/double_v1_rom_shim.S.obj
                0x10004134                dunpacks
 .text.__aeabi_lmul
                0x10004170       0x32 CMakeFiles/Multicore.dir/C_/Users/haune/Desktop/Pico/pico-sdk/src/rp2_common/pico_int64_ops/pico_int64_ops_aeabi.S.obj
                0x10004170                __wrap___aeabi_lmul
 *fill*         0x100041a2        0x2 
 .text.__wrap___aeabi_farithmetic
                0x100041a4       0x58 CMakeFiles/Multicore.dir/C_/Users/haune/Desktop/Pico/pico-sdk/src/rp2_common/pico_float/float_aeabi.S.obj
                0x100041a4                __wrap___aeabi_frsub
                0x100041aa                __wrap___aeabi_fsub
                0x100041b4                __wrap___aeabi_fadd
                0x100041be                __wrap___aeabi_fdiv
                0x100041ea                __wrap___aeabi_fmul
 .text.__wrap___aeabi_i2f
                0x100041fc       0x44 CMakeFiles/Multicore.dir/C_/Users/haune/Desktop/Pico/pico-sdk/src/rp2_common/pico_float/float_aeabi.S.obj
                0x100041fc                __wrap___aeabi_i2f
 .text.__wrap___aeabi_f2d
                0x10004240       0x14 CMakeFiles/Multicore.dir/C_/Users/haune/Desktop/Pico/pico-sdk/src/rp2_common/pico_float/float_aeabi.S.obj
                0x10004240                __wrap___aeabi_f2d
 .text.__aeabi_float_init
                0x10004254       0xfc CMakeFiles/Multicore.dir/C_/Users/haune/Desktop/Pico/pico-sdk/src/rp2_common/pico_float/float_init_rom.c.obj
                0x10004254                __aeabi_float_init
 .text.float_table_shim_on_use_helper
                0x10004350       0x34 CMakeFiles/Multicore.dir/C_/Users/haune/Desktop/Pico/pico-sdk/src/rp2_common/pico_float/float_v1_rom_shim.S.obj
                0x10004350                float_table_shim_on_use_helper
 .text.float2double_shim
                0x10004384       0x30 CMakeFiles/Multicore.dir/C_/Users/haune/Desktop/Pico/pico-sdk/src/rp2_common/pico_float/float_v1_rom_shim.S.obj
                0x10004384                float2double_shim
 .text          0x100043b4       0x10 CMakeFiles/Multicore.dir/C_/Users/haune/Desktop/Pico/pico-sdk/src/rp2_common/pico_mem_ops/mem_ops_aeabi.S.obj
                0x100043b4                __aeabi_mem_init
 .text.memset   0x100043c4        0xc CMakeFiles/Multicore.dir/C_/Users/haune/Desktop/Pico/pico-sdk/src/rp2_common/pico_mem_ops/mem_ops_aeabi.S.obj
                0x100043c4                __wrap_memset
 .text.memcpy   0x100043d0        0xc CMakeFiles/Multicore.dir/C_/Users/haune/Desktop/Pico/pico-sdk/src/rp2_common/pico_mem_ops/mem_ops_aeabi.S.obj
                0x100043d0                __wrap_memcpy
                0x100043d0                __wrap___aeabi_memcpy
 .text.stdio_out_chars_crlf
                0x100043dc       0x80 CMakeFiles/Multicore.dir/C_/Users/haune/Desktop/Pico/pico-sdk/src/rp2_common/pico_stdio/stdio.c.obj
 .text.stdio_stack_buffer_flush
                0x1000445c       0x44 CMakeFiles/Multicore.dir/C_/Users/haune/Desktop/Pico/pico-sdk/src/rp2_common/pico_stdio/stdio.c.obj
 .text.stdio_buffered_printer
                0x100044a0       0x20 CMakeFiles/Multicore.dir/C_/Users/haune/Desktop/Pico/pico-sdk/src/rp2_common/pico_stdio/stdio.c.obj
 .text.stdout_serialize_begin
                0x100044c0       0x30 CMakeFiles/Multicore.dir/C_/Users/haune/Desktop/Pico/pico-sdk/src/rp2_common/pico_stdio/stdio.c.obj
                0x100044c0                stdout_serialize_begin
 .text.stdout_serialize_end
                0x100044f0       0x10 CMakeFiles/Multicore.dir/C_/Users/haune/Desktop/Pico/pico-sdk/src/rp2_common/pico_stdio/stdio.c.obj
                0x100044f0                stdout_serialize_end
 .text.stdio_put_string
                0x10004500       0x84 CMakeFiles/Multicore.dir/C_/Users/haune/Desktop/Pico/pico-sdk/src/rp2_common/pico_stdio/stdio.c.obj
 .text.stdio_set_driver_enabled
                0x10004584       0x38 CMakeFiles/Multicore.dir/C_/Users/haune/Desktop/Pico/pico-sdk/src/rp2_common/pico_stdio/stdio.c.obj
                0x10004584                stdio_set_driver_enabled
 .text.stdio_flush
                0x100045bc       0x20 CMakeFiles/Multicore.dir/C_/Users/haune/Desktop/Pico/pico-sdk/src/rp2_common/pico_stdio/stdio.c.obj
                0x100045bc                stdio_flush
 .text.__wrap_puts
                0x100045dc       0x1c CMakeFiles/Multicore.dir/C_/Users/haune/Desktop/Pico/pico-sdk/src/rp2_common/pico_stdio/stdio.c.obj
                0x100045dc                __wrap_puts
 .text.__wrap_vprintf
                0x100045f8       0x44 CMakeFiles/Multicore.dir/C_/Users/haune/Desktop/Pico/pico-sdk/src/rp2_common/pico_stdio/stdio.c.obj
                0x100045f8                __wrap_vprintf
 .text.__wrap_printf
                0x1000463c       0x18 CMakeFiles/Multicore.dir/C_/Users/haune/Desktop/Pico/pico-sdk/src/rp2_common/pico_stdio/stdio.c.obj
                0x1000463c                __wrap_printf
 .text.stdio_init_all
                0x10004654        0x8 CMakeFiles/Multicore.dir/C_/Users/haune/Desktop/Pico/pico-sdk/src/rp2_common/pico_stdio/stdio.c.obj
                0x10004654                stdio_init_all
 .text.resetd_init
                0x1000465c        0x2 CMakeFiles/Multicore.dir/C_/Users/haune/Desktop/Pico/pico-sdk/src/rp2_common/pico_stdio_usb/reset_interface.c.obj
 *fill*         0x1000465e        0x2 
 .text.resetd_reset
                0x10004660        0xc CMakeFiles/Multicore.dir/C_/Users/haune/Desktop/Pico/pico-sdk/src/rp2_common/pico_stdio_usb/reset_interface.c.obj
 .text.resetd_open
                0x1000466c       0x34 CMakeFiles/Multicore.dir/C_/Users/haune/Desktop/Pico/pico-sdk/src/rp2_common/pico_stdio_usb/reset_interface.c.obj
 .text.resetd_xfer_cb
                0x100046a0        0x4 CMakeFiles/Multicore.dir/C_/Users/haune/Desktop/Pico/pico-sdk/src/rp2_common/pico_stdio_usb/reset_interface.c.obj
 .text.reset_usb_boot
                0x100046a4       0x18 CMakeFiles/Multicore.dir/C_/Users/haune/Desktop/Pico/pico-sdk/src/rp2_common/pico_stdio_usb/reset_interface.c.obj
 .text.resetd_control_xfer_cb
                0x100046bc       0x5c CMakeFiles/Multicore.dir/C_/Users/haune/Desktop/Pico/pico-sdk/src/rp2_common/pico_stdio_usb/reset_interface.c.obj
 .text.usbd_app_driver_get_cb
                0x10004718        0xc CMakeFiles/Multicore.dir/C_/Users/haune/Desktop/Pico/pico-sdk/src/rp2_common/pico_stdio_usb/reset_interface.c.obj
                0x10004718                usbd_app_driver_get_cb
 .text.tud_cdc_line_coding_cb
                0x10004724       0x28 CMakeFiles/Multicore.dir/C_/Users/haune/Desktop/Pico/pico-sdk/src/rp2_common/pico_stdio_usb/reset_interface.c.obj
                0x10004724                tud_cdc_line_coding_cb
 .text.stdio_usb_in_chars
                0x1000474c       0x70 CMakeFiles/Multicore.dir/C_/Users/haune/Desktop/Pico/pico-sdk/src/rp2_common/pico_stdio_usb/stdio_usb.c.obj
                0x1000474c                stdio_usb_in_chars
 .text.low_priority_worker_irq
                0x100047bc       0x20 CMakeFiles/Multicore.dir/C_/Users/haune/Desktop/Pico/pico-sdk/src/rp2_common/pico_stdio_usb/stdio_usb.c.obj
 .text.stdio_usb_out_chars
                0x100047dc       0xd4 CMakeFiles/Multicore.dir/C_/Users/haune/Desktop/Pico/pico-sdk/src/rp2_common/pico_stdio_usb/stdio_usb.c.obj
 .text.timer_task
                0x100048b0       0x10 CMakeFiles/Multicore.dir/C_/Users/haune/Desktop/Pico/pico-sdk/src/rp2_common/pico_stdio_usb/stdio_usb.c.obj
 .text.stdio_usb_init
                0x100048c0       0xb8 CMakeFiles/Multicore.dir/C_/Users/haune/Desktop/Pico/pico-sdk/src/rp2_common/pico_stdio_usb/stdio_usb.c.obj
                0x100048c0                stdio_usb_init
 .text.tud_descriptor_device_cb
                0x10004978        0x8 CMakeFiles/Multicore.dir/C_/Users/haune/Desktop/Pico/pico-sdk/src/rp2_common/pico_stdio_usb/stdio_usb_descriptors.c.obj
                0x10004978                tud_descriptor_device_cb
 .text.tud_descriptor_configuration_cb
                0x10004980        0x8 CMakeFiles/Multicore.dir/C_/Users/haune/Desktop/Pico/pico-sdk/src/rp2_common/pico_stdio_usb/stdio_usb_descriptors.c.obj
                0x10004980                tud_descriptor_configuration_cb
 .text.tud_descriptor_string_cb
                0x10004988       0x68 CMakeFiles/Multicore.dir/C_/Users/haune/Desktop/Pico/pico-sdk/src/rp2_common/pico_stdio_usb/stdio_usb_descriptors.c.obj
                0x10004988                tud_descriptor_string_cb
 .text.hw_endpoint_get_by_addr
                0x100049f0       0x18 CMakeFiles/Multicore.dir/C_/Users/haune/Desktop/Pico/pico-sdk/lib/tinyusb/src/portable/raspberrypi/rp2040/dcd_rp2040.c.obj
 .text.reset_ep0
                0x10004a08       0x2c CMakeFiles/Multicore.dir/C_/Users/haune/Desktop/Pico/pico-sdk/lib/tinyusb/src/portable/raspberrypi/rp2040/dcd_rp2040.c.obj
 .text._hw_endpoint_alloc
                0x10004a34       0x80 CMakeFiles/Multicore.dir/C_/Users/haune/Desktop/Pico/pico-sdk/lib/tinyusb/src/portable/raspberrypi/rp2040/dcd_rp2040.c.obj
 .text._hw_endpoint_init
                0x10004ab4       0xbc CMakeFiles/Multicore.dir/C_/Users/haune/Desktop/Pico/pico-sdk/lib/tinyusb/src/portable/raspberrypi/rp2040/dcd_rp2040.c.obj
 .text.hw_endpoint_init
                0x10004b70       0x18 CMakeFiles/Multicore.dir/C_/Users/haune/Desktop/Pico/pico-sdk/lib/tinyusb/src/portable/raspberrypi/rp2040/dcd_rp2040.c.obj
 .text.hw_handle_buff_status
                0x10004b88       0xb4 CMakeFiles/Multicore.dir/C_/Users/haune/Desktop/Pico/pico-sdk/lib/tinyusb/src/portable/raspberrypi/rp2040/dcd_rp2040.c.obj
 .text.dcd_rp2040_irq
                0x10004c3c       0xa8 CMakeFiles/Multicore.dir/C_/Users/haune/Desktop/Pico/pico-sdk/lib/tinyusb/src/portable/raspberrypi/rp2040/dcd_rp2040.c.obj
 .text.hw_endpoint_xfer
                0x10004ce4       0x18 CMakeFiles/Multicore.dir/C_/Users/haune/Desktop/Pico/pico-sdk/lib/tinyusb/src/portable/raspberrypi/rp2040/dcd_rp2040.c.obj
 .text.ep0_0len_status
                0x10004cfc       0x14 CMakeFiles/Multicore.dir/C_/Users/haune/Desktop/Pico/pico-sdk/lib/tinyusb/src/portable/raspberrypi/rp2040/dcd_rp2040.c.obj
 .text._hw_endpoint_stall
                0x10004d10       0x54 CMakeFiles/Multicore.dir/C_/Users/haune/Desktop/Pico/pico-sdk/lib/tinyusb/src/portable/raspberrypi/rp2040/dcd_rp2040.c.obj
 .text.hw_endpoint_stall
                0x10004d64        0xc CMakeFiles/Multicore.dir/C_/Users/haune/Desktop/Pico/pico-sdk/lib/tinyusb/src/portable/raspberrypi/rp2040/dcd_rp2040.c.obj
 .text._hw_endpoint_clear_stall
                0x10004d70       0x34 CMakeFiles/Multicore.dir/C_/Users/haune/Desktop/Pico/pico-sdk/lib/tinyusb/src/portable/raspberrypi/rp2040/dcd_rp2040.c.obj
 .text.hw_endpoint_clear_stall
                0x10004da4        0xc CMakeFiles/Multicore.dir/C_/Users/haune/Desktop/Pico/pico-sdk/lib/tinyusb/src/portable/raspberrypi/rp2040/dcd_rp2040.c.obj
 .text.dcd_int_enable
                0x10004db0       0x2c CMakeFiles/Multicore.dir/C_/Users/haune/Desktop/Pico/pico-sdk/lib/tinyusb/src/portable/raspberrypi/rp2040/dcd_rp2040.c.obj
                0x10004db0                dcd_int_enable
 .text.dcd_set_address
                0x10004ddc       0x28 CMakeFiles/Multicore.dir/C_/Users/haune/Desktop/Pico/pico-sdk/lib/tinyusb/src/portable/raspberrypi/rp2040/dcd_rp2040.c.obj
                0x10004ddc                dcd_set_address
 .text.dcd_connect
                0x10004e04       0x30 CMakeFiles/Multicore.dir/C_/Users/haune/Desktop/Pico/pico-sdk/lib/tinyusb/src/portable/raspberrypi/rp2040/dcd_rp2040.c.obj
                0x10004e04                dcd_connect
 .text.dcd_init
                0x10004e34       0x84 CMakeFiles/Multicore.dir/C_/Users/haune/Desktop/Pico/pico-sdk/lib/tinyusb/src/portable/raspberrypi/rp2040/dcd_rp2040.c.obj
                0x10004e34                dcd_init
 .text.dcd_edpt0_status_complete
                0x10004eb8       0x40 CMakeFiles/Multicore.dir/C_/Users/haune/Desktop/Pico/pico-sdk/lib/tinyusb/src/portable/raspberrypi/rp2040/dcd_rp2040.c.obj
                0x10004eb8                dcd_edpt0_status_complete
 .text.dcd_edpt_open
                0x10004ef8       0x40 CMakeFiles/Multicore.dir/C_/Users/haune/Desktop/Pico/pico-sdk/lib/tinyusb/src/portable/raspberrypi/rp2040/dcd_rp2040.c.obj
                0x10004ef8                dcd_edpt_open
 .text.dcd_edpt_xfer
                0x10004f38       0x34 CMakeFiles/Multicore.dir/C_/Users/haune/Desktop/Pico/pico-sdk/lib/tinyusb/src/portable/raspberrypi/rp2040/dcd_rp2040.c.obj
                0x10004f38                dcd_edpt_xfer
 .text.dcd_edpt_stall
                0x10004f6c       0x28 CMakeFiles/Multicore.dir/C_/Users/haune/Desktop/Pico/pico-sdk/lib/tinyusb/src/portable/raspberrypi/rp2040/dcd_rp2040.c.obj
                0x10004f6c                dcd_edpt_stall
 .text.dcd_edpt_clear_stall
                0x10004f94       0x2c CMakeFiles/Multicore.dir/C_/Users/haune/Desktop/Pico/pico-sdk/lib/tinyusb/src/portable/raspberrypi/rp2040/dcd_rp2040.c.obj
                0x10004f94                dcd_edpt_clear_stall
 .text.rp2040_usb_init
                0x10004fc0       0x50 CMakeFiles/Multicore.dir/C_/Users/haune/Desktop/Pico/pico-sdk/lib/tinyusb/src/portable/raspberrypi/rp2040/rp2040_usb.c.obj
                0x10004fc0                rp2040_usb_init
 .text.hw_endpoint_reset_transfer
                0x10005010       0x10 CMakeFiles/Multicore.dir/C_/Users/haune/Desktop/Pico/pico-sdk/lib/tinyusb/src/portable/raspberrypi/rp2040/rp2040_usb.c.obj
                0x10005010                hw_endpoint_reset_transfer
 .text._hw_endpoint_buffer_control_update32
                0x10005020       0x58 CMakeFiles/Multicore.dir/C_/Users/haune/Desktop/Pico/pico-sdk/lib/tinyusb/src/portable/raspberrypi/rp2040/rp2040_usb.c.obj
                0x10005020                _hw_endpoint_buffer_control_update32
 .text._hw_endpoint_start_next_buffer
                0x10005078       0x50 CMakeFiles/Multicore.dir/C_/Users/haune/Desktop/Pico/pico-sdk/lib/tinyusb/src/portable/raspberrypi/rp2040/rp2040_usb.c.obj
                0x10005078                _hw_endpoint_start_next_buffer
 .text._hw_endpoint_xfer_start
                0x100050c8       0x3e CMakeFiles/Multicore.dir/C_/Users/haune/Desktop/Pico/pico-sdk/lib/tinyusb/src/portable/raspberrypi/rp2040/rp2040_usb.c.obj
                0x100050c8                _hw_endpoint_xfer_start
 *fill*         0x10005106        0x2 
 .text._hw_endpoint_xfer_sync
                0x10005108       0x74 CMakeFiles/Multicore.dir/C_/Users/haune/Desktop/Pico/pico-sdk/lib/tinyusb/src/portable/raspberrypi/rp2040/rp2040_usb.c.obj
                0x10005108                _hw_endpoint_xfer_sync
 .text._hw_endpoint_xfer_continue
                0x1000517c       0x60 CMakeFiles/Multicore.dir/C_/Users/haune/Desktop/Pico/pico-sdk/lib/tinyusb/src/portable/raspberrypi/rp2040/rp2040_usb.c.obj
                0x1000517c                _hw_endpoint_xfer_continue
 .text._hw_endpoint_xfer
                0x100051dc       0x34 CMakeFiles/Multicore.dir/C_/Users/haune/Desktop/Pico/pico-sdk/lib/tinyusb/src/portable/raspberrypi/rp2040/rp2040_usb.c.obj
                0x100051dc                _hw_endpoint_xfer
 .text.mark_interface_endpoint
                0x10005210       0x2a CMakeFiles/Multicore.dir/C_/Users/haune/Desktop/Pico/pico-sdk/lib/tinyusb/src/device/usbd.c.obj
 *fill*         0x1000523a        0x2 
 .text.usbd_reset
                0x1000523c       0x88 CMakeFiles/Multicore.dir/C_/Users/haune/Desktop/Pico/pico-sdk/lib/tinyusb/src/device/usbd.c.obj
 .text.invoke_class_control
                0x100052c4       0x1a CMakeFiles/Multicore.dir/C_/Users/haune/Desktop/Pico/pico-sdk/lib/tinyusb/src/device/usbd.c.obj
 *fill*         0x100052de        0x2 
 .text.process_set_config
                0x100052e0      0x1d4 CMakeFiles/Multicore.dir/C_/Users/haune/Desktop/Pico/pico-sdk/lib/tinyusb/src/device/usbd.c.obj
 .text.process_get_descriptor
                0x100054b4       0xf8 CMakeFiles/Multicore.dir/C_/Users/haune/Desktop/Pico/pico-sdk/lib/tinyusb/src/device/usbd.c.obj
 .text.tud_mounted
                0x100055ac       0x10 CMakeFiles/Multicore.dir/C_/Users/haune/Desktop/Pico/pico-sdk/lib/tinyusb/src/device/usbd.c.obj
                0x100055ac                tud_mounted
 .text.tud_suspended
                0x100055bc       0x10 CMakeFiles/Multicore.dir/C_/Users/haune/Desktop/Pico/pico-sdk/lib/tinyusb/src/device/usbd.c.obj
                0x100055bc                tud_suspended
 .text.tud_inited
                0x100055cc        0xc CMakeFiles/Multicore.dir/C_/Users/haune/Desktop/Pico/pico-sdk/lib/tinyusb/src/device/usbd.c.obj
                0x100055cc                tud_inited
 .text.tud_init
                0x100055d8       0xcc CMakeFiles/Multicore.dir/C_/Users/haune/Desktop/Pico/pico-sdk/lib/tinyusb/src/device/usbd.c.obj
                0x100055d8                tud_init
 .text.dcd_event_handler
                0x100056a4      0x174 CMakeFiles/Multicore.dir/C_/Users/haune/Desktop/Pico/pico-sdk/lib/tinyusb/src/device/usbd.c.obj
                0x100056a4                dcd_event_handler
 .text.dcd_event_bus_signal
                0x10005818       0x26 CMakeFiles/Multicore.dir/C_/Users/haune/Desktop/Pico/pico-sdk/lib/tinyusb/src/device/usbd.c.obj
                0x10005818                dcd_event_bus_signal
 .text.dcd_event_bus_reset
                0x1000583e       0x2a CMakeFiles/Multicore.dir/C_/Users/haune/Desktop/Pico/pico-sdk/lib/tinyusb/src/device/usbd.c.obj
                0x1000583e                dcd_event_bus_reset
 .text.dcd_event_setup_received
                0x10005868       0x34 CMakeFiles/Multicore.dir/C_/Users/haune/Desktop/Pico/pico-sdk/lib/tinyusb/src/device/usbd.c.obj
                0x10005868                dcd_event_setup_received
 .text.dcd_event_xfer_complete
                0x1000589c       0x44 CMakeFiles/Multicore.dir/C_/Users/haune/Desktop/Pico/pico-sdk/lib/tinyusb/src/device/usbd.c.obj
                0x1000589c                dcd_event_xfer_complete
 .text.usbd_edpt_open
                0x100058e0       0xe0 CMakeFiles/Multicore.dir/C_/Users/haune/Desktop/Pico/pico-sdk/lib/tinyusb/src/device/usbd.c.obj
                0x100058e0                usbd_edpt_open
 .text.usbd_open_edpt_pair
                0x100059c0       0x8c CMakeFiles/Multicore.dir/C_/Users/haune/Desktop/Pico/pico-sdk/lib/tinyusb/src/device/usbd.c.obj
                0x100059c0                usbd_open_edpt_pair
 .text.usbd_edpt_claim
                0x10005a4c       0x8c CMakeFiles/Multicore.dir/C_/Users/haune/Desktop/Pico/pico-sdk/lib/tinyusb/src/device/usbd.c.obj
                0x10005a4c                usbd_edpt_claim
 .text.usbd_edpt_release
                0x10005ad8       0x68 CMakeFiles/Multicore.dir/C_/Users/haune/Desktop/Pico/pico-sdk/lib/tinyusb/src/device/usbd.c.obj
                0x10005ad8                usbd_edpt_release
 .text.usbd_edpt_xfer
                0x10005b40       0x80 CMakeFiles/Multicore.dir/C_/Users/haune/Desktop/Pico/pico-sdk/lib/tinyusb/src/device/usbd.c.obj
                0x10005b40                usbd_edpt_xfer
 .text.usbd_edpt_stall
                0x10005bc0       0x2c CMakeFiles/Multicore.dir/C_/Users/haune/Desktop/Pico/pico-sdk/lib/tinyusb/src/device/usbd.c.obj
                0x10005bc0                usbd_edpt_stall
 .text.usbd_edpt_clear_stall
                0x10005bec       0x2c CMakeFiles/Multicore.dir/C_/Users/haune/Desktop/Pico/pico-sdk/lib/tinyusb/src/device/usbd.c.obj
                0x10005bec                usbd_edpt_clear_stall
 .text.usbd_edpt_stalled
                0x10005c18       0x1c CMakeFiles/Multicore.dir/C_/Users/haune/Desktop/Pico/pico-sdk/lib/tinyusb/src/device/usbd.c.obj
                0x10005c18                usbd_edpt_stalled
 .text.process_control_request
                0x10005c34      0x380 CMakeFiles/Multicore.dir/C_/Users/haune/Desktop/Pico/pico-sdk/lib/tinyusb/src/device/usbd.c.obj
 .text.tud_task
                0x10005fb4      0x204 CMakeFiles/Multicore.dir/C_/Users/haune/Desktop/Pico/pico-sdk/lib/tinyusb/src/device/usbd.c.obj
                0x10005fb4                tud_task
 .text._data_stage_xact
                0x100061b8       0x58 CMakeFiles/Multicore.dir/C_/Users/haune/Desktop/Pico/pico-sdk/lib/tinyusb/src/device/usbd_control.c.obj
 .text.tud_control_status
                0x10006210       0x38 CMakeFiles/Multicore.dir/C_/Users/haune/Desktop/Pico/pico-sdk/lib/tinyusb/src/device/usbd_control.c.obj
                0x10006210                tud_control_status
 .text.tud_control_xfer
                0x10006248       0xa8 CMakeFiles/Multicore.dir/C_/Users/haune/Desktop/Pico/pico-sdk/lib/tinyusb/src/device/usbd_control.c.obj
                0x10006248                tud_control_xfer
 .text.usbd_control_reset
                0x100062f0       0x14 CMakeFiles/Multicore.dir/C_/Users/haune/Desktop/Pico/pico-sdk/lib/tinyusb/src/device/usbd_control.c.obj
                0x100062f0                usbd_control_reset
 .text.usbd_control_set_complete_callback
                0x10006304        0xc CMakeFiles/Multicore.dir/C_/Users/haune/Desktop/Pico/pico-sdk/lib/tinyusb/src/device/usbd_control.c.obj
                0x10006304                usbd_control_set_complete_callback
 .text.usbd_control_set_request
                0x10006310       0x1c CMakeFiles/Multicore.dir/C_/Users/haune/Desktop/Pico/pico-sdk/lib/tinyusb/src/device/usbd_control.c.obj
                0x10006310                usbd_control_set_request
 .text.usbd_control_xfer_cb
                0x1000632c       0xfc CMakeFiles/Multicore.dir/C_/Users/haune/Desktop/Pico/pico-sdk/lib/tinyusb/src/device/usbd_control.c.obj
                0x1000632c                usbd_control_xfer_cb
 .text._prep_out_transaction
                0x10006428       0x46 CMakeFiles/Multicore.dir/C_/Users/haune/Desktop/Pico/pico-sdk/lib/tinyusb/src/class/cdc/cdc_device.c.obj
 *fill*         0x1000646e        0x2 
 .text.tud_cdc_n_connected
                0x10006470       0x44 CMakeFiles/Multicore.dir/C_/Users/haune/Desktop/Pico/pico-sdk/lib/tinyusb/src/class/cdc/cdc_device.c.obj
                0x10006470                tud_cdc_n_connected
 .text.tud_cdc_n_available
                0x100064b4       0x18 CMakeFiles/Multicore.dir/C_/Users/haune/Desktop/Pico/pico-sdk/lib/tinyusb/src/class/cdc/cdc_device.c.obj
                0x100064b4                tud_cdc_n_available
 .text.tud_cdc_n_read
                0x100064cc       0x28 CMakeFiles/Multicore.dir/C_/Users/haune/Desktop/Pico/pico-sdk/lib/tinyusb/src/class/cdc/cdc_device.c.obj
                0x100064cc                tud_cdc_n_read
 .text.tud_cdc_n_write_flush
                0x100064f4       0xcc CMakeFiles/Multicore.dir/C_/Users/haune/Desktop/Pico/pico-sdk/lib/tinyusb/src/class/cdc/cdc_device.c.obj
                0x100064f4                tud_cdc_n_write_flush
 .text.tud_cdc_n_write
                0x100065c0       0x38 CMakeFiles/Multicore.dir/C_/Users/haune/Desktop/Pico/pico-sdk/lib/tinyusb/src/class/cdc/cdc_device.c.obj
                0x100065c0                tud_cdc_n_write
 .text.tud_cdc_n_write_available
                0x100065f8       0x1c CMakeFiles/Multicore.dir/C_/Users/haune/Desktop/Pico/pico-sdk/lib/tinyusb/src/class/cdc/cdc_device.c.obj
                0x100065f8                tud_cdc_n_write_available
 .text.cdcd_init
                0x10006614       0xbc CMakeFiles/Multicore.dir/C_/Users/haune/Desktop/Pico/pico-sdk/lib/tinyusb/src/class/cdc/cdc_device.c.obj
                0x10006614                cdcd_init
 .text.cdcd_reset
                0x100066d0       0x44 CMakeFiles/Multicore.dir/C_/Users/haune/Desktop/Pico/pico-sdk/lib/tinyusb/src/class/cdc/cdc_device.c.obj
                0x100066d0                cdcd_reset
 .text.cdcd_open
                0x10006714      0x10c CMakeFiles/Multicore.dir/C_/Users/haune/Desktop/Pico/pico-sdk/lib/tinyusb/src/class/cdc/cdc_device.c.obj
                0x10006714                cdcd_open
 .text.cdcd_control_xfer_cb
                0x10006820      0x134 CMakeFiles/Multicore.dir/C_/Users/haune/Desktop/Pico/pico-sdk/lib/tinyusb/src/class/cdc/cdc_device.c.obj
                0x10006820                cdcd_control_xfer_cb
 .text.cdcd_xfer_cb
                0x10006954      0x144 CMakeFiles/Multicore.dir/C_/Users/haune/Desktop/Pico/pico-sdk/lib/tinyusb/src/class/cdc/cdc_device.c.obj
                0x10006954                cdcd_xfer_cb
 .text.tusb_init
                0x10006a98       0x24 CMakeFiles/Multicore.dir/C_/Users/haune/Desktop/Pico/pico-sdk/lib/tinyusb/src/tusb.c.obj
                0x10006a98                tusb_init
 .text.tusb_inited
                0x10006abc        0xe CMakeFiles/Multicore.dir/C_/Users/haune/Desktop/Pico/pico-sdk/lib/tinyusb/src/tusb.c.obj
                0x10006abc                tusb_inited
 .text.advance_pointer
                0x10006aca       0x1e CMakeFiles/Multicore.dir/C_/Users/haune/Desktop/Pico/pico-sdk/lib/tinyusb/src/common/tusb_fifo.c.obj
 .text.backward_pointer
                0x10006ae8       0x1a CMakeFiles/Multicore.dir/C_/Users/haune/Desktop/Pico/pico-sdk/lib/tinyusb/src/common/tusb_fifo.c.obj
 .text.get_relative_pointer
                0x10006b02       0x10 CMakeFiles/Multicore.dir/C_/Users/haune/Desktop/Pico/pico-sdk/lib/tinyusb/src/common/tusb_fifo.c.obj
 .text._tu_fifo_peek
                0x10006b12       0x50 CMakeFiles/Multicore.dir/C_/Users/haune/Desktop/Pico/pico-sdk/lib/tinyusb/src/common/tusb_fifo.c.obj
 .text._ff_pull_const_addr
                0x10006b62       0x4c CMakeFiles/Multicore.dir/C_/Users/haune/Desktop/Pico/pico-sdk/lib/tinyusb/src/common/tusb_fifo.c.obj
 .text._ff_pull_n
                0x10006bae      0x10c CMakeFiles/Multicore.dir/C_/Users/haune/Desktop/Pico/pico-sdk/lib/tinyusb/src/common/tusb_fifo.c.obj
 .text._tu_fifo_peek_n
                0x10006cba       0x5e CMakeFiles/Multicore.dir/C_/Users/haune/Desktop/Pico/pico-sdk/lib/tinyusb/src/common/tusb_fifo.c.obj
 .text._tu_fifo_read_n
                0x10006d18       0x4e CMakeFiles/Multicore.dir/C_/Users/haune/Desktop/Pico/pico-sdk/lib/tinyusb/src/common/tusb_fifo.c.obj
 .text._ff_push_const_addr
                0x10006d66       0x40 CMakeFiles/Multicore.dir/C_/Users/haune/Desktop/Pico/pico-sdk/lib/tinyusb/src/common/tusb_fifo.c.obj
 .text._ff_push_n
                0x10006da6      0x108 CMakeFiles/Multicore.dir/C_/Users/haune/Desktop/Pico/pico-sdk/lib/tinyusb/src/common/tusb_fifo.c.obj
 .text._tu_fifo_write_n
                0x10006eae       0x9e CMakeFiles/Multicore.dir/C_/Users/haune/Desktop/Pico/pico-sdk/lib/tinyusb/src/common/tusb_fifo.c.obj
 .text.tu_fifo_config
                0x10006f4c       0x72 CMakeFiles/Multicore.dir/C_/Users/haune/Desktop/Pico/pico-sdk/lib/tinyusb/src/common/tusb_fifo.c.obj
                0x10006f4c                tu_fifo_config
 .text.tu_fifo_count
                0x10006fbe       0x26 CMakeFiles/Multicore.dir/C_/Users/haune/Desktop/Pico/pico-sdk/lib/tinyusb/src/common/tusb_fifo.c.obj
                0x10006fbe                tu_fifo_count
 .text.tu_fifo_empty
                0x10006fe4       0x10 CMakeFiles/Multicore.dir/C_/Users/haune/Desktop/Pico/pico-sdk/lib/tinyusb/src/common/tusb_fifo.c.obj
                0x10006fe4                tu_fifo_empty
 .text.tu_fifo_remaining
                0x10006ff4       0x20 CMakeFiles/Multicore.dir/C_/Users/haune/Desktop/Pico/pico-sdk/lib/tinyusb/src/common/tusb_fifo.c.obj
                0x10006ff4                tu_fifo_remaining
 .text.tu_fifo_read
                0x10007014       0x42 CMakeFiles/Multicore.dir/C_/Users/haune/Desktop/Pico/pico-sdk/lib/tinyusb/src/common/tusb_fifo.c.obj
                0x10007014                tu_fifo_read
 .text.tu_fifo_read_n
                0x10007056        0xa CMakeFiles/Multicore.dir/C_/Users/haune/Desktop/Pico/pico-sdk/lib/tinyusb/src/common/tusb_fifo.c.obj
                0x10007056                tu_fifo_read_n
 .text.tu_fifo_write
                0x10007060       0x6c CMakeFiles/Multicore.dir/C_/Users/haune/Desktop/Pico/pico-sdk/lib/tinyusb/src/common/tusb_fifo.c.obj
                0x10007060                tu_fifo_write
 .text.tu_fifo_write_n
                0x100070cc        0xa CMakeFiles/Multicore.dir/C_/Users/haune/Desktop/Pico/pico-sdk/lib/tinyusb/src/common/tusb_fifo.c.obj
                0x100070cc                tu_fifo_write_n
 .text.tu_fifo_clear
                0x100070d6       0x4c CMakeFiles/Multicore.dir/C_/Users/haune/Desktop/Pico/pico-sdk/lib/tinyusb/src/common/tusb_fifo.c.obj
                0x100070d6                tu_fifo_clear
 .text.tu_fifo_set_overwritable
                0x10007122       0x3c CMakeFiles/Multicore.dir/C_/Users/haune/Desktop/Pico/pico-sdk/lib/tinyusb/src/common/tusb_fifo.c.obj
                0x10007122                tu_fifo_set_overwritable
 *fill*         0x1000715e        0x2 
 .text._retrieve_unique_id_on_boot
                0x10007160       0x10 CMakeFiles/Multicore.dir/C_/Users/haune/Desktop/Pico/pico-sdk/src/rp2_common/pico_unique_id/unique_id.c.obj
 .text.pico_get_unique_board_id_string
                0x10007170       0x60 CMakeFiles/Multicore.dir/C_/Users/haune/Desktop/Pico/pico-sdk/src/rp2_common/pico_unique_id/unique_id.c.obj
                0x10007170                pico_get_unique_board_id_string
 .text.flash_get_unique_id
                0x100071d0       0x46 CMakeFiles/Multicore.dir/C_/Users/haune/Desktop/Pico/pico-sdk/src/rp2_common/hardware_flash/flash.c.obj
                0x100071d0                flash_get_unique_id
 *fill*         0x10007216        0x2 
 .text.adc_init
                0x10007218       0x34 CMakeFiles/Multicore.dir/C_/Users/haune/Desktop/Pico/pico-sdk/src/rp2_common/hardware_adc/adc.c.obj
                0x10007218                adc_init
 .text.strlen   0x1000724c       0x5c c:/progra~2/gnuarm~1/102021~1.07/bin/../lib/gcc/arm-none-eabi/10.3.1/../../../../arm-none-eabi/lib/thumb/v6-m/nofp\libg.a(lib_a-strlen-stub.o)
                0x1000724c                strlen
 *(.fini)
 .fini          0x100072a8        0x4 c:/progra~2/gnuarm~1/102021~1.07/bin/../lib/gcc/arm-none-eabi/10.3.1/thumb/v6-m/nofp/crti.o
                0x100072a8                _fini
 *fill*         0x100072ac        0x4 
 .fini.__stub   0x100072b0       0x70 linker stubs
 *crtbegin.o(.ctors)
 *crtbegin?.o(.ctors)
 *(EXCLUDE_FILE(*crtend.o *crtend?.o) .ctors)
 *(SORT_BY_NAME(.ctors.*))
 *(.ctors)
 *crtbegin.o(.dtors)
 *crtbegin?.o(.dtors)
 *(EXCLUDE_FILE(*crtend.o *crtend?.o) .dtors)
 *(SORT_BY_NAME(.dtors.*))
 *(.dtors)
 *(.eh_frame*)
 .eh_frame      0x10007320        0x0 c:/progra~2/gnuarm~1/102021~1.07/bin/../lib/gcc/arm-none-eabi/10.3.1/thumb/v6-m/nofp/crtbegin.o
                0x10007320                . = ALIGN (0x4)

.glue_7         0x10007320        0x0
 .glue_7        0x10007320        0x0 linker stubs

.glue_7t        0x10007320        0x0
 .glue_7t       0x10007320        0x0 linker stubs

.vfp11_veneer   0x10007320        0x0
 .vfp11_veneer  0x10007320        0x0 linker stubs

.v4_bx          0x10007320        0x0
 .v4_bx         0x10007320        0x0 linker stubs

.iplt           0x10007320        0x0
 .iplt          0x10007320        0x0 c:/progra~2/gnuarm~1/102021~1.07/bin/../lib/gcc/arm-none-eabi/10.3.1/thumb/v6-m/nofp/crtbegin.o

.rodata         0x10007320     0x1774
 *(EXCLUDE_FILE(*libm.a: *libc.a:*lib_a-mem*.o *libgcc.a:) .rodata*)
 .rodata._Z23core1_interrupt_handlerv.str1.4
                0x10007320        0xd CMakeFiles/Multicore.dir/multicore.cpp.obj
 *fill*         0x1000732d        0x3 
 .rodata.multicore_lockout_start_block_until.str1.4
                0x10007330       0x67 CMakeFiles/Multicore.dir/C_/Users/haune/Desktop/Pico/pico-sdk/src/rp2_common/pico_multicore/multicore.c.obj
 *fill*         0x10007397        0x1 
 .rodata.multicore_launch_core1_with_stack.str1.4
                0x10007398       0x19 CMakeFiles/Multicore.dir/C_/Users/haune/Desktop/Pico/pico-sdk/src/rp2_common/pico_multicore/multicore.c.obj
 *fill*         0x100073b1        0x3 
 .rodata.__func__.2
                0x100073b4       0x22 CMakeFiles/Multicore.dir/C_/Users/haune/Desktop/Pico/pico-sdk/src/rp2_common/pico_multicore/multicore.c.obj
 *fill*         0x100073d6        0x2 
 .rodata.spin_lock_claim_unused.str1.4
                0x100073d8       0x1b CMakeFiles/Multicore.dir/C_/Users/haune/Desktop/Pico/pico-sdk/src/rp2_common/hardware_sync/sync.c.obj
 *fill*         0x100073f3        0x1 
 .rodata.repeating_timer_callback.str1.4
                0x100073f4       0x55 CMakeFiles/Multicore.dir/C_/Users/haune/Desktop/Pico/pico-sdk/src/common/pico_time/time.c.obj
 *fill*         0x10007449        0x3 
 .rodata.alarm_pool_dump_key.str1.4
                0x1000744c       0x33 CMakeFiles/Multicore.dir/C_/Users/haune/Desktop/Pico/pico-sdk/src/common/pico_time/time.c.obj
 *fill*         0x1000747f        0x1 
 .rodata.ph_add_child_node.str1.4
                0x10007480       0x9e CMakeFiles/Multicore.dir/C_/Users/haune/Desktop/Pico/pico-sdk/src/common/pico_time/time.c.obj
 *fill*         0x1000751e        0x2 
 .rodata.add_alarm_under_lock.str1.4
                0x10007520       0x28 CMakeFiles/Multicore.dir/C_/Users/haune/Desktop/Pico/pico-sdk/src/common/pico_time/time.c.obj
                                 0x2b (size before relaxing)
 .rodata.alarm_pool_alarm_callback.str1.4
                0x10007548       0xee CMakeFiles/Multicore.dir/C_/Users/haune/Desktop/Pico/pico-sdk/src/common/pico_time/time.c.obj
 *fill*         0x10007636        0x2 
 .rodata.alarm_pool_get_default.str1.4
                0x10007638       0x21 CMakeFiles/Multicore.dir/C_/Users/haune/Desktop/Pico/pico-sdk/src/common/pico_time/time.c.obj
 *fill*         0x10007659        0x3 
 .rodata.alarm_pool_cancel_alarm.str1.4
                0x1000765c       0x27 CMakeFiles/Multicore.dir/C_/Users/haune/Desktop/Pico/pico-sdk/src/common/pico_time/time.c.obj
 *fill*         0x10007683        0x1 
 .rodata.sleep_until.str1.4
                0x10007684       0x4d CMakeFiles/Multicore.dir/C_/Users/haune/Desktop/Pico/pico-sdk/src/common/pico_time/time.c.obj
 *fill*         0x100076d1        0x3 
 .rodata.__func__.1
                0x100076d4       0x18 CMakeFiles/Multicore.dir/C_/Users/haune/Desktop/Pico/pico-sdk/src/common/pico_time/time.c.obj
 .rodata.__func__.10
                0x100076ec       0x15 CMakeFiles/Multicore.dir/C_/Users/haune/Desktop/Pico/pico-sdk/src/common/pico_time/time.c.obj
 *fill*         0x10007701        0x3 
 .rodata.__func__.11
                0x10007704       0x1a CMakeFiles/Multicore.dir/C_/Users/haune/Desktop/Pico/pico-sdk/src/common/pico_time/time.c.obj
 *fill*         0x1000771e        0x2 
 .rodata.__func__.12
                0x10007720        0xa CMakeFiles/Multicore.dir/C_/Users/haune/Desktop/Pico/pico-sdk/src/common/pico_time/time.c.obj
 *fill*         0x1000772a        0x2 
 .rodata.__func__.3
                0x1000772c       0x17 CMakeFiles/Multicore.dir/C_/Users/haune/Desktop/Pico/pico-sdk/src/common/pico_time/time.c.obj
 *fill*         0x10007743        0x1 
 .rodata.__func__.4
                0x10007744       0x12 CMakeFiles/Multicore.dir/C_/Users/haune/Desktop/Pico/pico-sdk/src/common/pico_time/time.c.obj
 *fill*         0x10007756        0x2 
 .rodata.__func__.5
                0x10007758        0xd CMakeFiles/Multicore.dir/C_/Users/haune/Desktop/Pico/pico-sdk/src/common/pico_time/time.c.obj
 *fill*         0x10007765        0x3 
 .rodata.__func__.6
                0x10007768       0x12 CMakeFiles/Multicore.dir/C_/Users/haune/Desktop/Pico/pico-sdk/src/common/pico_time/time.c.obj
 *fill*         0x1000777a        0x2 
 .rodata.__func__.7
                0x1000777c        0xf CMakeFiles/Multicore.dir/C_/Users/haune/Desktop/Pico/pico-sdk/src/common/pico_time/time.c.obj
 *fill*         0x1000778b        0x1 
 .rodata.__func__.8
                0x1000778c        0xc CMakeFiles/Multicore.dir/C_/Users/haune/Desktop/Pico/pico-sdk/src/common/pico_time/time.c.obj
 .rodata.__func__.9
                0x10007798       0x15 CMakeFiles/Multicore.dir/C_/Users/haune/Desktop/Pico/pico-sdk/src/common/pico_time/time.c.obj
 *fill*         0x100077ad        0x3 
 .rodata.hardware_alarm_claim.str1.4
                0x100077b0       0x22 CMakeFiles/Multicore.dir/C_/Users/haune/Desktop/Pico/pico-sdk/src/rp2_common/hardware_timer/timer.c.obj
 *fill*         0x100077d2        0x2 
 .rodata.hardware_alarm_set_target.str1.4
                0x100077d4       0x6f CMakeFiles/Multicore.dir/C_/Users/haune/Desktop/Pico/pico-sdk/src/rp2_common/hardware_timer/timer.c.obj
 *fill*         0x10007843        0x1 
 .rodata.__func__.0
                0x10007844       0x1a CMakeFiles/Multicore.dir/C_/Users/haune/Desktop/Pico/pico-sdk/src/rp2_common/hardware_timer/timer.c.obj
 .rodata.ph_add_child_node.str1.4
                0x1000785e       0x9e CMakeFiles/Multicore.dir/C_/Users/haune/Desktop/Pico/pico-sdk/src/common/pico_util/pheap.c.obj
 *fill*         0x1000785e        0x2 
 .rodata.ph_remove_any_head.str1.4
                0x10007860       0x98 CMakeFiles/Multicore.dir/C_/Users/haune/Desktop/Pico/pico-sdk/src/common/pico_util/pheap.c.obj
 .rodata.ph_remove_and_free_node.str1.4
                0x100078f8       0x26 CMakeFiles/Multicore.dir/C_/Users/haune/Desktop/Pico/pico-sdk/src/common/pico_util/pheap.c.obj
 *fill*         0x1000791e        0x2 
 .rodata.__func__.0
                0x10007920       0x18 CMakeFiles/Multicore.dir/C_/Users/haune/Desktop/Pico/pico-sdk/src/common/pico_util/pheap.c.obj
 .rodata.__func__.1
                0x10007938       0x13 CMakeFiles/Multicore.dir/C_/Users/haune/Desktop/Pico/pico-sdk/src/common/pico_util/pheap.c.obj
 *fill*         0x1000794b        0x1 
 .rodata.__func__.2
                0x1000794c       0x12 CMakeFiles/Multicore.dir/C_/Users/haune/Desktop/Pico/pico-sdk/src/common/pico_util/pheap.c.obj
 *fill*         0x1000795e        0x2 
 .rodata.__func__.3
                0x10007960        0xc CMakeFiles/Multicore.dir/C_/Users/haune/Desktop/Pico/pico-sdk/src/common/pico_util/pheap.c.obj
 .rodata.str1.4
                0x1000796c       0xbd CMakeFiles/Multicore.dir/C_/Users/haune/Desktop/Pico/pico-sdk/src/common/pico_sync/mutex.c.obj
                                0x129 (size before relaxing)
 *fill*         0x10007a29        0x3 
 .rodata.__func__.0
                0x10007a2c        0xb CMakeFiles/Multicore.dir/C_/Users/haune/Desktop/Pico/pico-sdk/src/common/pico_sync/mutex.c.obj
 *fill*         0x10007a37        0x1 
 .rodata.__func__.1
                0x10007a38       0x18 CMakeFiles/Multicore.dir/C_/Users/haune/Desktop/Pico/pico-sdk/src/common/pico_sync/mutex.c.obj
 .rodata.__func__.2
                0x10007a50       0x15 CMakeFiles/Multicore.dir/C_/Users/haune/Desktop/Pico/pico-sdk/src/common/pico_sync/mutex.c.obj
 *fill*         0x10007a65        0x3 
 .rodata.__func__.3
                0x10007a68       0x15 CMakeFiles/Multicore.dir/C_/Users/haune/Desktop/Pico/pico-sdk/src/common/pico_sync/mutex.c.obj
 *fill*         0x10007a7d        0x3 
 .rodata.make_branch.str1.4
                0x10007a80       0x57 CMakeFiles/Multicore.dir/C_/Users/haune/Desktop/Pico/pico-sdk/src/rp2_common/hardware_irq/irq.c.obj
 *fill*         0x10007ad7        0x1 
 .rodata.irq_set_exclusive_handler.str1.4
                0x10007ad8       0x36 CMakeFiles/Multicore.dir/C_/Users/haune/Desktop/Pico/pico-sdk/src/rp2_common/hardware_irq/irq.c.obj
 *fill*         0x10007b0e        0x2 
 .rodata.irq_add_shared_handler.str1.4
                0x10007b10       0xd9 CMakeFiles/Multicore.dir/C_/Users/haune/Desktop/Pico/pico-sdk/src/rp2_common/hardware_irq/irq.c.obj
 *fill*         0x10007be9        0x3 
 .rodata.irq_remove_handler.str1.4
                0x10007bec       0x2a CMakeFiles/Multicore.dir/C_/Users/haune/Desktop/Pico/pico-sdk/src/rp2_common/hardware_irq/irq.c.obj
 *fill*         0x10007c16        0x2 
 .rodata.irq_add_tail_to_free_list.str1.4
                0x10007c18       0x32 CMakeFiles/Multicore.dir/C_/Users/haune/Desktop/Pico/pico-sdk/src/rp2_common/hardware_irq/irq.c.obj
                                 0x3a (size before relaxing)
 *fill*         0x10007c4a        0x2 
 .rodata.__func__.0
                0x10007c4c       0x1a CMakeFiles/Multicore.dir/C_/Users/haune/Desktop/Pico/pico-sdk/src/rp2_common/hardware_irq/irq.c.obj
 *fill*         0x10007c66        0x2 
 .rodata.__func__.1
                0x10007c68       0x17 CMakeFiles/Multicore.dir/C_/Users/haune/Desktop/Pico/pico-sdk/src/rp2_common/hardware_irq/irq.c.obj
 *fill*         0x10007c7f        0x1 
 .rodata.__func__.2
                0x10007c80       0x13 CMakeFiles/Multicore.dir/C_/Users/haune/Desktop/Pico/pico-sdk/src/rp2_common/hardware_irq/irq.c.obj
 *fill*         0x10007c93        0x1 
 .rodata.__func__.3
                0x10007c94        0xc CMakeFiles/Multicore.dir/C_/Users/haune/Desktop/Pico/pico-sdk/src/rp2_common/hardware_irq/irq.c.obj
 .rodata.__func__.4
                0x10007ca0        0xf CMakeFiles/Multicore.dir/C_/Users/haune/Desktop/Pico/pico-sdk/src/rp2_common/hardware_irq/irq.c.obj
 *fill*         0x10007caf        0x1 
 .rodata.__func__.6
                0x10007cb0       0x1a CMakeFiles/Multicore.dir/C_/Users/haune/Desktop/Pico/pico-sdk/src/rp2_common/hardware_irq/irq.c.obj
 *fill*         0x10007cca        0x2 
 .rodata.__assert_func.str1.4
                0x10007ccc       0x3f CMakeFiles/Multicore.dir/C_/Users/haune/Desktop/Pico/pico-sdk/src/rp2_common/pico_runtime/runtime.c.obj
                                 0x43 (size before relaxing)
 *fill*         0x10007d0b        0x1 
 .rodata.panic.str1.4
                0x10007d0c       0x12 CMakeFiles/Multicore.dir/C_/Users/haune/Desktop/Pico/pico-sdk/src/rp2_common/pico_runtime/runtime.c.obj
 *fill*         0x10007d1e        0x2 
 .rodata.clock_configure.str1.4
                0x10007d20       0x61 CMakeFiles/Multicore.dir/C_/Users/haune/Desktop/Pico/pico-sdk/src/rp2_common/hardware_clocks/clocks.c.obj
 *fill*         0x10007d81        0x3 
 .rodata.__func__.1
                0x10007d84       0x10 CMakeFiles/Multicore.dir/C_/Users/haune/Desktop/Pico/pico-sdk/src/rp2_common/hardware_clocks/clocks.c.obj
 .rodata.pll_init.str1.4
                0x10007d94       0xe3 CMakeFiles/Multicore.dir/C_/Users/haune/Desktop/Pico/pico-sdk/src/rp2_common/hardware_pll/pll.c.obj
 *fill*         0x10007e77        0x1 
 .rodata.__func__.0
                0x10007e78        0x9 CMakeFiles/Multicore.dir/C_/Users/haune/Desktop/Pico/pico-sdk/src/rp2_common/hardware_pll/pll.c.obj
 *fill*         0x10007e81        0x3 
 .rodata._ftoa.str1.4
                0x10007e84       0x15 CMakeFiles/Multicore.dir/C_/Users/haune/Desktop/Pico/pico-sdk/src/rp2_common/pico_printf/printf.c.obj
 *fill*         0x10007e99        0x3 
 .rodata._vsnprintf
                0x10007e9c      0x1e0 CMakeFiles/Multicore.dir/C_/Users/haune/Desktop/Pico/pico-sdk/src/rp2_common/pico_printf/printf.c.obj
 *fill*         0x1000807c        0x4 
 .rodata.pow10.0
                0x10008080       0x50 CMakeFiles/Multicore.dir/C_/Users/haune/Desktop/Pico/pico-sdk/src/rp2_common/pico_printf/printf.c.obj
 .rodata.__aeabi_double_init.str1.4
                0x100080d0       0xb2 CMakeFiles/Multicore.dir/C_/Users/haune/Desktop/Pico/pico-sdk/src/rp2_common/pico_double/double_init_rom.c.obj
 *fill*         0x10008182        0x2 
 .rodata.__func__.0
                0x10008184       0x14 CMakeFiles/Multicore.dir/C_/Users/haune/Desktop/Pico/pico-sdk/src/rp2_common/pico_double/double_init_rom.c.obj
 .rodata.__aeabi_float_init.str1.4
                0x10008198       0x84 CMakeFiles/Multicore.dir/C_/Users/haune/Desktop/Pico/pico-sdk/src/rp2_common/pico_float/float_init_rom.c.obj
                                 0x88 (size before relaxing)
 .rodata.__func__.0
                0x1000821c       0x13 CMakeFiles/Multicore.dir/C_/Users/haune/Desktop/Pico/pico-sdk/src/rp2_common/pico_float/float_init_rom.c.obj
 *fill*         0x1000822f        0x1 
 .rodata.str1.4
                0x10008230       0x40 CMakeFiles/Multicore.dir/C_/Users/haune/Desktop/Pico/pico-sdk/src/rp2_common/pico_standard_link/binary_info.c.obj
 .rodata.__bi_44
                0x10008270        0xc CMakeFiles/Multicore.dir/C_/Users/haune/Desktop/Pico/pico-sdk/src/rp2_common/pico_standard_link/binary_info.c.obj
 .rodata.__bi_75
                0x1000827c        0xc CMakeFiles/Multicore.dir/C_/Users/haune/Desktop/Pico/pico-sdk/src/rp2_common/pico_standard_link/binary_info.c.obj
 .rodata.__bi_81
                0x10008288        0xc CMakeFiles/Multicore.dir/C_/Users/haune/Desktop/Pico/pico-sdk/src/rp2_common/pico_standard_link/binary_info.c.obj
 .rodata.crlf_str.3
                0x10008294        0x2 CMakeFiles/Multicore.dir/C_/Users/haune/Desktop/Pico/pico-sdk/src/rp2_common/pico_stdio/stdio.c.obj
 *fill*         0x10008296        0x2 
 .rodata._resetd_driver
                0x10008298       0x18 CMakeFiles/Multicore.dir/C_/Users/haune/Desktop/Pico/pico-sdk/src/rp2_common/pico_stdio_usb/reset_interface.c.obj
 .rodata.stdio_usb_init.str1.4
                0x100082b0       0x6b CMakeFiles/Multicore.dir/C_/Users/haune/Desktop/Pico/pico-sdk/src/rp2_common/pico_stdio_usb/stdio_usb.c.obj
 .rodata.str1.4
                0x100082b0       0x13 CMakeFiles/Multicore.dir/C_/Users/haune/Desktop/Pico/pico-sdk/src/rp2_common/pico_stdio_usb/stdio_usb.c.obj
 *fill*         0x100082c3        0x1 
 .rodata.__bi_93.1
                0x100082c4        0xc CMakeFiles/Multicore.dir/C_/Users/haune/Desktop/Pico/pico-sdk/src/rp2_common/pico_stdio_usb/stdio_usb.c.obj
 .rodata.__func__.0
                0x100082d0       0x15 CMakeFiles/Multicore.dir/C_/Users/haune/Desktop/Pico/pico-sdk/src/rp2_common/pico_stdio_usb/stdio_usb.c.obj
 *fill*         0x100082e5        0x3 
 .rodata.str1.4
                0x100082e8       0x2a CMakeFiles/Multicore.dir/C_/Users/haune/Desktop/Pico/pico-sdk/src/rp2_common/pico_stdio_usb/stdio_usb_descriptors.c.obj
 *fill*         0x10008312        0x2 
 .rodata.usbd_desc_cfg
                0x10008314       0x54 CMakeFiles/Multicore.dir/C_/Users/haune/Desktop/Pico/pico-sdk/src/rp2_common/pico_stdio_usb/stdio_usb_descriptors.c.obj
 .rodata.usbd_desc_device
                0x10008368       0x12 CMakeFiles/Multicore.dir/C_/Users/haune/Desktop/Pico/pico-sdk/src/rp2_common/pico_stdio_usb/stdio_usb_descriptors.c.obj
 *fill*         0x1000837a        0x2 
 .rodata.usbd_desc_str
                0x1000837c       0x18 CMakeFiles/Multicore.dir/C_/Users/haune/Desktop/Pico/pico-sdk/src/rp2_common/pico_stdio_usb/stdio_usb_descriptors.c.obj
 .rodata._hw_endpoint_alloc.str1.4
                0x10008394       0xc1 CMakeFiles/Multicore.dir/C_/Users/haune/Desktop/Pico/pico-sdk/lib/tinyusb/src/portable/raspberrypi/rp2040/dcd_rp2040.c.obj
 *fill*         0x10008455        0x3 
 .rodata._hw_endpoint_init.str1.4
                0x10008458       0x28 CMakeFiles/Multicore.dir/C_/Users/haune/Desktop/Pico/pico-sdk/lib/tinyusb/src/portable/raspberrypi/rp2040/dcd_rp2040.c.obj
 .rodata.hw_handle_buff_status.str1.4
                0x10008480        0xb CMakeFiles/Multicore.dir/C_/Users/haune/Desktop/Pico/pico-sdk/lib/tinyusb/src/portable/raspberrypi/rp2040/dcd_rp2040.c.obj
 *fill*         0x1000848b        0x1 
 .rodata.dcd_rp2040_irq.str1.4
                0x1000848c       0x14 CMakeFiles/Multicore.dir/C_/Users/haune/Desktop/Pico/pico-sdk/lib/tinyusb/src/portable/raspberrypi/rp2040/dcd_rp2040.c.obj
 .rodata._hw_endpoint_stall.str1.4
                0x100084a0        0xd CMakeFiles/Multicore.dir/C_/Users/haune/Desktop/Pico/pico-sdk/lib/tinyusb/src/portable/raspberrypi/rp2040/dcd_rp2040.c.obj
 *fill*         0x100084ad        0x3 
 .rodata.dcd_int_enable.str1.4
                0x100084b0        0xc CMakeFiles/Multicore.dir/C_/Users/haune/Desktop/Pico/pico-sdk/lib/tinyusb/src/portable/raspberrypi/rp2040/dcd_rp2040.c.obj
 .rodata.__func__.0
                0x100084bc       0x15 CMakeFiles/Multicore.dir/C_/Users/haune/Desktop/Pico/pico-sdk/lib/tinyusb/src/portable/raspberrypi/rp2040/dcd_rp2040.c.obj
 *fill*         0x100084d1        0x3 
 .rodata.__func__.1
                0x100084d4       0x13 CMakeFiles/Multicore.dir/C_/Users/haune/Desktop/Pico/pico-sdk/lib/tinyusb/src/portable/raspberrypi/rp2040/dcd_rp2040.c.obj
 *fill*         0x100084e7        0x1 
 .rodata.__func__.11
                0x100084e8        0xf CMakeFiles/Multicore.dir/C_/Users/haune/Desktop/Pico/pico-sdk/lib/tinyusb/src/portable/raspberrypi/rp2040/dcd_rp2040.c.obj
 *fill*         0x100084f7        0x1 
 .rodata.__func__.12
                0x100084f8       0x13 CMakeFiles/Multicore.dir/C_/Users/haune/Desktop/Pico/pico-sdk/lib/tinyusb/src/portable/raspberrypi/rp2040/dcd_rp2040.c.obj
 *fill*         0x1000850b        0x1 
 .rodata.__func__.13
                0x1000850c       0x16 CMakeFiles/Multicore.dir/C_/Users/haune/Desktop/Pico/pico-sdk/lib/tinyusb/src/portable/raspberrypi/rp2040/dcd_rp2040.c.obj
 *fill*         0x10008522        0x2 
 .rodata.__func__.14
                0x10008524        0x9 CMakeFiles/Multicore.dir/C_/Users/haune/Desktop/Pico/pico-sdk/lib/tinyusb/src/portable/raspberrypi/rp2040/dcd_rp2040.c.obj
 *fill*         0x1000852d        0x3 
 .rodata.__func__.2
                0x10008530        0xf CMakeFiles/Multicore.dir/C_/Users/haune/Desktop/Pico/pico-sdk/lib/tinyusb/src/portable/raspberrypi/rp2040/dcd_rp2040.c.obj
 *fill*         0x1000853f        0x1 
 .rodata.__func__.3
                0x10008540        0xe CMakeFiles/Multicore.dir/C_/Users/haune/Desktop/Pico/pico-sdk/lib/tinyusb/src/portable/raspberrypi/rp2040/dcd_rp2040.c.obj
 *fill*         0x1000854e        0x2 
 .rodata.__func__.4
                0x10008550        0xe CMakeFiles/Multicore.dir/C_/Users/haune/Desktop/Pico/pico-sdk/lib/tinyusb/src/portable/raspberrypi/rp2040/dcd_rp2040.c.obj
 *fill*         0x1000855e        0x2 
 .rodata.__func__.5
                0x10008560       0x1a CMakeFiles/Multicore.dir/C_/Users/haune/Desktop/Pico/pico-sdk/lib/tinyusb/src/portable/raspberrypi/rp2040/dcd_rp2040.c.obj
 *fill*         0x1000857a        0x2 
 .rodata.__func__.6
                0x1000857c        0xc CMakeFiles/Multicore.dir/C_/Users/haune/Desktop/Pico/pico-sdk/lib/tinyusb/src/portable/raspberrypi/rp2040/dcd_rp2040.c.obj
 .rodata.__func__.9
                0x10008588       0x10 CMakeFiles/Multicore.dir/C_/Users/haune/Desktop/Pico/pico-sdk/lib/tinyusb/src/portable/raspberrypi/rp2040/dcd_rp2040.c.obj
 .rodata._hw_endpoint_buffer_control_update32.str1.4
                0x10008598       0x1f CMakeFiles/Multicore.dir/C_/Users/haune/Desktop/Pico/pico-sdk/lib/tinyusb/src/portable/raspberrypi/rp2040/rp2040_usb.c.obj
 *fill*         0x100085b7        0x1 
 .rodata._hw_endpoint_xfer_sync.str1.4
                0x100085b8       0x9d CMakeFiles/Multicore.dir/C_/Users/haune/Desktop/Pico/pico-sdk/lib/tinyusb/src/portable/raspberrypi/rp2040/rp2040_usb.c.obj
 *fill*         0x10008655        0x3 
 .rodata._hw_endpoint_xfer_continue.str1.4
                0x10008658       0x50 CMakeFiles/Multicore.dir/C_/Users/haune/Desktop/Pico/pico-sdk/lib/tinyusb/src/portable/raspberrypi/rp2040/rp2040_usb.c.obj
 .rodata._hw_endpoint_xfer.str1.4
                0x100086a8        0xf CMakeFiles/Multicore.dir/C_/Users/haune/Desktop/Pico/pico-sdk/lib/tinyusb/src/portable/raspberrypi/rp2040/rp2040_usb.c.obj
 *fill*         0x100086b7        0x1 
 .rodata.str1.4
                0x100086b8        0x7 CMakeFiles/Multicore.dir/C_/Users/haune/Desktop/Pico/pico-sdk/lib/tinyusb/src/portable/raspberrypi/rp2040/rp2040_usb.c.obj
 *fill*         0x100086bf        0x1 
 .rodata.__func__.0
                0x100086c0       0x12 CMakeFiles/Multicore.dir/C_/Users/haune/Desktop/Pico/pico-sdk/lib/tinyusb/src/portable/raspberrypi/rp2040/rp2040_usb.c.obj
 *fill*         0x100086d2        0x2 
 .rodata.__func__.1
                0x100086d4       0x17 CMakeFiles/Multicore.dir/C_/Users/haune/Desktop/Pico/pico-sdk/lib/tinyusb/src/portable/raspberrypi/rp2040/rp2040_usb.c.obj
 *fill*         0x100086eb        0x1 
 .rodata.process_set_config.str1.4
                0x100086ec       0x17 CMakeFiles/Multicore.dir/C_/Users/haune/Desktop/Pico/pico-sdk/lib/tinyusb/src/device/usbd.c.obj
 *fill*         0x10008703        0x1 
 .rodata.process_get_descriptor
                0x10008704       0x40 CMakeFiles/Multicore.dir/C_/Users/haune/Desktop/Pico/pico-sdk/lib/tinyusb/src/device/usbd.c.obj
 .rodata.process_control_request
                0x10008744       0x28 CMakeFiles/Multicore.dir/C_/Users/haune/Desktop/Pico/pico-sdk/lib/tinyusb/src/device/usbd.c.obj
 .rodata.tud_task
                0x1000876c       0x24 CMakeFiles/Multicore.dir/C_/Users/haune/Desktop/Pico/pico-sdk/lib/tinyusb/src/device/usbd.c.obj
 .rodata.__func__.2
                0x10008790        0xf CMakeFiles/Multicore.dir/C_/Users/haune/Desktop/Pico/pico-sdk/lib/tinyusb/src/device/usbd.c.obj
 *fill*         0x1000879f        0x1 
 .rodata.__func__.3
                0x100087a0        0xf CMakeFiles/Multicore.dir/C_/Users/haune/Desktop/Pico/pico-sdk/lib/tinyusb/src/device/usbd.c.obj
 *fill*         0x100087af        0x1 
 .rodata.__func__.4
                0x100087b0       0x14 CMakeFiles/Multicore.dir/C_/Users/haune/Desktop/Pico/pico-sdk/lib/tinyusb/src/device/usbd.c.obj
 .rodata.__func__.5
                0x100087c4       0x10 CMakeFiles/Multicore.dir/C_/Users/haune/Desktop/Pico/pico-sdk/lib/tinyusb/src/device/usbd.c.obj
 .rodata.__func__.6
                0x100087d4       0x17 CMakeFiles/Multicore.dir/C_/Users/haune/Desktop/Pico/pico-sdk/lib/tinyusb/src/device/usbd.c.obj
 *fill*         0x100087eb        0x1 
 .rodata.__func__.7
                0x100087ec       0x13 CMakeFiles/Multicore.dir/C_/Users/haune/Desktop/Pico/pico-sdk/lib/tinyusb/src/device/usbd.c.obj
 *fill*         0x100087ff        0x1 
 .rodata.__func__.8
                0x10008800       0x18 CMakeFiles/Multicore.dir/C_/Users/haune/Desktop/Pico/pico-sdk/lib/tinyusb/src/device/usbd.c.obj
 .rodata.__func__.9
                0x10008818        0x9 CMakeFiles/Multicore.dir/C_/Users/haune/Desktop/Pico/pico-sdk/lib/tinyusb/src/device/usbd.c.obj
 *fill*         0x10008821        0x3 
 .rodata._usbd_driver
                0x10008824       0x18 CMakeFiles/Multicore.dir/C_/Users/haune/Desktop/Pico/pico-sdk/lib/tinyusb/src/device/usbd.c.obj
 .rodata.tud_control_xfer.str1.4
                0x1000883c       0x17 CMakeFiles/Multicore.dir/C_/Users/haune/Desktop/Pico/pico-sdk/lib/tinyusb/src/device/usbd_control.c.obj
 .rodata.__func__.0
                0x1000883c       0x15 CMakeFiles/Multicore.dir/C_/Users/haune/Desktop/Pico/pico-sdk/lib/tinyusb/src/device/usbd_control.c.obj
 *fill*         0x10008851        0x3 
 .rodata.__func__.1
                0x10008854       0x11 CMakeFiles/Multicore.dir/C_/Users/haune/Desktop/Pico/pico-sdk/lib/tinyusb/src/device/usbd_control.c.obj
 .rodata.tud_cdc_n_write_flush.str1.4
                0x10008865       0x17 CMakeFiles/Multicore.dir/C_/Users/haune/Desktop/Pico/pico-sdk/lib/tinyusb/src/class/cdc/cdc_device.c.obj
 *fill*         0x10008865        0x3 
 .rodata.__func__.0
                0x10008868        0xd CMakeFiles/Multicore.dir/C_/Users/haune/Desktop/Pico/pico-sdk/lib/tinyusb/src/class/cdc/cdc_device.c.obj
 *fill*         0x10008875        0x3 
 .rodata.__func__.1
                0x10008878        0xa CMakeFiles/Multicore.dir/C_/Users/haune/Desktop/Pico/pico-sdk/lib/tinyusb/src/class/cdc/cdc_device.c.obj
 *fill*         0x10008882        0x2 
 .rodata.__func__.2
                0x10008884       0x16 CMakeFiles/Multicore.dir/C_/Users/haune/Desktop/Pico/pico-sdk/lib/tinyusb/src/class/cdc/cdc_device.c.obj
 .rodata.tusb_init.str1.4
                0x1000889a       0x17 CMakeFiles/Multicore.dir/C_/Users/haune/Desktop/Pico/pico-sdk/lib/tinyusb/src/tusb.c.obj
 *fill*         0x1000889a        0x2 
 .rodata.__func__.0
                0x1000889c        0xa CMakeFiles/Multicore.dir/C_/Users/haune/Desktop/Pico/pico-sdk/lib/tinyusb/src/tusb.c.obj
 *fill*         0x100088a6        0x2 
 .rodata.pico_get_unique_board_id_string.str1.4
                0x100088a8       0x57 CMakeFiles/Multicore.dir/C_/Users/haune/Desktop/Pico/pico-sdk/src/rp2_common/pico_unique_id/unique_id.c.obj
 *fill*         0x100088ff        0x1 
 .rodata.__func__.0
                0x10008900       0x20 CMakeFiles/Multicore.dir/C_/Users/haune/Desktop/Pico/pico-sdk/src/rp2_common/pico_unique_id/unique_id.c.obj
 .rodata.str1.4
                0x10008920      0x162 CMakeFiles/Multicore.dir/C_/Users/haune/Desktop/Pico/pico-sdk/src/rp2_common/hardware_flash/flash.c.obj
 *fill*         0x10008a82        0x2 
 .rodata.__func__.0
                0x10008a84        0xd CMakeFiles/Multicore.dir/C_/Users/haune/Desktop/Pico/pico-sdk/src/rp2_common/hardware_flash/flash.c.obj
                0x10008a94                . = ALIGN (0x4)
 *fill*         0x10008a91        0x3 
 *(SORT_BY_ALIGNMENT(SORT_BY_NAME(.flashdata*)))
                0x10008a94                . = ALIGN (0x4)

.rel.dyn        0x10008a94        0x0
 .rel.iplt      0x10008a94        0x0 c:/progra~2/gnuarm~1/102021~1.07/bin/../lib/gcc/arm-none-eabi/10.3.1/thumb/v6-m/nofp/crtbegin.o

.ARM.extab
 *(.ARM.extab* .gnu.linkonce.armextab.*)
                0x10008a94                __exidx_start = .

.ARM.exidx
 *(.ARM.exidx* .gnu.linkonce.armexidx.*)
                0x10008a94                __exidx_end = .
                0x10008a94                . = ALIGN (0x4)
                0x10008a94                __binary_info_start = .

.binary_info    0x10008a94       0x20
 *(.binary_info.keep.*)
 .binary_info.keep.__bi_ptr22
                0x10008a94        0x4 CMakeFiles/Multicore.dir/C_/Users/haune/Desktop/Pico/pico-sdk/src/rp2_common/pico_standard_link/binary_info.c.obj
 .binary_info.keep.__bi_ptr30
                0x10008a98        0x4 CMakeFiles/Multicore.dir/C_/Users/haune/Desktop/Pico/pico-sdk/src/rp2_common/pico_standard_link/binary_info.c.obj
 .binary_info.keep.__bi_ptr38
                0x10008a9c        0x4 CMakeFiles/Multicore.dir/C_/Users/haune/Desktop/Pico/pico-sdk/src/rp2_common/pico_standard_link/binary_info.c.obj
 .binary_info.keep.__bi_ptr44
                0x10008aa0        0x4 CMakeFiles/Multicore.dir/C_/Users/haune/Desktop/Pico/pico-sdk/src/rp2_common/pico_standard_link/binary_info.c.obj
 .binary_info.keep.__bi_ptr50
                0x10008aa4        0x4 CMakeFiles/Multicore.dir/C_/Users/haune/Desktop/Pico/pico-sdk/src/rp2_common/pico_standard_link/binary_info.c.obj
 .binary_info.keep.__bi_ptr75
                0x10008aa8        0x4 CMakeFiles/Multicore.dir/C_/Users/haune/Desktop/Pico/pico-sdk/src/rp2_common/pico_standard_link/binary_info.c.obj
 .binary_info.keep.__bi_ptr81
                0x10008aac        0x4 CMakeFiles/Multicore.dir/C_/Users/haune/Desktop/Pico/pico-sdk/src/rp2_common/pico_standard_link/binary_info.c.obj
 *(.binary_info.*)
 .binary_info.__bi_ptr93
                0x10008ab0        0x4 CMakeFiles/Multicore.dir/C_/Users/haune/Desktop/Pico/pico-sdk/src/rp2_common/pico_stdio_usb/stdio_usb.c.obj
                0x10008ab4                __binary_info_end = .
                0x10008ab4                . = ALIGN (0x4)
                0x10008ab4                __etext = .

.ram_vector_table
                0x20000000       0xc0
 *(.ram_vector_table)
 .ram_vector_table
                0x20000000       0xc0 CMakeFiles/Multicore.dir/C_/Users/haune/Desktop/Pico/pico-sdk/src/rp2_common/pico_runtime/runtime.c.obj
                0x20000000                ram_vector_table

.data           0x200000c0      0x508 load address 0x10008ab4
                0x200000c0                __data_start__ = .
 *(vtable)
 *(.time_critical*)
 .time_critical.mutex_enter_blocking
                0x200000c0       0x94 CMakeFiles/Multicore.dir/C_/Users/haune/Desktop/Pico/pico-sdk/src/common/pico_sync/mutex.c.obj
                0x200000c0                mutex_enter_blocking
 .time_critical.mutex_try_enter
                0x20000154       0x5a CMakeFiles/Multicore.dir/C_/Users/haune/Desktop/Pico/pico-sdk/src/common/pico_sync/mutex.c.obj
                0x20000154                mutex_try_enter
 *fill*         0x200001ae        0x2 
 .time_critical.mutex_enter_block_until
                0x200001b0       0x8c CMakeFiles/Multicore.dir/C_/Users/haune/Desktop/Pico/pico-sdk/src/common/pico_sync/mutex.c.obj
                0x200001b0                mutex_enter_block_until
 .time_critical.mutex_enter_timeout_ms
                0x2000023c       0x74 CMakeFiles/Multicore.dir/C_/Users/haune/Desktop/Pico/pico-sdk/src/common/pico_sync/mutex.c.obj
                0x2000023c                mutex_enter_timeout_ms
 .time_critical.mutex_exit
                0x200002b0       0x94 CMakeFiles/Multicore.dir/C_/Users/haune/Desktop/Pico/pico-sdk/src/common/pico_sync/mutex.c.obj
                0x200002b0                mutex_exit
 .time_critical.flash_init_boot2_copyout
                0x20000344       0x30 CMakeFiles/Multicore.dir/C_/Users/haune/Desktop/Pico/pico-sdk/src/rp2_common/hardware_flash/flash.c.obj
 .time_critical.flash_enable_xip_via_boot2
                0x20000374       0x10 CMakeFiles/Multicore.dir/C_/Users/haune/Desktop/Pico/pico-sdk/src/rp2_common/hardware_flash/flash.c.obj
 .time_critical.flash_cs_force