Archive member included to satisfy reference by file (symbol)

c:/progra~2/gnuarm~1/102021~1.07/bin/../lib/gcc/arm-none-eabi/10.3.1/thumb/v6-m/nofp\libgcc.a(_dvmd_tls.o)
                              CMakeFiles/step.dir/C_/pico/pico-sdk/src/rp2_common/pico_divider/divider.S.obj (__aeabi_idiv0)
c:/progra~2/gnuarm~1/102021~1.07/bin/../lib/gcc/arm-none-eabi/10.3.1/../../../../arm-none-eabi/lib/thumb/v6-m/nofp\libg.a(lib_a-calloc.o)
                              CMakeFiles/step.dir/C_/pico/pico-sdk/src/rp2_common/pico_malloc/pico_malloc.c.obj (calloc)
c:/progra~2/gnuarm~1/102021~1.07/bin/../lib/gcc/arm-none-eabi/10.3.1/../../../../arm-none-eabi/lib/thumb/v6-m/nofp\libg.a(lib_a-callocr.o)
                              c:/progra~2/gnuarm~1/102021~1.07/bin/../lib/gcc/arm-none-eabi/10.3.1/../../../../arm-none-eabi/lib/thumb/v6-m/nofp\libg.a(lib_a-calloc.o) (_calloc_r)
c:/progra~2/gnuarm~1/102021~1.07/bin/../lib/gcc/arm-none-eabi/10.3.1/../../../../arm-none-eabi/lib/thumb/v6-m/nofp\libg.a(lib_a-ctype_.o)
                              CMakeFiles/step.dir/C_/pico/pico-sdk/lib/tinyusb/src/tusb.c.obj (_ctype_)
c:/progra~2/gnuarm~1/102021~1.07/bin/../lib/gcc/arm-none-eabi/10.3.1/../../../../arm-none-eabi/lib/thumb/v6-m/nofp\libg.a(lib_a-errno.o)
                              c:/progra~2/gnuarm~1/102021~1.07/bin/../lib/gcc/arm-none-eabi/10.3.1/../../../../arm-none-eabi/lib/thumb/v6-m/nofp\libg.a(lib_a-callocr.o) (__errno)
c:/progra~2/gnuarm~1/102021~1.07/bin/../lib/gcc/arm-none-eabi/10.3.1/../../../../arm-none-eabi/lib/thumb/v6-m/nofp\libg.a(lib_a-impure.o)
                              c:/progra~2/gnuarm~1/102021~1.07/bin/../lib/gcc/arm-none-eabi/10.3.1/../../../../arm-none-eabi/lib/thumb/v6-m/nofp\libg.a(lib_a-calloc.o) (_impure_ptr)
c:/progra~2/gnuarm~1/102021~1.07/bin/../lib/gcc/arm-none-eabi/10.3.1/../../../../arm-none-eabi/lib/thumb/v6-m/nofp\libg.a(lib_a-init.o)
                              c:/progra~2/gnuarm~1/102021~1.07/bin/../lib/gcc/arm-none-eabi/10.3.1/../../../../arm-none-eabi/lib/thumb/v6-m/nofp/crt0.o (__libc_init_array)
c:/progra~2/gnuarm~1/102021~1.07/bin/../lib/gcc/arm-none-eabi/10.3.1/../../../../arm-none-eabi/lib/thumb/v6-m/nofp\libg.a(lib_a-malloc.o)
                              CMakeFiles/step.dir/C_/pico/pico-sdk/src/rp2_common/pico_malloc/pico_malloc.c.obj (malloc)
c:/progra~2/gnuarm~1/102021~1.07/bin/../lib/gcc/arm-none-eabi/10.3.1/../../../../arm-none-eabi/lib/thumb/v6-m/nofp\libg.a(lib_a-mallocr.o)
                              c:/progra~2/gnuarm~1/102021~1.07/bin/../lib/gcc/arm-none-eabi/10.3.1/../../../../arm-none-eabi/lib/thumb/v6-m/nofp\libg.a(lib_a-callocr.o) (_malloc_r)
c:/progra~2/gnuarm~1/102021~1.07/bin/../lib/gcc/arm-none-eabi/10.3.1/../../../../arm-none-eabi/lib/thumb/v6-m/nofp\libg.a(lib_a-mlock.o)
                              c:/progra~2/gnuarm~1/102021~1.07/bin/../lib/gcc/arm-none-eabi/10.3.1/../../../../arm-none-eabi/lib/thumb/v6-m/nofp\libg.a(lib_a-mallocr.o) (__malloc_lock)
c:/progra~2/gnuarm~1/102021~1.07/bin/../lib/gcc/arm-none-eabi/10.3.1/../../../../arm-none-eabi/lib/thumb/v6-m/nofp\libg.a(lib_a-sbrkr.o)
                              c:/progra~2/gnuarm~1/102021~1.07/bin/../lib/gcc/arm-none-eabi/10.3.1/../../../../arm-none-eabi/lib/thumb/v6-m/nofp\libg.a(lib_a-mallocr.o) (_sbrk_r)
c:/progra~2/gnuarm~1/102021~1.07/bin/../lib/gcc/arm-none-eabi/10.3.1/../../../../arm-none-eabi/lib/thumb/v6-m/nofp\libg.a(lib_a-strlen-stub.o)
                              CMakeFiles/step.dir/C_/pico/pico-sdk/src/rp2_common/pico_stdio/stdio.c.obj (strlen)
c:/progra~2/gnuarm~1/102021~1.07/bin/../lib/gcc/arm-none-eabi/10.3.1/../../../../arm-none-eabi/lib/thumb/v6-m/nofp\libg.a(lib_a-freer.o)
                              c:/progra~2/gnuarm~1/102021~1.07/bin/../lib/gcc/arm-none-eabi/10.3.1/../../../../arm-none-eabi/lib/thumb/v6-m/nofp\libg.a(lib_a-malloc.o) (_free_r)
c:/progra~2/gnuarm~1/102021~1.07/bin/../lib/gcc/arm-none-eabi/10.3.1/../../../../arm-none-eabi/lib/thumb/v6-m/nofp\libg.a(lib_a-lock.o)
                              c:/progra~2/gnuarm~1/102021~1.07/bin/../lib/gcc/arm-none-eabi/10.3.1/../../../../arm-none-eabi/lib/thumb/v6-m/nofp\libg.a(lib_a-mlock.o) (__retarget_lock_acquire_recursive)
c:/progra~2/gnuarm~1/102021~1.07/bin/../lib/gcc/arm-none-eabi/10.3.1/../../../../arm-none-eabi/lib/thumb/v6-m/nofp\libg.a(lib_a-reent.o)
                              c:/progra~2/gnuarm~1/102021~1.07/bin/../lib/gcc/arm-none-eabi/10.3.1/../../../../arm-none-eabi/lib/thumb/v6-m/nofp\libg.a(lib_a-sbrkr.o) (errno)

Discarded input sections

 .text          0x00000000        0x0 c:/progra~2/gnuarm~1/102021~1.07/bin/../lib/gcc/arm-none-eabi/10.3.1/thumb/v6-m/nofp/crti.o
 .data          0x00000000        0x0 c:/progra~2/gnuarm~1/102021~1.07/bin/../lib/gcc/arm-none-eabi/10.3.1/thumb/v6-m/nofp/crti.o
 .bss           0x00000000        0x0 c:/progra~2/gnuarm~1/102021~1.07/bin/../lib/gcc/arm-none-eabi/10.3.1/thumb/v6-m/nofp/crti.o
[...]
Memory Configuration

Name             Origin             Length             Attributes
FLASH            0x10000000         0x00200000         xr
RAM              0x20000000         0x00040000         xrw
SCRATCH_X        0x20040000         0x00001000         xrw
SCRATCH_Y        0x20041000         0x00001000         xrw
*default*        0x00000000         0xffffffff

Linker script and memory map

LOAD c:/progra~2/gnuarm~1/102021~1.07/bin/../lib/gcc/arm-none-eabi/10.3.1/thumb/v6-m/nofp/crti.o
LOAD c:/progra~2/gnuarm~1/102021~1.07/bin/../lib/gcc/arm-none-eabi/10.3.1/thumb/v6-m/nofp/crtbegin.o
LOAD c:/progra~2/gnuarm~1/102021~1.07/bin/../lib/gcc/arm-none-eabi/10.3.1/../../../../arm-none-eabi/lib/thumb/v6-m/nofp/crt0.o

.flash_begin    0x10000000        0x0
                0x10000000                __flash_binary_start = .

.boot2          0x10000000      0x100
                0x10000000                __boot2_start__ = .
 *(.boot2)
 .boot2         0x10000000      0x100 C:\Users\haune\AppData\Local\Temp\ccEO2Tqv.o
                0x10000100                __boot2_end__ = .
                0x00000001                ASSERT (((__boot2_end__ - __boot2_start__) == 0x100), ERROR: Pico second stage bootloader must be 256 bytes in size)

.text           0x10000100     0x7248
                0x10000100                __logical_binary_start = .
 *(.vectors)
 .vectors       0x10000100       0xd4 CMakeFiles/step.dir/C_/pico/pico-sdk/src/rp2_common/pico_standard_link/crt0.S.obj
                0x10000100                __VECTOR_TABLE
                0x10000100                __vectors
                0x100001c0                isr_invalid
                0x100001c0                __default_isrs_start
                0x100001c2                isr_nmi
                0x100001c4                isr_hardfault
                0x100001c6                isr_svcall
                0x100001c8                isr_pendsv
                0x100001ca                isr_systick
                0x100001cc                isr_irq23
                0x100001cc                isr_irq18
                0x100001cc                isr_irq11
                0x100001cc                isr_irq28
                0x100001cc                isr_irq19
                0x100001cc                isr_irq0
                0x100001cc                isr_irq6
                0x100001cc                isr_irq5
                0x100001cc                isr_irq12
                0x100001cc                isr_irq22
                0x100001cc                isr_irq31
                0x100001cc                isr_irq17
                0x100001cc                isr_irq27
                0x100001cc                isr_irq30
                0x100001cc                isr_irq2
                0x100001cc                isr_irq10
                0x100001cc                isr_irq8
                0x100001cc                isr_irq24
                0x100001cc                isr_irq1
                0x100001cc                isr_irq7
                0x100001cc                isr_irq21
                0x100001cc                isr_irq20
                0x100001cc                isr_irq15
                0x100001cc                isr_irq25
                0x100001cc                isr_irq13
                0x100001cc                __unhandled_user_irq
                0x100001cc                isr_irq4
                0x100001cc                isr_irq16
                0x100001cc                isr_irq29
                0x100001cc                isr_irq26
                0x100001cc                __default_isrs_end
                0x100001cc                isr_irq3
                0x100001cc                isr_irq14
                0x100001cc                isr_irq9
                0x100001d2                unhandled_user_irq_num_in_r0
 *(.binary_info_header)
 .binary_info_header
                0x100001d4       0x14 CMakeFiles/step.dir/C_/pico/pico-sdk/src/rp2_common/pico_standard_link/crt0.S.obj
                0x100001e8                __binary_info_header_end = .
 *(.reset)
 .reset         0x100001e8       0xa8 CMakeFiles/step.dir/C_/pico/pico-sdk/src/rp2_common/pico_standard_link/crt0.S.obj
                0x100001e8                _entry_point
                0x10000266                __get_current_exception
 .reset         0x10000290       0x30 CMakeFiles/step.dir/C_/pico/pico-sdk/src/rp2_common/pico_standard_link/binary_info.c.obj
 *(.init)
 .init          0x100002c0        0x4 c:/progra~2/gnuarm~1/102021~1.07/bin/../lib/gcc/arm-none-eabi/10.3.1/thumb/v6-m/nofp/crti.o
                0x100002c0                _init
 *(EXCLUDE_FILE(*libm.a: *libc.a:*lib_a-mem*.o *libgcc.a:) .text*)
 .text          0x100002c4       0x48 c:/progra~2/gnuarm~1/102021~1.07/bin/../lib/gcc/arm-none-eabi/10.3.1/thumb/v6-m/nofp/crtbegin.o
 .text._Z41__static_initialization_and_destruction_0ii
                0x1000030c       0x38 CMakeFiles/step.dir/main.cpp.obj
 .text._Z9stepDrivej
                0x10000344       0xb8 CMakeFiles/step.dir/main.cpp.obj
                0x10000344                stepDrive(unsigned int)
 .text._Z4stepibj
                0x100003fc       0x54 CMakeFiles/step.dir/main.cpp.obj
                0x100003fc                step(int, bool, unsigned int)
 .text.main     0x10000450       0x8c CMakeFiles/step.dir/main.cpp.obj
                0x10000450                main
 .text._GLOBAL__sub_I_DIR_PIN
                0x100004dc       0x10 CMakeFiles/step.dir/main.cpp.obj
 .text._ZN3PWMC2Ejtt
                0x100004ec        0x8 CMakeFiles/step.dir/includes/pwm.cpp.obj
                0x100004ec                PWM::PWM(unsigned int, unsigned short, unsigned short)
                0x100004ec                PWM::PWM(unsigned int, unsigned short, unsigned short)
 .text._ZN3PWM4initEv
                0x100004f4       0x84 CMakeFiles/step.dir/includes/pwm.cpp.obj
                0x100004f4                PWM::init()
 .text._ZN3PWM5writeEj
                0x10000578       0x50 CMakeFiles/step.dir/includes/pwm.cpp.obj
                0x10000578                PWM::write(unsigned int)
 .text.gpio_set_function
                0x100005c8       0x30 CMakeFiles/step.dir/C_/pico/pico-sdk/src/rp2_common/hardware_gpio/gpio.c.obj
                0x100005c8                gpio_set_function
 .text.gpio_init
                0x100005f8       0x16 CMakeFiles/step.dir/C_/pico/pico-sdk/src/rp2_common/hardware_gpio/gpio.c.obj
                0x100005f8                gpio_init
 *fill*         0x1000060e        0x2 
 .text.hw_claim_lock
                0x10000610       0x18 CMakeFiles/step.dir/C_/pico/pico-sdk/src/rp2_common/hardware_claim/claim.c.obj
                0x10000610                hw_claim_lock
 .text.hw_claim_unlock
                0x10000628       0x14 CMakeFiles/step.dir/C_/pico/pico-sdk/src/rp2_common/hardware_claim/claim.c.obj
                0x10000628                hw_claim_unlock
 .text.hw_claim_or_assert
                0x1000063c       0x32 CMakeFiles/step.dir/C_/pico/pico-sdk/src/rp2_common/hardware_claim/claim.c.obj
                0x1000063c                hw_claim_or_assert
 .text.hw_claim_unused_from_range
                0x1000066e       0x50 CMakeFiles/step.dir/C_/pico/pico-sdk/src/rp2_common/hardware_claim/claim.c.obj
                0x1000066e                hw_claim_unused_from_range
 *fill*         0x100006be        0x2 
 .text.running_on_fpga
                0x100006c0       0x14 CMakeFiles/step.dir/C_/pico/pico-sdk/src/rp2_common/pico_platform/platform.c.obj
                0x100006c0                running_on_fpga
 .text.spin_locks_reset
                0x100006d4       0x20 CMakeFiles/step.dir/C_/pico/pico-sdk/src/rp2_common/hardware_sync/sync.c.obj
                0x100006d4                spin_locks_reset
 .text.next_striped_spin_lock_num
                0x100006f4       0x1c CMakeFiles/step.dir/C_/pico/pico-sdk/src/rp2_common/hardware_sync/sync.c.obj
                0x100006f4                next_striped_spin_lock_num
 .text.spin_lock_claim_unused
                0x10000710       0x20 CMakeFiles/step.dir/C_/pico/pico-sdk/src/rp2_common/hardware_sync/sync.c.obj
                0x10000710                spin_lock_claim_unused
 .text.alarm_pool_post_alloc_init
                0x10000730       0x40 CMakeFiles/step.dir/C_/pico/pico-sdk/src/common/pico_time/time.c.obj
 .text.sleep_until_callback
                0x10000770       0x30 CMakeFiles/step.dir/C_/pico/pico-sdk/src/common/pico_time/time.c.obj
 .text.timer_pool_entry_comparator
                0x100007a0       0x7c CMakeFiles/step.dir/C_/pico/pico-sdk/src/common/pico_time/time.c.obj
                0x100007a0                timer_pool_entry_comparator
 .text.ph_add_child_node
                0x1000081c       0xa4 CMakeFiles/step.dir/C_/pico/pico-sdk/src/common/pico_time/time.c.obj
 .text.ph_merge_nodes
                0x100008c0       0x3e CMakeFiles/step.dir/C_/pico/pico-sdk/src/common/pico_time/time.c.obj
 *fill*         0x100008fe        0x2 
 .text.add_alarm_under_lock
                0x10000900      0x174 CMakeFiles/step.dir/C_/pico/pico-sdk/src/common/pico_time/time.c.obj
 .text.alarm_pool_alarm_callback
                0x10000a74      0x328 CMakeFiles/step.dir/C_/pico/pico-sdk/src/common/pico_time/time.c.obj
 .text.alarm_pool_init_default
                0x10000d9c       0x38 CMakeFiles/step.dir/C_/pico/pico-sdk/src/common/pico_time/time.c.obj
                0x10000d9c                alarm_pool_init_default
 .text.alarm_pool_get_default
                0x10000dd4       0x2c CMakeFiles/step.dir/C_/pico/pico-sdk/src/common/pico_time/time.c.obj
                0x10000dd4                alarm_pool_get_default
 .text.alarm_pool_add_alarm_at
                0x10000e00      0x170 CMakeFiles/step.dir/C_/pico/pico-sdk/src/common/pico_time/time.c.obj
                0x10000e00                alarm_pool_add_alarm_at
 .text.alarm_pool_cancel_alarm
                0x10000f70       0xec CMakeFiles/step.dir/C_/pico/pico-sdk/src/common/pico_time/time.c.obj
                0x10000f70                alarm_pool_cancel_alarm
 .text.sleep_until
                0x1000105c       0xfc CMakeFiles/step.dir/C_/pico/pico-sdk/src/common/pico_time/time.c.obj
                0x1000105c                sleep_until
 .text.sleep_us
                0x10001158       0x58 CMakeFiles/step.dir/C_/pico/pico-sdk/src/common/pico_time/time.c.obj
                0x10001158                sleep_us
 .text.sleep_ms
                0x100011b0       0x14 CMakeFiles/step.dir/C_/pico/pico-sdk/src/common/pico_time/time.c.obj
                0x100011b0                sleep_ms
 .text.best_effort_wfe_or_timeout
                0x100011c4       0x80 CMakeFiles/step.dir/C_/pico/pico-sdk/src/common/pico_time/time.c.obj
                0x100011c4                best_effort_wfe_or_timeout
 .text.hardware_alarm_irq_handler
                0x10001244       0x8c CMakeFiles/step.dir/C_/pico/pico-sdk/src/rp2_common/hardware_timer/timer.c.obj
 .text.hardware_alarm_claim
                0x100012d0       0x18 CMakeFiles/step.dir/C_/pico/pico-sdk/src/rp2_common/hardware_timer/timer.c.obj
                0x100012d0                hardware_alarm_claim
 .text.time_us_64
                0x100012e8       0x18 CMakeFiles/step.dir/C_/pico/pico-sdk/src/rp2_common/hardware_timer/timer.c.obj
                0x100012e8                time_us_64
 .text.busy_wait_until
                0x10001300       0x28 CMakeFiles/step.dir/C_/pico/pico-sdk/src/rp2_common/hardware_timer/timer.c.obj
                0x10001300                busy_wait_until
 .text.hardware_alarm_set_callback
                0x10001328       0x90 CMakeFiles/step.dir/C_/pico/pico-sdk/src/rp2_common/hardware_timer/timer.c.obj
                0x10001328                hardware_alarm_set_callback
 .text.hardware_alarm_set_target
                0x100013b8       0xe8 CMakeFiles/step.dir/C_/pico/pico-sdk/src/rp2_common/hardware_timer/timer.c.obj
                0x100013b8                hardware_alarm_set_target
 .text.hardware_alarm_cancel
                0x100014a0       0x40 CMakeFiles/step.dir/C_/pico/pico-sdk/src/rp2_common/hardware_timer/timer.c.obj
                0x100014a0                hardware_alarm_cancel
 .text.lock_init
                0x100014e0       0x10 CMakeFiles/step.dir/C_/pico/pico-sdk/src/common/pico_sync/lock_core.c.obj
                0x100014e0                lock_init
 .text.mutex_init_internal
                0x100014f0       0x1e CMakeFiles/step.dir/C_/pico/pico-sdk/src/common/pico_sync/mutex.c.obj
 .text.mutex_init
                0x1000150e        0xa CMakeFiles/step.dir/C_/pico/pico-sdk/src/common/pico_sync/mutex.c.obj
                0x1000150e                mutex_init
 .text.recursive_mutex_init
                0x10001518        0xa CMakeFiles/step.dir/C_/pico/pico-sdk/src/common/pico_sync/mutex.c.obj
                0x10001518                recursive_mutex_init
 *fill*         0x10001522        0x2 
 .text.critical_section_init_with_lock_num
                0x10001524       0x14 CMakeFiles/step.dir/C_/pico/pico-sdk/src/common/pico_sync/critical_section.c.obj
                0x10001524                critical_section_init_with_lock_num
 .text.critical_section_init
                0x10001538       0x14 CMakeFiles/step.dir/C_/pico/pico-sdk/src/common/pico_sync/critical_section.c.obj
                0x10001538                critical_section_init
 .text.ph_add_child_node
                0x1000154c       0xa4 CMakeFiles/step.dir/C_/pico/pico-sdk/src/common/pico_util/pheap.c.obj
 .text.ph_merge_nodes
                0x100015f0       0x3e CMakeFiles/step.dir/C_/pico/pico-sdk/src/common/pico_util/pheap.c.obj
 *fill*         0x1000162e        0x2 
 .text.ph_clear
                0x10001630       0x70 CMakeFiles/step.dir/C_/pico/pico-sdk/src/common/pico_util/pheap.c.obj
                0x10001630                ph_clear
 .text.ph_post_alloc_init
                0x100016a0        0xe CMakeFiles/step.dir/C_/pico/pico-sdk/src/common/pico_util/pheap.c.obj
                0x100016a0                ph_post_alloc_init
 *fill*         0x100016ae        0x2 
 .text.ph_merge_two_pass
                0x100016b0       0xa8 CMakeFiles/step.dir/C_/pico/pico-sdk/src/common/pico_util/pheap.c.obj
                0x100016b0                ph_merge_two_pass
 .text.ph_remove_any_head
                0x10001758      0x108 CMakeFiles/step.dir/C_/pico/pico-sdk/src/common/pico_util/pheap.c.obj
 .text.ph_remove_head
                0x10001860       0x14 CMakeFiles/step.dir/C_/pico/pico-sdk/src/common/pico_util/pheap.c.obj
                0x10001860                ph_remove_head
 .text.ph_remove_and_free_node
                0x10001874       0xf8 CMakeFiles/step.dir/C_/pico/pico-sdk/src/common/pico_util/pheap.c.obj
                0x10001874                ph_remove_and_free_node
 .text.runtime_init
                0x1000196c       0xd8 CMakeFiles/step.dir/C_/pico/pico-sdk/src/rp2_common/pico_runtime/runtime.c.obj
                0x1000196c                runtime_init
 .text._exit    0x10001a44        0x4 CMakeFiles/step.dir/C_/pico/pico-sdk/src/rp2_common/pico_runtime/runtime.c.obj
                0x10001a44                _exit
 .text.exit     0x10001a48        0x6 CMakeFiles/step.dir/C_/pico/pico-sdk/src/rp2_common/pico_runtime/runtime.c.obj
                0x10001a48                exit
 *fill*         0x10001a4e        0x2 
 .text.__assert_func
                0x10001a50       0x3c CMakeFiles/step.dir/C_/pico/pico-sdk/src/rp2_common/pico_runtime/runtime.c.obj
                0x10001a50                __assert_func
 .text.panic    0x10001a8c       0x30 CMakeFiles/step.dir/C_/pico/pico-sdk/src/rp2_common/pico_runtime/runtime.c.obj
                0x10001a8c                panic
 .text.clock_configure
                0x10001abc      0x104 CMakeFiles/step.dir/C_/pico/pico-sdk/src/rp2_common/hardware_clocks/clocks.c.obj
                0x10001abc                clock_configure
 .text.clocks_init
                0x10001bc0      0x100 CMakeFiles/step.dir/C_/pico/pico-sdk/src/rp2_common/hardware_clocks/clocks.c.obj
                0x10001bc0                clocks_init
 .text.set_raw_irq_handler_and_unlock
                0x10001cc0       0x28 CMakeFiles/step.dir/C_/pico/pico-sdk/src/rp2_common/hardware_irq/irq.c.obj
 .text.make_branch
                0x10001ce8       0x34 CMakeFiles/step.dir/C_/pico/pico-sdk/src/rp2_common/hardware_irq/irq.c.obj
 .text.insert_branch_and_link
                0x10001d1c       0x40 CMakeFiles/step.dir/C_/pico/pico-sdk/src/rp2_common/hardware_irq/irq.c.obj
 .text.irq_is_enabled
                0x10001d5c       0x18 CMakeFiles/step.dir/C_/pico/pico-sdk/src/rp2_common/hardware_irq/irq.c.obj
                0x10001d5c                irq_is_enabled
 .text.irq_set_mask_enabled
                0x10001d74       0x20 CMakeFiles/step.dir/C_/pico/pico-sdk/src/rp2_common/hardware_irq/irq.c.obj
                0x10001d74                irq_set_mask_enabled
 .text.irq_set_enabled
                0x10001d94        0xe CMakeFiles/step.dir/C_/pico/pico-sdk/src/rp2_common/hardware_irq/irq.c.obj
                0x10001d94                irq_set_enabled
 *fill*         0x10001da2        0x2 
 .text.irq_set_pending
                0x10001da4       0x10 CMakeFiles/step.dir/C_/pico/pico-sdk/src/rp2_common/hardware_irq/irq.c.obj
                0x10001da4                irq_set_pending
 .text.irq_get_vtable_handler
                0x10001db4       0x10 CMakeFiles/step.dir/C_/pico/pico-sdk/src/rp2_common/hardware_irq/irq.c.obj
                0x10001db4                irq_get_vtable_handler
 .text.irq_set_exclusive_handler
                0x10001dc4       0x54 CMakeFiles/step.dir/C_/pico/pico-sdk/src/rp2_common/hardware_irq/irq.c.obj
                0x10001dc4                irq_set_exclusive_handler
 .text.irq_remove_handler
                0x10001e18      0x1ac CMakeFiles/step.dir/C_/pico/pico-sdk/src/rp2_common/hardware_irq/irq.c.obj
                0x10001e18                irq_remove_handler
 .text.irq_set_priority
                0x10001fc4       0x28 CMakeFiles/step.dir/C_/pico/pico-sdk/src/rp2_common/hardware_irq/irq.c.obj
                0x10001fc4                irq_set_priority
 .text.irq_add_tail_to_free_list
                0x10001fec       0xf0 CMakeFiles/step.dir/C_/pico/pico-sdk/src/rp2_common/hardware_irq/irq.c.obj
                0x10001fec                irq_add_tail_to_free_list
 .text.irq_init_priorities
                0x100020dc       0x16 CMakeFiles/step.dir/C_/pico/pico-sdk/src/rp2_common/hardware_irq/irq.c.obj
                0x100020dc                irq_init_priorities
 *fill*         0x100020f2        0x2 
 .text.pll_init
                0x100020f4      0x118 CMakeFiles/step.dir/C_/pico/pico-sdk/src/rp2_common/hardware_pll/pll.c.obj
                0x100020f4                pll_init
 .text.watchdog_start_tick
                0x1000220c       0x10 CMakeFiles/step.dir/C_/pico/pico-sdk/src/rp2_common/hardware_watchdog/watchdog.c.obj
                0x1000220c                watchdog_start_tick
 .text.watchdog_update
                0x1000221c       0x14 CMakeFiles/step.dir/C_/pico/pico-sdk/src/rp2_common/hardware_watchdog/watchdog.c.obj
                0x1000221c                watchdog_update
 .text._watchdog_enable
                0x10002230       0x70 CMakeFiles/step.dir/C_/pico/pico-sdk/src/rp2_common/hardware_watchdog/watchdog.c.obj
                0x10002230                _watchdog_enable
 .text.watchdog_reboot
                0x100022a0       0x48 CMakeFiles/step.dir/C_/pico/pico-sdk/src/rp2_common/hardware_watchdog/watchdog.c.obj
                0x100022a0                watchdog_reboot
 .text.xosc_init
                0x100022e8       0x28 CMakeFiles/step.dir/C_/pico/pico-sdk/src/rp2_common/hardware_xosc/xosc.c.obj
                0x100022e8                xosc_init
 .text._out_null
                0x10002310        0x2 CMakeFiles/step.dir/C_/pico/pico-sdk/src/rp2_common/pico_printf/printf.c.obj
 .text._out_fct
                0x10002312        0xe CMakeFiles/step.dir/C_/pico/pico-sdk/src/rp2_common/pico_printf/printf.c.obj
 .text._atoi    0x10002320       0x24 CMakeFiles/step.dir/C_/pico/pico-sdk/src/rp2_common/pico_printf/printf.c.obj
 .text._out_rev
                0x10002344       0xae CMakeFiles/step.dir/C_/pico/pico-sdk/src/rp2_common/pico_printf/printf.c.obj
 .text._ntoa_format
                0x100023f2      0x112 CMakeFiles/step.dir/C_/pico/pico-sdk/src/rp2_common/pico_printf/printf.c.obj
 .text._ntoa_long
                0x10002504       0xbc CMakeFiles/step.dir/C_/pico/pico-sdk/src/rp2_common/pico_printf/printf.c.obj
 .text._ntoa_long_long
                0x100025c0       0xe2 CMakeFiles/step.dir/C_/pico/pico-sdk/src/rp2_common/pico_printf/printf.c.obj
 *fill*         0x100026a2        0x2 
 .text._etoa    0x100026a4      0x414 CMakeFiles/step.dir/C_/pico/pico-sdk/src/rp2_common/pico_printf/printf.c.obj
 .text._ftoa    0x10002ab8      0x354 CMakeFiles/step.dir/C_/pico/pico-sdk/src/rp2_common/pico_printf/printf.c.obj
 .text._vsnprintf
                0x10002e0c      0x624 CMakeFiles/step.dir/C_/pico/pico-sdk/src/rp2_common/pico_printf/printf.c.obj
 .text.vfctprintf
                0x10003430       0x20 CMakeFiles/step.dir/C_/pico/pico-sdk/src/rp2_common/pico_printf/printf.c.obj
                0x10003430                vfctprintf
 .text          0x10003450       0x10 CMakeFiles/step.dir/C_/pico/pico-sdk/src/rp2_common/pico_bit_ops/bit_ops_aeabi.S.obj
 .text.rom_func_lookup
                0x10003460       0x10 CMakeFiles/step.dir/C_/pico/pico-sdk/src/rp2_common/pico_bootrom/bootrom.c.obj
                0x10003460                rom_func_lookup
 .text.rom_data_lookup
                0x10003470       0x10 CMakeFiles/step.dir/C_/pico/pico-sdk/src/rp2_common/pico_bootrom/bootrom.c.obj
                0x10003470                rom_data_lookup
 .text.rom_funcs_lookup
                0x10003480       0x36 CMakeFiles/step.dir/C_/pico/pico-sdk/src/rp2_common/pico_bootrom/bootrom.c.obj
                0x10003480                rom_funcs_lookup
 *fill*         0x100034b6        0x2 
 .text.__wrap___aeabi_idiv
                0x100034b8       0x50 CMakeFiles/step.dir/C_/pico/pico-sdk/src/rp2_common/pico_divider/divider.S.obj
                0x100034b8                __wrap___aeabi_idivmod
                0x100034b8                divmod_s32s32
                0x100034b8                div_s32s32
                0x100034b8                __wrap___aeabi_idiv
                0x100034c0                divmod_s32s32_unsafe
                0x100034ec                divmod_s32s32_savestate
 .text.__wrap___aeabi_uidiv
                0x10003508       0x4c CMakeFiles/step.dir/C_/pico/pico-sdk/src/rp2_common/pico_divider/divider.S.obj
                0x10003508                __wrap___aeabi_uidiv
                0x10003508                __wrap___aeabi_uidivmod
                0x10003508                div_u32u32
                0x10003508                divmod_u32u32
                0x10003510                divmod_u32u32_unsafe
                0x10003538                divmod_u32u32_savestate
 .text.__wrap___aeabi_ldiv
                0x10003554      0x430 CMakeFiles/step.dir/C_/pico/pico-sdk/src/rp2_common/pico_divider/divider.S.obj
                0x10003554                div_s64s64
                0x10003554                divmod_s64s64
                0x10003554                __wrap___aeabi_ldivmod
                0x1000358c                divmod_u64u64
                0x1000358c                div_u64u64
                0x1000358c                __wrap___aeabi_uldivmod
                0x1000359c                divmod_u64u64_savestate
                0x100035c4                divmod_s64s64_unsafe
                0x1000364c                divmod_u64u64_unsafe
 .text.__wrap___aeabi_darithmetic
                0x10003984       0x80 CMakeFiles/step.dir/C_/pico/pico-sdk/src/rp2_common/pico_double/double_aeabi.S.obj
                0x10003984                __wrap___aeabi_drsub
                0x1000398a                __wrap___aeabi_dsub
                0x1000399c                __wrap___aeabi_dadd
                0x100039ae                __wrap___aeabi_ddiv
                0x100039ea                __wrap___aeabi_dmul
 .text.__wrap___aeabi_cdcmple
                0x10003a04       0x6c CMakeFiles/step.dir/C_/pico/pico-sdk/src/rp2_common/pico_double/double_aeabi.S.obj
                0x10003a04                __wrap___aeabi_cdrcmple
                0x10003a14                __wrap___aeabi_cdcmpeq
                0x10003a14                __wrap___aeabi_cdcmple
 .text.__wrap___aeabi_dcmplt
                0x10003a70        0xc CMakeFiles/step.dir/C_/pico/pico-sdk/src/rp2_common/pico_double/double_aeabi.S.obj
                0x10003a70                __wrap___aeabi_dcmplt
 .text.__wrap___aeabi_dcmple
                0x10003a7c       0x10 CMakeFiles/step.dir/C_/pico/pico-sdk/src/rp2_common/pico_double/double_aeabi.S.obj
                0x10003a7c                __wrap___aeabi_dcmple
 .text.__wrap___aeabi_dcmpge
                0x10003a8c       0x10 CMakeFiles/step.dir/C_/pico/pico-sdk/src/rp2_common/pico_double/double_aeabi.S.obj
                0x10003a8c                __wrap___aeabi_dcmpge
 .text.__wrap___aeabi_dcmpgt
                0x10003a9c        0xa CMakeFiles/step.dir/C_/pico/pico-sdk/src/rp2_common/pico_double/double_aeabi.S.obj
                0x10003a9c                __wrap___aeabi_dcmpgt
 .text.__wrap___aeabi_dcmpun
                0x10003aa6       0x1c CMakeFiles/step.dir/C_/pico/pico-sdk/src/rp2_common/pico_double/double_aeabi.S.obj
                0x10003aa6                __wrap___aeabi_dcmpun
 *fill*         0x10003ac2        0x2 
 .text.__wrap___aeabi_i2d
                0x10003ac4       0x38 CMakeFiles/step.dir/C_/pico/pico-sdk/src/rp2_common/pico_double/double_aeabi.S.obj
                0x10003ac4                __wrap___aeabi_ui2d
                0x10003acc                __wrap___aeabi_i2d
 .text.__wrap___aeabi_d2iz
                0x10003afc       0x48 CMakeFiles/step.dir/C_/pico/pico-sdk/src/rp2_common/pico_double/double_aeabi.S.obj
                0x10003afc                double2int_z
                0x10003afc                __wrap___aeabi_d2iz
 .text.__wrap___aeabi_d2uiz
                0x10003b44       0x18 CMakeFiles/step.dir/C_/pico/pico-sdk/src/rp2_common/pico_double/double_aeabi.S.obj
                0x10003b44                __wrap___aeabi_d2uiz
                0x10003b44                double2uint
 .text.__aeabi_double_init
                0x10003b5c       0xb8 CMakeFiles/step.dir/C_/pico/pico-sdk/src/rp2_common/pico_double/double_init_rom.c.obj
                0x10003b5c                __aeabi_double_init
 .text.double_table_shim_on_use_helper
                0x10003c14       0x34 CMakeFiles/step.dir/C_/pico/pico-sdk/src/rp2_common/pico_double/double_v1_rom_shim.S.obj
                0x10003c14                double_table_shim_on_use_helper
 .text.__wrap___aeabi_dsub
                0x10003c48       0x10 CMakeFiles/step.dir/C_/pico/pico-sdk/src/rp2_common/pico_double/double_v1_rom_shim.S.obj
                0x10003c48                drsub_shim
                0x10003c4e                dsub_shim
 .text.dadd_shim
                0x10003c58      0x15c CMakeFiles/step.dir/C_/pico/pico-sdk/src/rp2_common/pico_double/double_v1_rom_shim.S.obj
                0x10003c58                dadd_shim
 .text.dmul_shim
                0x10003db4      0x15c CMakeFiles/step.dir/C_/pico/pico-sdk/src/rp2_common/pico_double/double_v1_rom_shim.S.obj
                0x10003db4                dmul_shim
 .text.ddiv_shim
                0x10003f10      0x1b0 CMakeFiles/step.dir/C_/pico/pico-sdk/src/rp2_common/pico_double/double_v1_rom_shim.S.obj
                0x10003f10                ddiv_shim
 .text.dcordic_rot_step
                0x100040c0       0x7c CMakeFiles/step.dir/C_/pico/pico-sdk/src/rp2_common/pico_double/double_v1_rom_shim.S.obj
                0x100040c0                dcordic_rot_step
 .text.double2uint_shim
                0x1000413c        0xe CMakeFiles/step.dir/C_/pico/pico-sdk/src/rp2_common/pico_double/double_v1_rom_shim.S.obj
                0x1000413c                double2uint_shim
                0x1000413e                double2ufix_shim
 *fill*         0x1000414a        0x2 
 .text.double2uint64_shim
                0x1000414c       0x6c CMakeFiles/step.dir/C_/pico/pico-sdk/src/rp2_common/pico_double/double_v1_rom_shim.S.obj
                0x1000414c                double2uint64_shim
                0x1000414e                double2ufix64_shim
                0x10004168                d2fix_a
 .text.dunpacks
                0x100041b8       0x3c CMakeFiles/step.dir/C_/pico/pico-sdk/src/rp2_common/pico_double/double_v1_rom_shim.S.obj
                0x100041b8                dunpacks
 .text.__aeabi_lmul
                0x100041f4       0x32 CMakeFiles/step.dir/C_/pico/pico-sdk/src/rp2_common/pico_int64_ops/pico_int64_ops_aeabi.S.obj
                0x100041f4                __wrap___aeabi_lmul
 *fill*         0x10004226        0x2 
 .text.__wrap___aeabi_farithmetic
                0x10004228       0x58 CMakeFiles/step.dir/C_/pico/pico-sdk/src/rp2_common/pico_float/float_aeabi.S.obj
                0x10004228                __wrap___aeabi_frsub
                0x1000422e                __wrap___aeabi_fsub
                0x10004238                __wrap___aeabi_fadd
                0x10004242                __wrap___aeabi_fdiv
                0x1000426e                __wrap___aeabi_fmul
 .text.__wrap___aeabi_ui2f
                0x10004280        0xa CMakeFiles/step.dir/C_/pico/pico-sdk/src/rp2_common/pico_float/float_aeabi.S.obj
                0x10004280                __wrap___aeabi_ui2f
 *fill*         0x1000428a        0x2 
 .text.__wrap___aeabi_i2f
                0x1000428c       0x44 CMakeFiles/step.dir/C_/pico/pico-sdk/src/rp2_common/pico_float/float_aeabi.S.obj
                0x1000428c                __wrap___aeabi_i2f
 .text.__wrap___aeabi_f2uiz
                0x100042d0       0x10 CMakeFiles/step.dir/C_/pico/pico-sdk/src/rp2_common/pico_float/float_aeabi.S.obj
                0x100042d0                __wrap___aeabi_f2uiz
 .text.__aeabi_float_init
                0x100042e0       0xfc CMakeFiles/step.dir/C_/pico/pico-sdk/src/rp2_common/pico_float/float_init_rom.c.obj
                0x100042e0                __aeabi_float_init
 .text.float_table_shim_on_use_helper
                0x100043dc       0x34 CMakeFiles/step.dir/C_/pico/pico-sdk/src/rp2_common/pico_float/float_v1_rom_shim.S.obj
                0x100043dc                float_table_shim_on_use_helper
 .text          0x10004410       0x10 CMakeFiles/step.dir/C_/pico/pico-sdk/src/rp2_common/pico_mem_ops/mem_ops_aeabi.S.obj
                0x10004410                __aeabi_mem_init
 .text.memset   0x10004420        0xc CMakeFiles/step.dir/C_/pico/pico-sdk/src/rp2_common/pico_mem_ops/mem_ops_aeabi.S.obj
                0x10004420                __wrap_memset
 .text.memcpy   0x1000442c        0xc CMakeFiles/step.dir/C_/pico/pico-sdk/src/rp2_common/pico_mem_ops/mem_ops_aeabi.S.obj
                0x1000442c                __wrap_memcpy
                0x1000442c                __wrap___aeabi_memcpy
 .text.stdio_out_chars_crlf
                0x10004438       0x80 CMakeFiles/step.dir/C_/pico/pico-sdk/src/rp2_common/pico_stdio/stdio.c.obj
 .text.stdio_stack_buffer_flush
                0x100044b8       0x44 CMakeFiles/step.dir/C_/pico/pico-sdk/src/rp2_common/pico_stdio/stdio.c.obj
 .text.stdio_buffered_printer
                0x100044fc       0x20 CMakeFiles/step.dir/C_/pico/pico-sdk/src/rp2_common/pico_stdio/stdio.c.obj
 .text.stdout_serialize_begin
                0x1000451c       0x30 CMakeFiles/step.dir/C_/pico/pico-sdk/src/rp2_common/pico_stdio/stdio.c.obj
                0x1000451c                stdout_serialize_begin
 .text.stdout_serialize_end
                0x1000454c       0x10 CMakeFiles/step.dir/C_/pico/pico-sdk/src/rp2_common/pico_stdio/stdio.c.obj
                0x1000454c                stdout_serialize_end
 .text.stdio_put_string
                0x1000455c       0x84 CMakeFiles/step.dir/C_/pico/pico-sdk/src/rp2_common/pico_stdio/stdio.c.obj
 .text.stdio_set_driver_enabled
                0x100045e0       0x38 CMakeFiles/step.dir/C_/pico/pico-sdk/src/rp2_common/pico_stdio/stdio.c.obj
                0x100045e0                stdio_set_driver_enabled
 .text.stdio_flush
                0x10004618       0x20 CMakeFiles/step.dir/C_/pico/pico-sdk/src/rp2_common/pico_stdio/stdio.c.obj
                0x10004618                stdio_flush
 .text.__wrap_puts
                0x10004638       0x1c CMakeFiles/step.dir/C_/pico/pico-sdk/src/rp2_common/pico_stdio/stdio.c.obj
                0x10004638                __wrap_puts
 .text.__wrap_vprintf
                0x10004654       0x44 CMakeFiles/step.dir/C_/pico/pico-sdk/src/rp2_common/pico_stdio/stdio.c.obj
                0x10004654                __wrap_vprintf
 .text.__wrap_printf
                0x10004698       0x18 CMakeFiles/step.dir/C_/pico/pico-sdk/src/rp2_common/pico_stdio/stdio.c.obj
                0x10004698                __wrap_printf
 .text.stdio_init_all
                0x100046b0        0x8 CMakeFiles/step.dir/C_/pico/pico-sdk/src/rp2_common/pico_stdio/stdio.c.obj
                0x100046b0                stdio_init_all
 .text.resetd_init
                0x100046b8        0x2 CMakeFiles/step.dir/C_/pico/pico-sdk/src/rp2_common/pico_stdio_usb/reset_interface.c.obj
 *fill*         0x100046ba        0x2 
 .text.resetd_reset
                0x100046bc        0xc CMakeFiles/step.dir/C_/pico/pico-sdk/src/rp2_common/pico_stdio_usb/reset_interface.c.obj
 .text.resetd_open
                0x100046c8       0x34 CMakeFiles/step.dir/C_/pico/pico-sdk/src/rp2_common/pico_stdio_usb/reset_interface.c.obj
 .text.resetd_xfer_cb
                0x100046fc        0x4 CMakeFiles/step.dir/C_/pico/pico-sdk/src/rp2_common/pico_stdio_usb/reset_interface.c.obj
 .text.reset_usb_boot
                0x10004700       0x18 CMakeFiles/step.dir/C_/pico/pico-sdk/src/rp2_common/pico_stdio_usb/reset_interface.c.obj
 .text.resetd_control_xfer_cb
                0x10004718       0x5c CMakeFiles/step.dir/C_/pico/pico-sdk/src/rp2_common/pico_stdio_usb/reset_interface.c.obj
 .text.usbd_app_driver_get_cb
                0x10004774        0xc CMakeFiles/step.dir/C_/pico/pico-sdk/src/rp2_common/pico_stdio_usb/reset_interface.c.obj
                0x10004774                usbd_app_driver_get_cb
 .text.tud_cdc_line_coding_cb
                0x10004780       0x28 CMakeFiles/step.dir/C_/pico/pico-sdk/src/rp2_common/pico_stdio_usb/reset_interface.c.obj
                0x10004780                tud_cdc_line_coding_cb
 .text.stdio_usb_in_chars
                0x100047a8       0x70 CMakeFiles/step.dir/C_/pico/pico-sdk/src/rp2_common/pico_stdio_usb/stdio_usb.c.obj
                0x100047a8                stdio_usb_in_chars
 .text.low_priority_worker_irq
                0x10004818       0x20 CMakeFiles/step.dir/C_/pico/pico-sdk/src/rp2_common/pico_stdio_usb/stdio_usb.c.obj
 .text.stdio_usb_out_chars
                0x10004838       0xd4 CMakeFiles/step.dir/C_/pico/pico-sdk/src/rp2_common/pico_stdio_usb/stdio_usb.c.obj
 .text.timer_task
                0x1000490c       0x10 CMakeFiles/step.dir/C_/pico/pico-sdk/src/rp2_common/pico_stdio_usb/stdio_usb.c.obj
 .text.stdio_usb_init
                0x1000491c       0xb8 CMakeFiles/step.dir/C_/pico/pico-sdk/src/rp2_common/pico_stdio_usb/stdio_usb.c.obj
                0x1000491c                stdio_usb_init
 .text.tud_descriptor_device_cb
                0x100049d4        0x8 CMakeFiles/step.dir/C_/pico/pico-sdk/src/rp2_common/pico_stdio_usb/stdio_usb_descriptors.c.obj
                0x100049d4                tud_descriptor_device_cb
 .text.tud_descriptor_configuration_cb
                0x100049dc        0x8 CMakeFiles/step.dir/C_/pico/pico-sdk/src/rp2_common/pico_stdio_usb/stdio_usb_descriptors.c.obj
                0x100049dc                tud_descriptor_configuration_cb
 .text.tud_descriptor_string_cb
                0x100049e4       0x68 CMakeFiles/step.dir/C_/pico/pico-sdk/src/rp2_common/pico_stdio_usb/stdio_usb_descriptors.c.obj
                0x100049e4                tud_descriptor_string_cb
 .text.hw_endpoint_get_by_addr
                0x10004a4c       0x18 CMakeFiles/step.dir/C_/pico/pico-sdk/lib/tinyusb/src/portable/raspberrypi/rp2040/dcd_rp2040.c.obj
 .text.reset_ep0
                0x10004a64       0x2c CMakeFiles/step.dir/C_/pico/pico-sdk/lib/tinyusb/src/portable/raspberrypi/rp2040/dcd_rp2040.c.obj
 .text._hw_endpoint_alloc
                0x10004a90       0x80 CMakeFiles/step.dir/C_/pico/pico-sdk/lib/tinyusb/src/portable/raspberrypi/rp2040/dcd_rp2040.c.obj
 .text._hw_endpoint_init
                0x10004b10       0xbc CMakeFiles/step.dir/C_/pico/pico-sdk/lib/tinyusb/src/portable/raspberrypi/rp2040/dcd_rp2040.c.obj
 .text.hw_endpoint_init
                0x10004bcc       0x18 CMakeFiles/step.dir/C_/pico/pico-sdk/lib/tinyusb/src/portable/raspberrypi/rp2040/dcd_rp2040.c.obj
 .text.hw_handle_buff_status
                0x10004be4       0xb4 CMakeFiles/step.dir/C_/pico/pico-sdk/lib/tinyusb/src/portable/raspberrypi/rp2040/dcd_rp2040.c.obj
 .text.dcd_rp2040_irq
                0x10004c98       0xa8 CMakeFiles/step.dir/C_/pico/pico-sdk/lib/tinyusb/src/portable/raspberrypi/rp2040/dcd_rp2040.c.obj
 .text.hw_endpoint_xfer
                0x10004d40       0x18 CMakeFiles/step.dir/C_/pico/pico-sdk/lib/tinyusb/src/portable/raspberrypi/rp2040/dcd_rp2040.c.obj
 .text.ep0_0len_status
                0x10004d58       0x14 CMakeFiles/step.dir/C_/pico/pico-sdk/lib/tinyusb/src/portable/raspberrypi/rp2040/dcd_rp2040.c.obj
 .text._hw_endpoint_stall
                0x10004d6c       0x54 CMakeFiles/step.dir/C_/pico/pico-sdk/lib/tinyusb/src/portable/raspberrypi/rp2040/dcd_rp2040.c.obj
 .text.hw_endpoint_stall
                0x10004dc0        0xc CMakeFiles/step.dir/C_/pico/pico-sdk/lib/tinyusb/src/portable/raspberrypi/rp2040/dcd_rp2040.c.obj
 .text._hw_endpoint_clear_stall
                0x10004dcc       0x34 CMakeFiles/step.dir/C_/pico/pico-sdk/lib/tinyusb/src/portable/raspberrypi/rp2040/dcd_rp2040.c.obj
 .text.hw_endpoint_clear_stall
                0x10004e00        0xc CMakeFiles/step.dir/C_/pico/pico-sdk/lib/tinyusb/src/portable/raspberrypi/rp2040/dcd_rp2040.c.obj
 .text.dcd_int_enable
                0x10004e0c       0x2c CMakeFiles/step.dir/C_/pico/pico-sdk/lib/tinyusb/src/portable/raspberrypi/rp2040/dcd_rp2040.c.obj
                0x10004e0c                dcd_int_enable
 .text.dcd_set_address
                0x10004e38       0x28 CMakeFiles/step.dir/C_/pico/pico-sdk/lib/tinyusb/src/portable/raspberrypi/rp2040/dcd_rp2040.c.obj
                0x10004e38                dcd_set_address
 .text.dcd_connect
                0x10004e60       0x30 CMakeFiles/step.dir/C_/pico/pico-sdk/lib/tinyusb/src/portable/raspberrypi/rp2040/dcd_rp2040.c.obj
                0x10004e60                dcd_connect
 .text.dcd_init
                0x10004e90       0x84 CMakeFiles/step.dir/C_/pico/pico-sdk/lib/tinyusb/src/portable/raspberrypi/rp2040/dcd_rp2040.c.obj
                0x10004e90                dcd_init
 .text.dcd_edpt0_status_complete
                0x10004f14       0x40 CMakeFiles/step.dir/C_/pico/pico-sdk/lib/tinyusb/src/portable/raspberrypi/rp2040/dcd_rp2040.c.obj
                0x10004f14                dcd_edpt0_status_complete
 .text.dcd_edpt_open
                0x10004f54       0x40 CMakeFiles/step.dir/C_/pico/pico-sdk/lib/tinyusb/src/portable/raspberrypi/rp2040/dcd_rp2040.c.obj
                0x10004f54                dcd_edpt_open
 .text.dcd_edpt_xfer
                0x10004f94       0x34 CMakeFiles/step.dir/C_/pico/pico-sdk/lib/tinyusb/src/portable/raspberrypi/rp2040/dcd_rp2040.c.obj
                0x10004f94                dcd_edpt_xfer
 .text.dcd_edpt_stall
                0x10004fc8       0x28 CMakeFiles/step.dir/C_/pico/pico-sdk/lib/tinyusb/src/portable/raspberrypi/rp2040/dcd_rp2040.c.obj
                0x10004fc8                dcd_edpt_stall
 .text.dcd_edpt_clear_stall
                0x10004ff0       0x2c CMakeFiles/step.dir/C_/pico/pico-sdk/lib/tinyusb/src/portable/raspberrypi/rp2040/dcd_rp2040.c.obj
                0x10004ff0                dcd_edpt_clear_stall
 .text.rp2040_usb_init
                0x1000501c       0x50 CMakeFiles/step.dir/C_/pico/pico-sdk/lib/tinyusb/src/portable/raspberrypi/rp2040/rp2040_usb.c.obj
                0x1000501c                rp2040_usb_init
 .text.hw_endpoint_reset_transfer
                0x1000506c       0x10 CMakeFiles/step.dir/C_/pico/pico-sdk/lib/tinyusb/src/portable/raspberrypi/rp2040/rp2040_usb.c.obj
                0x1000506c                hw_endpoint_reset_transfer
 .text._hw_endpoint_buffer_control_update32
                0x1000507c       0x58 CMakeFiles/step.dir/C_/pico/pico-sdk/lib/tinyusb/src/portable/raspberrypi/rp2040/rp2040_usb.c.obj
                0x1000507c                _hw_endpoint_buffer_control_update32
 .text._hw_endpoint_start_next_buffer
                0x100050d4       0x50 CMakeFiles/step.dir/C_/pico/pico-sdk/lib/tinyusb/src/portable/raspberrypi/rp2040/rp2040_usb.c.obj
                0x100050d4                _hw_endpoint_start_next_buffer
 .text._hw_endpoint_xfer_start
                0x10005124       0x3e CMakeFiles/step.dir/C_/pico/pico-sdk/lib/tinyusb/src/portable/raspberrypi/rp2040/rp2040_usb.c.obj
                0x10005124                _hw_endpoint_xfer_start
 *fill*         0x10005162        0x2 
 .text._hw_endpoint_xfer_sync
                0x10005164       0x74 CMakeFiles/step.dir/C_/pico/pico-sdk/lib/tinyusb/src/portable/raspberrypi/rp2040/rp2040_usb.c.obj
                0x10005164                _hw_endpoint_xfer_sync
 .text._hw_endpoint_xfer_continue
                0x100051d8       0x60 CMakeFiles/step.dir/C_/pico/pico-sdk/lib/tinyusb/src/portable/raspberrypi/rp2040/rp2040_usb.c.obj
                0x100051d8                _hw_endpoint_xfer_continue
 .text._hw_endpoint_xfer
                0x10005238       0x34 CMakeFiles/step.dir/C_/pico/pico-sdk/lib/tinyusb/src/portable/raspberrypi/rp2040/rp2040_usb.c.obj
                0x10005238                _hw_endpoint_xfer
 .text.mark_interface_endpoint
                0x1000526c       0x2a CMakeFiles/step.dir/C_/pico/pico-sdk/lib/tinyusb/src/device/usbd.c.obj
 *fill*         0x10005296        0x2 
 .text.usbd_reset
                0x10005298       0x88 CMakeFiles/step.dir/C_/pico/pico-sdk/lib/tinyusb/src/device/usbd.c.obj
 .text.invoke_class_control
                0x10005320       0x1a CMakeFiles/step.dir/C_/pico/pico-sdk/lib/tinyusb/src/device/usbd.c.obj
 *fill*         0x1000533a        0x2 
 .text.process_set_config
                0x1000533c      0x1d4 CMakeFiles/step.dir/C_/pico/pico-sdk/lib/tinyusb/src/device/usbd.c.obj
 .text.process_get_descriptor
                0x10005510       0xf8 CMakeFiles/step.dir/C_/pico/pico-sdk/lib/tinyusb/src/device/usbd.c.obj
 .text.tud_mounted
                0x10005608       0x10 CMakeFiles/step.dir/C_/pico/pico-sdk/lib/tinyusb/src/device/usbd.c.obj
                0x10005608                tud_mounted
 .text.tud_suspended
                0x10005618       0x10 CMakeFiles/step.dir/C_/pico/pico-sdk/lib/tinyusb/src/device/usbd.c.obj
                0x10005618                tud_suspended
 .text.tud_inited
                0x10005628        0xc CMakeFiles/step.dir/C_/pico/pico-sdk/lib/tinyusb/src/device/usbd.c.obj
                0x10005628                tud_inited
 .text.tud_init
                0x10005634       0xcc CMakeFiles/step.dir/C_/pico/pico-sdk/lib/tinyusb/src/device/usbd.c.obj
                0x10005634                tud_init
 .text.dcd_event_handler
                0x10005700      0x174 CMakeFiles/step.dir/C_/pico/pico-sdk/lib/tinyusb/src/device/usbd.c.obj
                0x10005700                dcd_event_handler
 .text.dcd_event_bus_signal
                0x10005874       0x26 CMakeFiles/step.dir/C_/pico/pico-sdk/lib/tinyusb/src/device/usbd.c.obj
                0x10005874                dcd_event_bus_signal
 .text.dcd_event_bus_reset
                0x1000589a       0x2a CMakeFiles/step.dir/C_/pico/pico-sdk/lib/tinyusb/src/device/usbd.c.obj
                0x1000589a                dcd_event_bus_reset
 .text.dcd_event_setup_received
                0x100058c4       0x34 CMakeFiles/step.dir/C_/pico/pico-sdk/lib/tinyusb/src/device/usbd.c.obj
                0x100058c4                dcd_event_setup_received
 .text.dcd_event_xfer_complete
                0x100058f8       0x44 CMakeFiles/step.dir/C_/pico/pico-sdk/lib/tinyusb/src/device/usbd.c.obj
                0x100058f8                dcd_event_xfer_complete
 .text.usbd_edpt_open
                0x1000593c       0xe0 CMakeFiles/step.dir/C_/pico/pico-sdk/lib/tinyusb/src/device/usbd.c.obj
                0x1000593c                usbd_edpt_open
 .text.usbd_open_edpt_pair
                0x10005a1c       0x8c CMakeFiles/step.dir/C_/pico/pico-sdk/lib/tinyusb/src/device/usbd.c.obj
                0x10005a1c                usbd_open_edpt_pair
 .text.usbd_edpt_claim
                0x10005aa8       0x8c CMakeFiles/step.dir/C_/pico/pico-sdk/lib/tinyusb/src/device/usbd.c.obj
                0x10005aa8                usbd_edpt_claim
 .text.usbd_edpt_release
                0x10005b34       0x68 CMakeFiles/step.dir/C_/pico/pico-sdk/lib/tinyusb/src/device/usbd.c.obj
                0x10005b34                usbd_edpt_release
 .text.usbd_edpt_xfer
                0x10005b9c       0x80 CMakeFiles/step.dir/C_/pico/pico-sdk/lib/tinyusb/src/device/usbd.c.obj
                0x10005b9c                usbd_edpt_xfer
 .text.usbd_edpt_stall
                0x10005c1c       0x2c CMakeFiles/step.dir/C_/pico/pico-sdk/lib/tinyusb/src/device/usbd.c.obj
                0x10005c1c                usbd_edpt_stall
 .text.usbd_edpt_clear_stall
                0x10005c48       0x2c CMakeFiles/step.dir/C_/pico/pico-sdk/lib/tinyusb/src/device/usbd.c.obj
                0x10005c48                usbd_edpt_clear_stall
 .text.usbd_edpt_stalled
                0x10005c74       0x1c CMakeFiles/step.dir/C_/pico/pico-sdk/lib/tinyusb/src/device/usbd.c.obj
                0x10005c74                usbd_edpt_stalled
 .text.process_control_request
                0x10005c90      0x380 CMakeFiles/step.dir/C_/pico/pico-sdk/lib/tinyusb/src/device/usbd.c.obj
 .text.tud_task
                0x10006010      0x204 CMakeFiles/step.dir/C_/pico/pico-sdk/lib/tinyusb/src/device/usbd.c.obj
                0x10006010                tud_task
 .text._data_stage_xact
                0x10006214       0x58 CMakeFiles/step.dir/C_/pico/pico-sdk/lib/tinyusb/src/device/usbd_control.c.obj
 .text.tud_control_status
                0x1000626c       0x38 CMakeFiles/step.dir/C_/pico/pico-sdk/lib/tinyusb/src/device/usbd_control.c.obj
                0x1000626c                tud_control_status
 .text.tud_control_xfer
                0x100062a4       0xa8 CMakeFiles/step.dir/C_/pico/pico-sdk/lib/tinyusb/src/device/usbd_control.c.obj
                0x100062a4                tud_control_xfer
 .text.usbd_control_reset
                0x1000634c       0x14 CMakeFiles/step.dir/C_/pico/pico-sdk/lib/tinyusb/src/device/usbd_control.c.obj
                0x1000634c                usbd_control_reset
 .text.usbd_control_set_complete_callback
                0x10006360        0xc CMakeFiles/step.dir/C_/pico/pico-sdk/lib/tinyusb/src/device/usbd_control.c.obj
                0x10006360                usbd_control_set_complete_callback
 .text.usbd_control_set_request
                0x1000636c       0x1c CMakeFiles/step.dir/C_/pico/pico-sdk/lib/tinyusb/src/device/usbd_control.c.obj
                0x1000636c                usbd_control_set_request
 .text.usbd_control_xfer_cb
                0x10006388       0xfc CMakeFiles/step.dir/C_/pico/pico-sdk/lib/tinyusb/src/device/usbd_control.c.obj
                0x10006388                usbd_control_xfer_cb
 .text._prep_out_transaction
                0x10006484       0x46 CMakeFiles/step.dir/C_/pico/pico-sdk/lib/tinyusb/src/class/cdc/cdc_device.c.obj
 *fill*         0x100064ca        0x2 
 .text.tud_cdc_n_connected
                0x100064cc       0x44 CMakeFiles/step.dir/C_/pico/pico-sdk/lib/tinyusb/src/class/cdc/cdc_device.c.obj
                0x100064cc                tud_cdc_n_connected
 .text.tud_cdc_n_available
                0x10006510       0x18 CMakeFiles/step.dir/C_/pico/pico-sdk/lib/tinyusb/src/class/cdc/cdc_device.c.obj
                0x10006510                tud_cdc_n_available
 .text.tud_cdc_n_read
                0x10006528       0x28 CMakeFiles/step.dir/C_/pico/pico-sdk/lib/tinyusb/src/class/cdc/cdc_device.c.obj
                0x10006528                tud_cdc_n_read
 .text.tud_cdc_n_write_flush
                0x10006550       0xcc CMakeFiles/step.dir/C_/pico/pico-sdk/lib/tinyusb/src/class/cdc/cdc_device.c.obj
                0x10006550                tud_cdc_n_write_flush
 .text.tud_cdc_n_write
                0x1000661c       0x38 CMakeFiles/step.dir/C_/pico/pico-sdk/lib/tinyusb/src/class/cdc/cdc_device.c.obj
                0x1000661c                tud_cdc_n_write
 .text.tud_cdc_n_write_available
                0x10006654       0x1c CMakeFiles/step.dir/C_/pico/pico-sdk/lib/tinyusb/src/class/cdc/cdc_device.c.obj
                0x10006654                tud_cdc_n_write_available
 .text.cdcd_init
                0x10006670       0xbc CMakeFiles/step.dir/C_/pico/pico-sdk/lib/tinyusb/src/class/cdc/cdc_device.c.obj
                0x10006670                cdcd_init
 .text.cdcd_reset
                0x1000672c       0x44 CMakeFiles/step.dir/C_/pico/pico-sdk/lib/tinyusb/src/class/cdc/cdc_device.c.obj
                0x1000672c                cdcd_reset
 .text.cdcd_open
                0x10006770      0x10c CMakeFiles/step.dir/C_/pico/pico-sdk/lib/tinyusb/src/class/cdc/cdc_device.c.obj
                0x10006770                cdcd_open
 .text.cdcd_control_xfer_cb
                0x1000687c      0x134 CMakeFiles/step.dir/C_/pico/pico-sdk/lib/tinyusb/src/class/cdc/cdc_device.c.obj
                0x1000687c                cdcd_control_xfer_cb
 .text.cdcd_xfer_cb
                0x100069b0      0x144 CMakeFiles/step.dir/C_/pico/pico-sdk/lib/tinyusb/src/class/cdc/cdc_device.c.obj
                0x100069b0                cdcd_xfer_cb
 .text.tusb_init
                0x10006af4       0x24 CMakeFiles/step.dir/C_/pico/pico-sdk/lib/tinyusb/src/tusb.c.obj
                0x10006af4                tusb_init
 .text.tusb_inited
                0x10006b18        0xe CMakeFiles/step.dir/C_/pico/pico-sdk/lib/tinyusb/src/tusb.c.obj
                0x10006b18                tusb_inited
 .text.advance_pointer
                0x10006b26       0x1e CMakeFiles/step.dir/C_/pico/pico-sdk/lib/tinyusb/src/common/tusb_fifo.c.obj
 .text.backward_pointer
                0x10006b44       0x1a CMakeFiles/step.dir/C_/pico/pico-sdk/lib/tinyusb/src/common/tusb_fifo.c.obj
 .text.get_relative_pointer
                0x10006b5e       0x10 CMakeFiles/step.dir/C_/pico/pico-sdk/lib/tinyusb/src/common/tusb_fifo.c.obj
 .text._tu_fifo_peek
                0x10006b6e       0x50 CMakeFiles/step.dir/C_/pico/pico-sdk/lib/tinyusb/src/common/tusb_fifo.c.obj
 .text._ff_pull_const_addr
                0x10006bbe       0x4c CMakeFiles/step.dir/C_/pico/pico-sdk/lib/tinyusb/src/common/tusb_fifo.c.obj
 .text._ff_pull_n
                0x10006c0a      0x10c CMakeFiles/step.dir/C_/pico/pico-sdk/lib/tinyusb/src/common/tusb_fifo.c.obj
 .text._tu_fifo_peek_n
                0x10006d16       0x5e CMakeFiles/step.dir/C_/pico/pico-sdk/lib/tinyusb/src/common/tusb_fifo.c.obj
 .text._tu_fifo_read_n
                0x10006d74       0x4e CMakeFiles/step.dir/C_/pico/pico-sdk/lib/tinyusb/src/common/tusb_fifo.c.obj
 .text._ff_push_const_addr
                0x10006dc2       0x40 CMakeFiles/step.dir/C_/pico/pico-sdk/lib/tinyusb/src/common/tusb_fifo.c.obj
 .text._ff_push_n
                0x10006e02      0x108 CMakeFiles/step.dir/C_/pico/pico-sdk/lib/tinyusb/src/common/tusb_fifo.c.obj
 .text._tu_fifo_write_n
                0x10006f0a       0x9e CMakeFiles/step.dir/C_/pico/pico-sdk/lib/tinyusb/src/common/tusb_fifo.c.obj
 .text.tu_fifo_config
                0x10006fa8       0x72 CMakeFiles/step.dir/C_/pico/pico-sdk/lib/tinyusb/src/common/tusb_fifo.c.obj
                0x10006fa8                tu_fifo_config
 .text.tu_fifo_count
                0x1000701a       0x26 CMakeFiles/step.dir/C_/pico/pico-sdk/lib/tinyusb/src/common/tusb_fifo.c.obj
                0x1000701a                tu_fifo_count
 .text.tu_fifo_empty
                0x10007040       0x10 CMakeFiles/step.dir/C_/pico/pico-sdk/lib/tinyusb/src/common/tusb_fifo.c.obj
                0x10007040                tu_fifo_empty
 .text.tu_fifo_remaining
                0x10007050       0x20 CMakeFiles/step.dir/C_/pico/pico-sdk/lib/tinyusb/src/common/tusb_fifo.c.obj
                0x10007050                tu_fifo_remaining
 .text.tu_fifo_read
                0x10007070       0x42 CMakeFiles/step.dir/C_/pico/pico-sdk/lib/tinyusb/src/common/tusb_fifo.c.obj
                0x10007070                tu_fifo_read
 .text.tu_fifo_read_n
                0x100070b2        0xa CMakeFiles/step.dir/C_/pico/pico-sdk/lib/tinyusb/src/common/tusb_fifo.c.obj
                0x100070b2                tu_fifo_read_n
 .text.tu_fifo_write
                0x100070bc       0x6c CMakeFiles/step.dir/C_/pico/pico-sdk/lib/tinyusb/src/common/tusb_fifo.c.obj
                0x100070bc                tu_fifo_write
 .text.tu_fifo_write_n
                0x10007128        0xa CMakeFiles/step.dir/C_/pico/pico-sdk/lib/tinyusb/src/common/tusb_fifo.c.obj
                0x10007128                tu_fifo_write_n
 .text.tu_fifo_clear
                0x10007132       0x4c CMakeFiles/step.dir/C_/pico/pico-sdk/lib/tinyusb/src/common/tusb_fifo.c.obj
                0x10007132                tu_fifo_clear
 .text.tu_fifo_set_overwritable
                0x1000717e       0x3c CMakeFiles/step.dir/C_/pico/pico-sdk/lib/tinyusb/src/common/tusb_fifo.c.obj
                0x1000717e                tu_fifo_set_overwritable
 *fill*         0x100071ba        0x2 
 .text._retrieve_unique_id_on_boot
                0x100071bc       0x10 CMakeFiles/step.dir/C_/pico/pico-sdk/src/rp2_common/pico_unique_id/unique_id.c.obj
 .text.pico_get_unique_board_id_string
                0x100071cc       0x60 CMakeFiles/step.dir/C_/pico/pico-sdk/src/rp2_common/pico_unique_id/unique_id.c.obj
                0x100071cc                pico_get_unique_board_id_string
 .text.flash_get_unique_id
                0x1000722c       0x46 CMakeFiles/step.dir/C_/pico/pico-sdk/src/rp2_common/hardware_flash/flash.c.obj
                0x1000722c                flash_get_unique_id
 *fill*         0x10007272        0x2 
 .text.strlen   0x10007274       0x5c c:/progra~2/gnuarm~1/102021~1.07/bin/../lib/gcc/arm-none-eabi/10.3.1/../../../../arm-none-eabi/lib/thumb/v6-m/nofp\libg.a(lib_a-strlen-stub.o)
                0x10007274                strlen
 *(.fini)
 .fini          0x100072d0        0x4 c:/progra~2/gnuarm~1/102021~1.07/bin/../lib/gcc/arm-none-eabi/10.3.1/thumb/v6-m/nofp/crti.o
                0x100072d0                _fini
 *fill*         0x100072d4        0x4 
 .fini.__stub   0x100072d8       0x70 linker stubs
 *crtbegin.o(.ctors)
 *crtbegin?.o(.ctors)
 *(EXCLUDE_FILE(*crtend.o *crtend?.o) .ctors)
 *(SORT_BY_NAME(.ctors.*))
 *(.ctors)
 *crtbegin.o(.dtors)
 *crtbegin?.o(.dtors)
 *(EXCLUDE_FILE(*crtend.o *crtend?.o) .dtors)
 *(SORT_BY_NAME(.dtors.*))
 *(.dtors)
 *(.eh_frame*)
 .eh_frame      0x10007348        0x0 c:/progra~2/gnuarm~1/102021~1.07/bin/../lib/gcc/arm-none-eabi/10.3.1/thumb/v6-m/nofp/crtbegin.o
                0x10007348                . = ALIGN (0x4)

.glue_7         0x10007348        0x0
 .glue_7        0x10007348        0x0 linker stubs

.glue_7t        0x10007348        0x0
 .glue_7t       0x10007348        0x0 linker stubs

.vfp11_veneer   0x10007348        0x0
 .vfp11_veneer  0x10007348        0x0 linker stubs

.v4_bx          0x10007348        0x0
 .v4_bx         0x10007348        0x0 linker stubs

.iplt           0x10007348        0x0
 .iplt          0x10007348        0x0 c:/progra~2/gnuarm~1/102021~1.07/bin/../lib/gcc/arm-none-eabi/10.3.1/thumb/v6-m/nofp/crtbegin.o

.rodata         0x10007348     0x1588
 *(EXCLUDE_FILE(*libm.a: *libc.a:*lib_a-mem*.o *libgcc.a:) .rodata*)
 .rodata.spin_lock_claim_unused.str1.4
                0x10007348       0x1b CMakeFiles/step.dir/C_/pico/pico-sdk/src/rp2_common/hardware_sync/sync.c.obj
 *fill*         0x10007363        0x1 
 .rodata.repeating_timer_callback.str1.4
                0x10007364       0x41 CMakeFiles/step.dir/C_/pico/pico-sdk/src/common/pico_time/time.c.obj
 *fill*         0x100073a5        0x3 
 .rodata.alarm_pool_dump_key.str1.4
                0x100073a8       0x33 CMakeFiles/step.dir/C_/pico/pico-sdk/src/common/pico_time/time.c.obj
 *fill*         0x100073db        0x1 
 .rodata.ph_add_child_node.str1.4
                0x100073dc       0x8a CMakeFiles/step.dir/C_/pico/pico-sdk/src/common/pico_time/time.c.obj
 *fill*         0x10007466        0x2 
 .rodata.add_alarm_under_lock.str1.4
                0x10007468       0x28 CMakeFiles/step.dir/C_/pico/pico-sdk/src/common/pico_time/time.c.obj
                                 0x2b (size before relaxing)
 .rodata.alarm_pool_alarm_callback.str1.4
                0x10007490       0xda CMakeFiles/step.dir/C_/pico/pico-sdk/src/common/pico_time/time.c.obj
 *fill*         0x1000756a        0x2 
 .rodata.alarm_pool_get_default.str1.4
                0x1000756c       0x21 CMakeFiles/step.dir/C_/pico/pico-sdk/src/common/pico_time/time.c.obj
 *fill*         0x1000758d        0x3 
 .rodata.alarm_pool_cancel_alarm.str1.4
                0x10007590       0x27 CMakeFiles/step.dir/C_/pico/pico-sdk/src/common/pico_time/time.c.obj
 *fill*         0x100075b7        0x1 
 .rodata.sleep_until.str1.4
                0x100075b8       0x4d CMakeFiles/step.dir/C_/pico/pico-sdk/src/common/pico_time/time.c.obj
 *fill*         0x10007605        0x3 
 .rodata.__func__.1
                0x10007608       0x18 CMakeFiles/step.dir/C_/pico/pico-sdk/src/common/pico_time/time.c.obj
 .rodata.__func__.10
                0x10007620       0x15 CMakeFiles/step.dir/C_/pico/pico-sdk/src/common/pico_time/time.c.obj
 *fill*         0x10007635        0x3 
 .rodata.__func__.11
                0x10007638       0x1a CMakeFiles/step.dir/C_/pico/pico-sdk/src/common/pico_time/time.c.obj
 *fill*         0x10007652        0x2 
 .rodata.__func__.12
                0x10007654        0xa CMakeFiles/step.dir/C_/pico/pico-sdk/src/common/pico_time/time.c.obj
 *fill*         0x1000765e        0x2 
 .rodata.__func__.3
                0x10007660       0x17 CMakeFiles/step.dir/C_/pico/pico-sdk/src/common/pico_time/time.c.obj
 *fill*         0x10007677        0x1 
 .rodata.__func__.4
                0x10007678       0x12 CMakeFiles/step.dir/C_/pico/pico-sdk/src/common/pico_time/time.c.obj
 *fill*         0x1000768a        0x2 
 .rodata.__func__.5
                0x1000768c        0xd CMakeFiles/step.dir/C_/pico/pico-sdk/src/common/pico_time/time.c.obj
 *fill*         0x10007699        0x3 
 .rodata.__func__.6
                0x1000769c       0x12 CMakeFiles/step.dir/C_/pico/pico-sdk/src/common/pico_time/time.c.obj
 *fill*         0x100076ae        0x2 
 .rodata.__func__.7
                0x100076b0        0xf CMakeFiles/step.dir/C_/pico/pico-sdk/src/common/pico_time/time.c.obj
 *fill*         0x100076bf        0x1 
 .rodata.__func__.8
                0x100076c0        0xc CMakeFiles/step.dir/C_/pico/pico-sdk/src/common/pico_time/time.c.obj
 .rodata.__func__.9
                0x100076cc       0x15 CMakeFiles/step.dir/C_/pico/pico-sdk/src/common/pico_time/time.c.obj
 *fill*         0x100076e1        0x3 
 .rodata.hardware_alarm_claim.str1.4
                0x100076e4       0x22 CMakeFiles/step.dir/C_/pico/pico-sdk/src/rp2_common/hardware_timer/timer.c.obj
 *fill*         0x10007706        0x2 
 .rodata.hardware_alarm_set_target.str1.4
                0x10007708       0x5b CMakeFiles/step.dir/C_/pico/pico-sdk/src/rp2_common/hardware_timer/timer.c.obj
 *fill*         0x10007763        0x1 
 .rodata.__func__.0
                0x10007764       0x1a CMakeFiles/step.dir/C_/pico/pico-sdk/src/rp2_common/hardware_timer/timer.c.obj
 *fill*         0x1000777e        0x2 
 .rodata.str1.4
                0x10007780       0xa9 CMakeFiles/step.dir/C_/pico/pico-sdk/src/common/pico_sync/mutex.c.obj
                                0x101 (size before relaxing)
 *fill*         0x10007829        0x3 
 .rodata.__func__.0
                0x1000782c        0xb CMakeFiles/step.dir/C_/pico/pico-sdk/src/common/pico_sync/mutex.c.obj
 *fill*         0x10007837        0x1 
 .rodata.__func__.1
                0x10007838       0x18 CMakeFiles/step.dir/C_/pico/pico-sdk/src/common/pico_sync/mutex.c.obj
 .rodata.__func__.2
                0x10007850       0x15 CMakeFiles/step.dir/C_/pico/pico-sdk/src/common/pico_sync/mutex.c.obj
 *fill*         0x10007865        0x3 
 .rodata.__func__.3
                0x10007868       0x15 CMakeFiles/step.dir/C_/pico/pico-sdk/src/common/pico_sync/mutex.c.obj
 .rodata.ph_add_child_node.str1.4
                0x1000787d       0x8a CMakeFiles/step.dir/C_/pico/pico-sdk/src/common/pico_util/pheap.c.obj
 *fill*         0x1000787d        0x3 
 .rodata.ph_remove_any_head.str1.4
                0x10007880       0x84 CMakeFiles/step.dir/C_/pico/pico-sdk/src/common/pico_util/pheap.c.obj
 .rodata.ph_remove_and_free_node.str1.4
                0x10007904       0x26 CMakeFiles/step.dir/C_/pico/pico-sdk/src/common/pico_util/pheap.c.obj
 *fill*         0x1000792a        0x2 
 .rodata.__func__.0
                0x1000792c       0x18 CMakeFiles/step.dir/C_/pico/pico-sdk/src/common/pico_util/pheap.c.obj
 .rodata.__func__.1
                0x10007944       0x13 CMakeFiles/step.dir/C_/pico/pico-sdk/src/common/pico_util/pheap.c.obj
 *fill*         0x10007957        0x1 
 .rodata.__func__.2
                0x10007958       0x12 CMakeFiles/step.dir/C_/pico/pico-sdk/src/common/pico_util/pheap.c.obj
 *fill*         0x1000796a        0x2 
 .rodata.__func__.3
                0x1000796c        0xc CMakeFiles/step.dir/C_/pico/pico-sdk/src/common/pico_util/pheap.c.obj
 .rodata.__assert_func.str1.4
                0x10007978       0x3f CMakeFiles/step.dir/C_/pico/pico-sdk/src/rp2_common/pico_runtime/runtime.c.obj
                                 0x43 (size before relaxing)
 *fill*         0x100079b7        0x1 
 .rodata.panic.str1.4
                0x100079b8       0x12 CMakeFiles/step.dir/C_/pico/pico-sdk/src/rp2_common/pico_runtime/runtime.c.obj
 *fill*         0x100079ca        0x2 
 .rodata.clock_configure.str1.4
                0x100079cc       0x4d CMakeFiles/step.dir/C_/pico/pico-sdk/src/rp2_common/hardware_clocks/clocks.c.obj
 *fill*         0x10007a19        0x3 
 .rodata.__func__.1
                0x10007a1c       0x10 CMakeFiles/step.dir/C_/pico/pico-sdk/src/rp2_common/hardware_clocks/clocks.c.obj
 .rodata.make_branch.str1.4
                0x10007a2c       0x43 CMakeFiles/step.dir/C_/pico/pico-sdk/src/rp2_common/hardware_irq/irq.c.obj
 *fill*         0x10007a6f        0x1 
 .rodata.irq_set_exclusive_handler.str1.4
                0x10007a70       0x36 CMakeFiles/step.dir/C_/pico/pico-sdk/src/rp2_common/hardware_irq/irq.c.obj
 *fill*         0x10007aa6        0x2 
 .rodata.irq_add_shared_handler.str1.4
                0x10007aa8       0xd9 CMakeFiles/step.dir/C_/pico/pico-sdk/src/rp2_common/hardware_irq/irq.c.obj
 *fill*         0x10007b81        0x3 
 .rodata.irq_remove_handler.str1.4
                0x10007b84       0x2a CMakeFiles/step.dir/C_/pico/pico-sdk/src/rp2_common/hardware_irq/irq.c.obj
 *fill*         0x10007bae        0x2 
 .rodata.irq_add_tail_to_free_list.str1.4
                0x10007bb0       0x32 CMakeFiles/step.dir/C_/pico/pico-sdk/src/rp2_common/hardware_irq/irq.c.obj
                                 0x3a (size before relaxing)
 *fill*         0x10007be2        0x2 
 .rodata.__func__.0
                0x10007be4       0x1a CMakeFiles/step.dir/C_/pico/pico-sdk/src/rp2_common/hardware_irq/irq.c.obj
 *fill*         0x10007bfe        0x2 
 .rodata.__func__.1
                0x10007c00       0x17 CMakeFiles/step.dir/C_/pico/pico-sdk/src/rp2_common/hardware_irq/irq.c.obj
 *fill*         0x10007c17        0x1 
 .rodata.__func__.2
                0x10007c18       0x13 CMakeFiles/step.dir/C_/pico/pico-sdk/src/rp2_common/hardware_irq/irq.c.obj
 *fill*         0x10007c2b        0x1 
 .rodata.__func__.3
                0x10007c2c        0xc CMakeFiles/step.dir/C_/pico/pico-sdk/src/rp2_common/hardware_irq/irq.c.obj
 .rodata.__func__.4
                0x10007c38        0xf CMakeFiles/step.dir/C_/pico/pico-sdk/src/rp2_common/hardware_irq/irq.c.obj
 *fill*         0x10007c47        0x1 
 .rodata.__func__.6
                0x10007c48       0x1a CMakeFiles/step.dir/C_/pico/pico-sdk/src/rp2_common/hardware_irq/irq.c.obj
 *fill*         0x10007c62        0x2 
 .rodata.pll_init.str1.4
                0x10007c64       0xcf CMakeFiles/step.dir/C_/pico/pico-sdk/src/rp2_common/hardware_pll/pll.c.obj
 *fill*         0x10007d33        0x1 
 .rodata.__func__.0
                0x10007d34        0x9 CMakeFiles/step.dir/C_/pico/pico-sdk/src/rp2_common/hardware_pll/pll.c.obj
 *fill*         0x10007d3d        0x3 
 .rodata._ftoa.str1.4
                0x10007d40       0x15 CMakeFiles/step.dir/C_/pico/pico-sdk/src/rp2_common/pico_printf/printf.c.obj
 *fill*         0x10007d55        0x3 
 .rodata._vsnprintf
                0x10007d58      0x1e0 CMakeFiles/step.dir/C_/pico/pico-sdk/src/rp2_common/pico_printf/printf.c.obj
 .rodata.pow10.0
                0x10007f38       0x50 CMakeFiles/step.dir/C_/pico/pico-sdk/src/rp2_common/pico_printf/printf.c.obj
 .rodata.__aeabi_double_init.str1.4
                0x10007f88       0x9e CMakeFiles/step.dir/C_/pico/pico-sdk/src/rp2_common/pico_double/double_init_rom.c.obj
 *fill*         0x10008026        0x2 
 .rodata.__func__.0
                0x10008028       0x14 CMakeFiles/step.dir/C_/pico/pico-sdk/src/rp2_common/pico_double/double_init_rom.c.obj
 .rodata.__aeabi_float_init.str1.4
                0x1000803c       0x70 CMakeFiles/step.dir/C_/pico/pico-sdk/src/rp2_common/pico_float/float_init_rom.c.obj
                                 0x74 (size before relaxing)
 .rodata.__func__.0
                0x100080ac       0x13 CMakeFiles/step.dir/C_/pico/pico-sdk/src/rp2_common/pico_float/float_init_rom.c.obj
 *fill*         0x100080bf        0x1 
 .rodata.str1.4
                0x100080c0       0x3c CMakeFiles/step.dir/C_/pico/pico-sdk/src/rp2_common/pico_standard_link/binary_info.c.obj
 .rodata.__bi_44
                0x100080fc        0xc CMakeFiles/step.dir/C_/pico/pico-sdk/src/rp2_common/pico_standard_link/binary_info.c.obj
 .rodata.__bi_75
                0x10008108        0xc CMakeFiles/step.dir/C_/pico/pico-sdk/src/rp2_common/pico_standard_link/binary_info.c.obj
 .rodata.__bi_81
                0x10008114        0xc CMakeFiles/step.dir/C_/pico/pico-sdk/src/rp2_common/pico_standard_link/binary_info.c.obj
 .rodata.crlf_str.3
                0x10008120        0x2 CMakeFiles/step.dir/C_/pico/pico-sdk/src/rp2_common/pico_stdio/stdio.c.obj
 *fill*         0x10008122        0x2 
 .rodata._resetd_driver
                0x10008124       0x18 CMakeFiles/step.dir/C_/pico/pico-sdk/src/rp2_common/pico_stdio_usb/reset_interface.c.obj
 .rodata.stdio_usb_init.str1.4
                0x1000813c       0x57 CMakeFiles/step.dir/C_/pico/pico-sdk/src/rp2_common/pico_stdio_usb/stdio_usb.c.obj
 .rodata.str1.4
                0x1000813c       0x13 CMakeFiles/step.dir/C_/pico/pico-sdk/src/rp2_common/pico_stdio_usb/stdio_usb.c.obj
 *fill*         0x1000814f        0x1 
 .rodata.__bi_93.1
                0x10008150        0xc CMakeFiles/step.dir/C_/pico/pico-sdk/src/rp2_common/pico_stdio_usb/stdio_usb.c.obj
 .rodata.__func__.0
                0x1000815c       0x15 CMakeFiles/step.dir/C_/pico/pico-sdk/src/rp2_common/pico_stdio_usb/stdio_usb.c.obj
 *fill*         0x10008171        0x3 
 .rodata.str1.4
                0x10008174       0x2a CMakeFiles/step.dir/C_/pico/pico-sdk/src/rp2_common/pico_stdio_usb/stdio_usb_descriptors.c.obj
 *fill*         0x1000819e        0x2 
 .rodata.usbd_desc_cfg
                0x100081a0       0x54 CMakeFiles/step.dir/C_/pico/pico-sdk/src/rp2_common/pico_stdio_usb/stdio_usb_descriptors.c.obj
 .rodata.usbd_desc_device
                0x100081f4       0x12 CMakeFiles/step.dir/C_/pico/pico-sdk/src/rp2_common/pico_stdio_usb/stdio_usb_descriptors.c.obj
 *fill*         0x10008206        0x2 
 .rodata.usbd_desc_str
                0x10008208       0x18 CMakeFiles/step.dir/C_/pico/pico-sdk/src/rp2_common/pico_stdio_usb/stdio_usb_descriptors.c.obj
 .rodata._hw_endpoint_alloc.str1.4
                0x10008220       0xad CMakeFiles/step.dir/C_/pico/pico-sdk/lib/tinyusb/src/portable/raspberrypi/rp2040/dcd_rp2040.c.obj
 *fill*         0x100082cd        0x3 
 .rodata._hw_endpoint_init.str1.4
                0x100082d0       0x28 CMakeFiles/step.dir/C_/pico/pico-sdk/lib/tinyusb/src/portable/raspberrypi/rp2040/dcd_rp2040.c.obj
 .rodata.hw_handle_buff_status.str1.4
                0x100082f8        0xb CMakeFiles/step.dir/C_/pico/pico-sdk/lib/tinyusb/src/portable/raspberrypi/rp2040/dcd_rp2040.c.obj
 *fill*         0x10008303        0x1 
 .rodata.dcd_rp2040_irq.str1.4
                0x10008304       0x14 CMakeFiles/step.dir/C_/pico/pico-sdk/lib/tinyusb/src/portable/raspberrypi/rp2040/dcd_rp2040.c.obj
 .rodata._hw_endpoint_stall.str1.4
                0x10008318        0xd CMakeFiles/step.dir/C_/pico/pico-sdk/lib/tinyusb/src/portable/raspberrypi/rp2040/dcd_rp2040.c.obj
 *fill*         0x10008325        0x3 
 .rodata.dcd_int_enable.str1.4
                0x10008328        0xc CMakeFiles/step.dir/C_/pico/pico-sdk/lib/tinyusb/src/portable/raspberrypi/rp2040/dcd_rp2040.c.obj
 .rodata.__func__.0
                0x10008334       0x15 CMakeFiles/step.dir/C_/pico/pico-sdk/lib/tinyusb/src/portable/raspberrypi/rp2040/dcd_rp2040.c.obj
 *fill*         0x10008349        0x3 
 .rodata.__func__.1
                0x1000834c       0x13 CMakeFiles/step.dir/C_/pico/pico-sdk/lib/tinyusb/src/portable/raspberrypi/rp2040/dcd_rp2040.c.obj
 *fill*         0x1000835f        0x1 
 .rodata.__func__.11
                0x10008360        0xf CMakeFiles/step.dir/C_/pico/pico-sdk/lib/tinyusb/src/portable/raspberrypi/rp2040/dcd_rp2040.c.obj
 *fill*         0x1000836f        0x1 
 .rodata.__func__.12
                0x10008370       0x13 CMakeFiles/step.dir/C_/pico/pico-sdk/lib/tinyusb/src/portable/raspberrypi/rp2040/dcd_rp2040.c.obj
 *fill*         0x10008383        0x1 
 .rodata.__func__.13
                0x10008384       0x16 CMakeFiles/step.dir/C_/pico/pico-sdk/lib/tinyusb/src/portable/raspberrypi/rp2040/dcd_rp2040.c.obj
 *fill*         0x1000839a        0x2 
 .rodata.__func__.14
                0x1000839c        0x9 CMakeFiles/step.dir/C_/pico/pico-sdk/lib/tinyusb/src/portable/raspberrypi/rp2040/dcd_rp2040.c.obj
 *fill*         0x100083a5        0x3 
 .rodata.__func__.2
                0x100083a8        0xf CMakeFiles/step.dir/C_/pico/pico-sdk/lib/tinyusb/src/portable/raspberrypi/rp2040/dcd_rp2040.c.obj
 *fill*         0x100083b7        0x1 
 .rodata.__func__.3
                0x100083b8        0xe CMakeFiles/step.dir/C_/pico/pico-sdk/lib/tinyusb/src/portable/raspberrypi/rp2040/dcd_rp2040.c.obj
 *fill*         0x100083c6        0x2 
 .rodata.__func__.4
                0x100083c8        0xe CMakeFiles/step.dir/C_/pico/pico-sdk/lib/tinyusb/src/portable/raspberrypi/rp2040/dcd_rp2040.c.obj
 *fill*         0x100083d6        0x2 
 .rodata.__func__.5
                0x100083d8       0x1a CMakeFiles/step.dir/C_/pico/pico-sdk/lib/tinyusb/src/portable/raspberrypi/rp2040/dcd_rp2040.c.obj
 *fill*         0x100083f2        0x2 
 .rodata.__func__.6
                0x100083f4        0xc CMakeFiles/step.dir/C_/pico/pico-sdk/lib/tinyusb/src/portable/raspberrypi/rp2040/dcd_rp2040.c.obj
 .rodata.__func__.9
                0x10008400       0x10 CMakeFiles/step.dir/C_/pico/pico-sdk/lib/tinyusb/src/portable/raspberrypi/rp2040/dcd_rp2040.c.obj
 .rodata._hw_endpoint_buffer_control_update32.str1.4
                0x10008410       0x1f CMakeFiles/step.dir/C_/pico/pico-sdk/lib/tinyusb/src/portable/raspberrypi/rp2040/rp2040_usb.c.obj
 *fill*         0x1000842f        0x1 
 .rodata._hw_endpoint_xfer_sync.str1.4
                0x10008430       0x89 CMakeFiles/step.dir/C_/pico/pico-sdk/lib/tinyusb/src/portable/raspberrypi/rp2040/rp2040_usb.c.obj
 *fill*         0x100084b9        0x3 
 .rodata._hw_endpoint_xfer_continue.str1.4
                0x100084bc       0x50 CMakeFiles/step.dir/C_/pico/pico-sdk/lib/tinyusb/src/portable/raspberrypi/rp2040/rp2040_usb.c.obj
 .rodata._hw_endpoint_xfer.str1.4
                0x1000850c        0xf CMakeFiles/step.dir/C_/pico/pico-sdk/lib/tinyusb/src/portable/raspberrypi/rp2040/rp2040_usb.c.obj
 *fill*         0x1000851b        0x1 
 .rodata.str1.4
                0x1000851c        0x7 CMakeFiles/step.dir/C_/pico/pico-sdk/lib/tinyusb/src/portable/raspberrypi/rp2040/rp2040_usb.c.obj
 *fill*         0x10008523        0x1 
 .rodata.__func__.0
                0x10008524       0x12 CMakeFiles/step.dir/C_/pico/pico-sdk/lib/tinyusb/src/portable/raspberrypi/rp2040/rp2040_usb.c.obj
 *fill*         0x10008536        0x2 
 .rodata.__func__.1
                0x10008538       0x17 CMakeFiles/step.dir/C_/pico/pico-sdk/lib/tinyusb/src/portable/raspberrypi/rp2040/rp2040_usb.c.obj
 *fill*         0x1000854f        0x1 
 .rodata.process_set_config.str1.4
                0x10008550       0x17 CMakeFiles/step.dir/C_/pico/pico-sdk/lib/tinyusb/src/device/usbd.c.obj
 *fill*         0x10008567        0x1 
 .rodata.process_get_descriptor
                0x10008568       0x40 CMakeFiles/step.dir/C_/pico/pico-sdk/lib/tinyusb/src/device/usbd.c.obj
 .rodata.process_control_request
                0x100085a8       0x28 CMakeFiles/step.dir/C_/pico/pico-sdk/lib/tinyusb/src/device/usbd.c.obj
 .rodata.tud_task
                0x100085d0       0x24 CMakeFiles/step.dir/C_/pico/pico-sdk/lib/tinyusb/src/device/usbd.c.obj
 .rodata.__func__.2
                0x100085f4        0xf CMakeFiles/step.dir/C_/pico/pico-sdk/lib/tinyusb/src/device/usbd.c.obj
 *fill*         0x10008603        0x1 
 .rodata.__func__.3
                0x10008604        0xf CMakeFiles/step.dir/C_/pico/pico-sdk/lib/tinyusb/src/device/usbd.c.obj
 *fill*         0x10008613        0x1 
 .rodata.__func__.4
                0x10008614       0x14 CMakeFiles/step.dir/C_/pico/pico-sdk/lib/tinyusb/src/device/usbd.c.obj
 .rodata.__func__.5
                0x10008628       0x10 CMakeFiles/step.dir/C_/pico/pico-sdk/lib/tinyusb/src/device/usbd.c.obj
 .rodata.__func__.6
                0x10008638       0x17 CMakeFiles/step.dir/C_/pico/pico-sdk/lib/tinyusb/src/device/usbd.c.obj
 *fill*         0x1000864f        0x1 
 .rodata.__func__.7
                0x10008650       0x13 CMakeFiles/step.dir/C_/pico/pico-sdk/lib/tinyusb/src/device/usbd.c.obj
 *fill*         0x10008663        0x1 
 .rodata.__func__.8
                0x10008664       0x18 CMakeFiles/step.dir/C_/pico/pico-sdk/lib/tinyusb/src/device/usbd.c.obj
 .rodata.__func__.9
                0x1000867c        0x9 CMakeFiles/step.dir/C_/pico/pico-sdk/lib/tinyusb/src/device/usbd.c.obj
 *fill*         0x10008685        0x3 
 .rodata._usbd_driver
                0x10008688       0x18 CMakeFiles/step.dir/C_/pico/pico-sdk/lib/tinyusb/src/device/usbd.c.obj
 .rodata.tud_control_xfer.str1.4
                0x100086a0       0x17 CMakeFiles/step.dir/C_/pico/pico-sdk/lib/tinyusb/src/device/usbd_control.c.obj
 .rodata.__func__.0
                0x100086a0       0x15 CMakeFiles/step.dir/C_/pico/pico-sdk/lib/tinyusb/src/device/usbd_control.c.obj
 *fill*         0x100086b5        0x3 
 .rodata.__func__.1
                0x100086b8       0x11 CMakeFiles/step.dir/C_/pico/pico-sdk/lib/tinyusb/src/device/usbd_control.c.obj
 .rodata.tud_cdc_n_write_flush.str1.4
                0x100086c9       0x17 CMakeFiles/step.dir/C_/pico/pico-sdk/lib/tinyusb/src/class/cdc/cdc_device.c.obj
 *fill*         0x100086c9        0x3 
 .rodata.__func__.0
                0x100086cc        0xd CMakeFiles/step.dir/C_/pico/pico-sdk/lib/tinyusb/src/class/cdc/cdc_device.c.obj
 *fill*         0x100086d9        0x3 
 .rodata.__func__.1
                0x100086dc        0xa CMakeFiles/step.dir/C_/pico/pico-sdk/lib/tinyusb/src/class/cdc/cdc_device.c.obj
 *fill*         0x100086e6        0x2 
 .rodata.__func__.2
                0x100086e8       0x16 CMakeFiles/step.dir/C_/pico/pico-sdk/lib/tinyusb/src/class/cdc/cdc_device.c.obj
 .rodata.tusb_init.str1.4
                0x100086fe       0x17 CMakeFiles/step.dir/C_/pico/pico-sdk/lib/tinyusb/src/tusb.c.obj
 *fill*         0x100086fe        0x2 
 .rodata.__func__.0
                0x10008700        0xa CMakeFiles/step.dir/C_/pico/pico-sdk/lib/tinyusb/src/tusb.c.obj
 *fill*         0x1000870a        0x2 
 .rodata.pico_get_unique_board_id_string.str1.4
                0x1000870c       0x43 CMakeFiles/step.dir/C_/pico/pico-sdk/src/rp2_common/pico_unique_id/unique_id.c.obj
 *fill*         0x1000874f        0x1 
 .rodata.__func__.0
                0x10008750       0x20 CMakeFiles/step.dir/C_/pico/pico-sdk/src/rp2_common/pico_unique_id/unique_id.c.obj
 .rodata.str1.4
                0x10008770      0x14e CMakeFiles/step.dir/C_/pico/pico-sdk/src/rp2_common/hardware_flash/flash.c.obj
 *fill*         0x100088be        0x2 
 .rodata.__func__.0
                0x100088c0        0xd CMakeFiles/step.dir/C_/pico/pico-sdk/src/rp2_common/hardware_flash/flash.c.obj
                0x100088d0                . = ALIGN (0x4)
 *fill*         0x100088cd        0x3 
 *(SORT_BY_ALIGNMENT(SORT_BY_NAME(.flashdata*)))
                0x100088d0                . = ALIGN (0x4)

.rel.dyn        0x100088d0        0x0
 .rel.iplt      0x100088d0        0x0 c:/progra~2/gnuarm~1/102021~1.07/bin/../lib/gcc/arm-none-eabi/10.3.1/thumb/v6-m/nofp/crtbegin.o

.ARM.extab
 *(.ARM.extab* .gnu.linkonce.armextab.*)
                0x100088d0                __exidx_start = .

.ARM.exidx
 *(.ARM.exidx* .gnu.linkonce.armexidx.*)
                0x100088d0                __exidx_end = .
                0x100088d0                . = ALIGN (0x4)
                0x100088d0                __binary_info_start = .

.binary_info    0x100088d0       0x20
 *(.binary_info.keep.*)
 .binary_info.keep.__bi_ptr22
                0x100088d0        0x4 CMakeFiles/step.dir/C_/pico/pico-sdk/src/rp2_common/pico_standard_link/binary_info.c.obj
 .binary_info.keep.__bi_ptr30
                0x100088d4        0x4 CMakeFiles/step.dir/C_/pico/pico-sdk/src/rp2_common/pico_standard_link/binary_info.c.obj
 .binary_info.keep.__bi_ptr38
                0x100088d8        0x4 CMakeFiles/step.dir/C_/pico/pico-sdk/src/rp2_common/pico_standard_link/binary_info.c.obj
 .binary_info.keep.__bi_ptr44
                0x100088dc        0x4 CMakeFiles/step.dir/C_/pico/pico-sdk/src/rp2_common/pico_standard_link/binary_info.c.obj
 .binary_info.keep.__bi_ptr50
                0x100088e0        0x4 CMakeFiles/step.dir/C_/pico/pico-sdk/src/rp2_common/pico_standard_link/binary_info.c.obj
 .binary_info.keep.__bi_ptr75
                0x100088e4        0x4 CMakeFiles/step.dir/C_/pico/pico-sdk/src/rp2_common/pico_standard_link/binary_info.c.obj
 .binary_info.keep.__bi_ptr81
                0x100088e8        0x4 CMakeFiles/step.dir/C_/pico/pico-sdk/src/rp2_common/pico_standard_link/binary_info.c.obj
 *(.binary_info.*)
 .binary_info.__bi_ptr93
                0x100088ec        0x4 CMakeFiles/step.dir/C_/pico/pico-sdk/src/rp2_common/pico_stdio_usb/stdio_usb.c.obj
                0x100088f0                __binary_info_end = .
                0x100088f0                . = ALIGN (0x4)
                0x100088f0                __etext = .

.ram_vector_table
                0x20000000       0xc0
 *(.ram_vector_table)
 .ram_vector_table
                0x20000000       0xc0 CMakeFiles/step.dir/C_/pico/pico-sdk/src/rp2_common/pico_runtime/runtime.c.obj
                0x20000000                ram_vector_table

.data           0x200000c0      0x514 load address 0x100088f0
                0x200000c0                __data_start__ = .
 *(vtable)
 *(.time_critical*)
 .time_critical.mutex_enter_blocking
                0x200000c0       0x94 CMakeFiles/step.dir/C_/pico/pico-sdk/src/common/pico_sync/mutex.c.obj
                0x200000c0                mutex_enter_blocking
 .time_critical.mutex_try_enter
                0x20000154       0x5a CMakeFiles/step.dir/C_/pico/pico-sdk/src/common/pico_sync/mutex.c.obj
                0x20000154                mutex_try_enter
 *fill*         0x200001ae        0x2 
 .time_critical.mutex_enter_block_until
                0x200001b0       0x8c CMakeFiles/step.dir/C_/pico/pico-sdk/src/common/pico_sync/mutex.c.obj
                0x200001b0                mutex_enter_block_until
 .time_critical.mutex_enter_timeout_ms
                0x2000023c       0x74 CMakeFiles/step.dir/C_/pico/pico-sdk/src/common/pico_sync/mutex.c.obj
                0x2000023c                mutex_enter_timeout_ms
 .time_critical.mutex_exit
                0x200002b0       0x94 CMakeFiles/step.dir/C_/pico/pico-sdk/src/common/pico_sync/mutex.c.obj
                0x200002b0                mutex_exit
 .time_critical.flash_init_boot2_copyout
                0x20000344       0x30 CMakeFiles/step.dir/C_/pico/pico-sdk/src/rp2_common/hardware_flash/flash.c.obj
 .time_critical.flash_enable_xip_via_boot2
                0x20000374       0x10 CMakeFiles/step.dir/C_/pico/pico-sdk/src/rp2_common/hardware_flash/flash.c.obj
 .time_critical.flash_cs_force
                0x20000384       0x28 CMakeFiles/step.dir/C_/pico/pico-sdk/src/rp2_common/hardware_flash/flash.c.obj
 .time_critical.flash_do_cmd
                0x200003ac       0xc0 CMakeFiles/step.dir/C_/pico/pico-sdk/src/rp2_common/hardware_flash/flash.c.obj
                0x200003ac                flash_do_cmd
 *(.text*)
 .text          0x2000046c        0x4 c:/progra~2/gnuarm~1/102021~1.07/bin/../lib/gcc/arm-none-eabi/10.3.1/thumb/v6-m/nofp\libgcc.a(_dvmd_tls.o)
                0x2000046c                __aeabi_idiv0
                0x2000046c                __aeabi_ldiv0
 .text.__stub   0x20000470       0x50 linker stubs
                0x200004c0                . = ALIGN (0x4)
 *(.rodata*)
                0x200004c0                . = ALIGN (0x4)
 *(.data*)
 .data.DIR_PIN  0x200004c0       0x10 CMakeFiles/step.dir/main.cpp.obj
                0x200004c0                DIR_PIN
 .data.striped_spin_lock_num
                0x200004d0        0x1 CMakeFiles/step.dir/C_/pico/pico-sdk/src/rp2_common/hardware_sync/sync.c.obj
 *fill*         0x200004d1        0x3 
 .data.default_alarm_pool
                0x200004d4       0x18 CMakeFiles/step.dir/C_/pico/pico-sdk/src/common/pico_time/time.c.obj
 .data.default_alarm_pool_heap
                0x200004ec       0x10 CMakeFiles/step.dir/C_/pico/pico-sdk/src/common/pico_time/time.c.obj
 .data          0x200004fc       0x48 CMakeFiles/step.dir/C_/pico/pico-sdk/src/rp2_common/hardware_irq/irq_handler_chain.S.obj
                0x200004fc                irq_handler_chain_slots
                0x2000052c                irq_handler_chain_first_slot
                0x20000536                irq_handler_chain_remove_tail
 *fill*         0x20000544        0xc 
 .data.aeabi_bits_funcs
                0x20000550       0x10 CMakeFiles/step.dir/C_/pico/pico-sdk/src/rp2_common/pico_bit_ops/bit_ops_aeabi.S.obj
                0x20000550                aeabi_bits_funcs
                0x20000560                aeabi_bits_funcs_end
 .data.aeabi_mem_funcs
                0x20000560       0x10 CMakeFiles/step.dir/C_/pico/pico-sdk/src/rp2_common/pico_mem_ops/mem_ops_aeabi.S.obj
                0x20000560                aeabi_mem_funcs
                0x20000570                aeabi_mem_funcs_end
 .data.stdio_usb
                0x20000570       0x14 CMakeFiles/step.dir/C_/pico/pico-sdk/src/rp2_common/pico_stdio_usb/stdio_usb.c.obj
                0x20000570                stdio_usb
 .data.ep_dir_string
                0x20000584        0x8 CMakeFiles/step.dir/C_/pico/pico-sdk/lib/tinyusb/src/portable/raspberrypi/rp2040/rp2040_usb.c.obj
                0x20000584                ep_dir_string
 .data._usbd_qdef
                0x2000058c       0x24 CMakeFiles/step.dir/C_/pico/pico-sdk/lib/tinyusb/src/device/usbd.c.obj
                0x2000058c                _usbd_qdef
                0x200005b0                . = ALIGN (0x4)
 *(.after_data.*)
                0x200005b0                . = ALIGN (0x4)
                0x200005b0                PROVIDE (__mutex_array_start = .)
 *(SORT_BY_NAME(.mutex_array.*))
 *(.mutex_array)
 .mutex_array   0x200005b0        0x8 CMakeFiles/step.dir/C_/pico/pico-sdk/src/rp2_common/pico_stdio/stdio.c.obj
                0x200005b8                PROVIDE (__mutex_array_end = .)
                0x200005b8                . = ALIGN (0x4)
                0x200005b8                PROVIDE (__preinit_array_start = .)
 *(SORT_BY_NAME(.preinit_array.*))
 .preinit_array.00001
                0x200005b8        0x4 CMakeFiles/step.dir/C_/pico/pico-sdk/src/rp2_common/pico_mem_ops/mem_ops_aeabi.S.obj
 .preinit_array.00010
                0x200005bc        0x4 CMakeFiles/step.dir/C_/pico/pico-sdk/src/rp2_common/pico_bit_ops/bit_ops_aeabi.S.obj
 .preinit_array.00020
                0x200005c0        0x4 CMakeFiles/step.dir/C_/pico/pico-sdk/src/rp2_common/pico_double/double_aeabi.S.obj
 .preinit_array.00020
                0x200005c4        0x4 CMakeFiles/step.dir/C_/pico/pico-sdk/src/rp2_common/pico_float/float_aeabi.S.obj
 *(.preinit_array)
                0x200005c8                PROVIDE (__preinit_array_end = .)
                0x200005c8                . = ALIGN (0x4)
                0x200005c8                PROVIDE (__init_array_start = .)
 *(SORT_BY_NAME(.init_array.*))
 *(.init_array)
 .init_array    0x200005c8        0x4 c:/progra~2/gnuarm~1/102021~1.07/bin/../lib/gcc/arm-none-eabi/10.3.1/thumb/v6-m/nofp/crtbegin.o
 .init_array    0x200005cc        0x4 CMakeFiles/step.dir/main.cpp.obj
 .init_array    0x200005d0        0x4 CMakeFiles/step.dir/C_/pico/pico-sdk/src/rp2_common/pico_unique_id/unique_id.c.obj
                0x200005d4                PROVIDE (__init_array_end = .)
                0x200005d4                . = ALIGN (0x4)
                [!provide]                PROVIDE (__fini_array_start = .)
 *(SORT_BY_NAME(.fini_array.*))
 *(.fini_array)
                [!provide]                PROVIDE (__fini_array_end = .)
 *(.jcr)
                0x200005d4                . = ALIGN (0x4)
                0x200005d4                __data_end__ = .

.igot.plt       0x200005d4        0x0 load address 0x10008e04
 .igot.plt      0x200005d4        0x0 c:/progra~2/gnuarm~1/102021~1.07/bin/../lib/gcc/arm-none-eabi/10.3.1/thumb/v6-m/nofp/crtbegin.o

.uninitialized_data
                0x200005d4        0x0 load address 0x10008e04
                0x200005d4                . = ALIGN (0x4)
 *(.uninitialized_data*)

.scratch_x      0x20040000        0x0 load address 0x10008e04
                0x20040000                __scratch_x_start__ = .
 *(.scratch_x.*)
                0x20040000                . = ALIGN (0x4)
                0x20040000                __scratch_x_end__ = .
                0x10008e04                __scratch_x_source__ = LOADADDR (.scratch_x)

.scratch_y      0x20041000        0x0 load address 0x10008e04
                0x20041000                __scratch_y_start__ = .
 *(.scratch_y.*)
                0x20041000                . = ALIGN (0x4)
                0x20041000                __scratch_y_end__ = .
                0x10008e04                __scratch_y_source__ = LOADADDR (.scratch_y)

.bss            0x200005d8      0xd90
                0x200005d8                . = ALIGN (0x4)
                0x200005d8                __bss_start__ = .
 *(SORT_BY_ALIGNMENT(SORT_BY_NAME(.bss*)))
 .bss.default_alarm_pool_entries
                0x200005d8      0x100 CMakeFiles/step.dir/C_/pico/pico-sdk/src/common/pico_time/time.c.obj
 .bss.last_avail_time.2
                0x200006d8        0x8 CMakeFiles/step.dir/C_/pico/pico-sdk/src/rp2_common/pico_stdio_usb/stdio_usb.c.obj
 .bss           0x200006e0       0x1c c:/progra~2/gnuarm~1/102021~1.07/bin/../lib/gcc/arm-none-eabi/10.3.1/thumb/v6-m/nofp/crtbegin.o
 .bss.PWMA      0x200006fc       0x18 CMakeFiles/step.dir/main.cpp.obj
                0x200006fc                PWMA
 .bss.PWMB      0x20000714       0x18 CMakeFiles/step.dir/main.cpp.obj
                0x20000714                PWMB
 .bss._app_driver
                0x2000072c        0x4 CMakeFiles/step.dir/C_/pico/pico-sdk/lib/tinyusb/src/device/usbd.c.obj
 .bss._cdcd_itf
                0x20000730      0x2d8 CMakeFiles/step.dir/C_/pico/pico-sdk/lib/tinyusb/src/class/cdc/cdc_device.c.obj
 .bss._ctrl_xfer
                0x20000a08       0x14 CMakeFiles/step.dir/C_/pico/pico-sdk/lib/tinyusb/src/device/usbd_control.c.obj
 .bss._ubsd_mutexdef
                0x20000a1c        0x8 CMakeFiles/step.dir/C_/pico/pico-sdk/lib/tinyusb/src/device/usbd.c.obj
 .bss._usbd_ctrl_buf
                0x20000a24       0x40 CMakeFiles/step.dir/C_/pico/pico-sdk/lib/tinyusb/src/device/usbd_control.c.obj
 .bss._usbd_dev
                0x20000a64       0x37 CMakeFiles/step.dir/C_/pico/pico-sdk/lib/tinyusb/src/device/usbd.c.obj
 *fill*         0x20000a9b        0x1 
 .bss._usbd_mutex
                0x20000a9c        0x4 CMakeFiles/step.dir/C_/pico/pico-sdk/lib/tinyusb/src/device/usbd.c.obj
 .bss._usbd_q   0x20000aa0        0x4 CMakeFiles/step.dir/C_/pico/pico-sdk/lib/tinyusb/src/device/usbd.c.obj
 .bss._usbd_qdef_buf
                0x20000aa4       0xc0 CMakeFiles/step.dir/C_/pico/pico-sdk/lib/tinyusb/src/device/usbd.c.obj
                0x20000aa4                _usbd_qdef_buf
 .bss.alarm_callbacks
                0x20000b64       0x10 CMakeFiles/step.dir/C_/pico/pico-sdk/src/rp2_common/hardware_timer/timer.c.obj
 .bss.boot2_copyout
                0x20000b74      0x100 CMakeFiles/step.dir/C_/pico/pico-sdk/src/rp2_common/hardware_flash/flash.c.obj
 .bss.claimed   0x20000c74        0x4 CMakeFiles/step.dir/C_/pico/pico-sdk/src/rp2_common/hardware_sync/sync.c.obj
 .bss.configured_freq
                0x20000c78       0x28 CMakeFiles/step.dir/C_/pico/pico-sdk/src/rp2_common/hardware_clocks/clocks.c.obj
 .bss.default_alarm_pool_entry_ids_high
                0x20000ca0       0x10 CMakeFiles/step.dir/C_/pico/pico-sdk/src/common/pico_time/time.c.obj
 .bss.default_alarm_pool_heap_nodes
                0x20000cb0       0x30 CMakeFiles/step.dir/C_/pico/pico-sdk/src/common/pico_time/time.c.obj
 .bss.desc_str.0
                0x20000ce0       0x28 CMakeFiles/step.dir/C_/pico/pico-sdk/src/rp2_common/pico_stdio_usb/stdio_usb_descriptors.c.obj
 .bss.drivers   0x20000d08        0x4 CMakeFiles/step.dir/C_/pico/pico-sdk/src/rp2_common/pico_stdio/stdio.c.obj
 .bss.filter    0x20000d0c        0x4 CMakeFiles/step.dir/C_/pico/pico-sdk/src/rp2_common/pico_stdio/stdio.c.obj
 .bss.hw_endpoints
                0x20000d10      0x400 CMakeFiles/step.dir/C_/pico/pico-sdk/lib/tinyusb/src/portable/raspberrypi/rp2040/dcd_rp2040.c.obj
 .bss.load_value
                0x20001110        0x4 CMakeFiles/step.dir/C_/pico/pico-sdk/src/rp2_common/hardware_watchdog/watchdog.c.obj
 .bss.next_buffer_ptr
                0x20001114        0x4 CMakeFiles/step.dir/C_/pico/pico-sdk/lib/tinyusb/src/portable/raspberrypi/rp2040/dcd_rp2040.c.obj
 .bss.pools     0x20001118       0x10 CMakeFiles/step.dir/C_/pico/pico-sdk/src/common/pico_time/time.c.obj
 .bss.retrieved_id
                0x20001128        0x8 CMakeFiles/step.dir/C_/pico/pico-sdk/src/rp2_common/pico_unique_id/unique_id.c.obj
 .bss.sd_table  0x20001130      0x100 CMakeFiles/step.dir/C_/pico/pico-sdk/src/rp2_common/pico_double/double_init_rom.c.obj
                0x20001130                sd_table
 .bss.sf_clz_func
                0x20001230        0x4 CMakeFiles/step.dir/C_/pico/pico-sdk/src/rp2_common/pico_float/float_init_rom.c.obj
                0x20001230                sf_clz_func
 .bss.sf_table  0x20001234      0x100 CMakeFiles/step.dir/C_/pico/pico-sdk/src/rp2_common/pico_float/float_init_rom.c.obj
                0x20001234                sf_table
 .bss.sleep_notifier
                0x20001334        0x4 CMakeFiles/step.dir/C_/pico/pico-sdk/src/common/pico_time/time.c.obj
 .bss.stdio_usb_mutex
                0x20001338        0x8 CMakeFiles/step.dir/C_/pico/pico-sdk/src/rp2_common/pico_stdio_usb/stdio_usb.c.obj
 .bss.target_hi
                0x20001340       0x10 CMakeFiles/step.dir/C_/pico/pico-sdk/src/rp2_common/hardware_timer/timer.c.obj
 .bss.usbd_serial_str
                0x20001350       0x11 CMakeFiles/step.dir/C_/pico/pico-sdk/src/rp2_common/pico_stdio_usb/stdio_usb_descriptors.c.obj
 .bss._app_driver_count
                0x20001361        0x1 CMakeFiles/step.dir/C_/pico/pico-sdk/lib/tinyusb/src/device/usbd.c.obj
 .bss._usbd_initialized
                0x20001362        0x1 CMakeFiles/step.dir/C_/pico/pico-sdk/lib/tinyusb/src/device/usbd.c.obj